#
# There is insufficient memory for the Java Runtime Environment to continue.
# Native memory allocation (malloc) failed to allocate 55376 bytes. Error detail: Chunk::new
# Possible reasons:
#   The system is out of physical RAM or swap space
#   This process is running with CompressedOops enabled, and the Java Heap may be blocking the growth of the native heap
# Possible solutions:
#   Reduce memory load on the system
#   Increase physical memory or swap space
#   Check if swap backing store is full
#   Decrease Java heap size (-Xmx/-Xms)
#   Decrease number of Java threads
#   Decrease Java thread stack sizes (-Xss)
#   Set larger code cache with -XX:ReservedCodeCacheSize=
#   JVM is running with Unscaled Compressed Oops mode in which the Java heap is
#     placed in the first 4GB address space. The Java Heap base address is the
#     maximum limit for the native heap growth. Please use -XX:HeapBaseMinAddress
#     to set the Java Heap base and to place the Java Heap above 4GB virtual address.
# This output file may be truncated or incomplete.
#
#  Out of Memory Error (arena.cpp:191), pid=11352, tid=14072
#
# JRE version: OpenJDK Runtime Environment Temurin-17.0.11+9 (17.0.11+9) (build 17.0.11+9)
# Java VM: OpenJDK 64-Bit Server VM Temurin-17.0.11+9 (17.0.11+9, mixed mode, tiered, compressed oops, compressed class ptrs, parallel gc, windows-amd64)
# No core dump will be written. Minidumps are not enabled by default on client versions of Windows
#

---------------  S U M M A R Y ------------

Command Line: --add-modules=ALL-SYSTEM --add-opens=java.base/java.util=ALL-UNNAMED --add-opens=java.base/java.lang=ALL-UNNAMED --add-opens=java.base/sun.nio.fs=ALL-UNNAMED -Declipse.application=org.eclipse.jdt.ls.core.id1 -Dosgi.bundles.defaultStartLevel=4 -Declipse.product=org.eclipse.jdt.ls.core.product -Djava.import.generatesMetadataFilesAtProjectRoot=false -DDetectVMInstallationsJob.disabled=true -Dfile.encoding=utf8 -XX:+UseParallelGC -XX:GCTimeRatio=4 -XX:AdaptiveSizePolicyWeight=90 -Dsun.zip.disableMemoryMapping=true -Xmx1G -Xms100m -Xlog:disable -javaagent:c:\Users\thinkpad\.vscode\extensions\redhat.java-1.32.0-win32-x64\lombok\lombok-1.18.33.jar c:\Users\thinkpad\.vscode\extensions\redhat.java-1.32.0-win32-x64\server\plugins\org.eclipse.equinox.launcher_1.6.900.v20240613-2009.jar -configuration c:\Users\thinkpad\AppData\Roaming\Code\User\globalStorage\redhat.java\1.32.0\config_ss_win -data c:\Users\thinkpad\AppData\Roaming\Code\User\workspaceStorage\51565181f65691b3f7f12234beb67880\redhat.java\ss_ws --pipe=\\.\pipe\lsp-fb34bb9e93a420e1fe863ac4bc996209-sock

Host: Intel(R) Core(TM) i5-1035G1 CPU @ 1.00GHz, 8 cores, 7G,  Windows 11 , 64 bit Build 22621 (10.0.22621.3672)
Time: Sun Jul  7 23:02:29 2024 Maroc (heure d64 bit Build 22621 (10.0.22621.3672) elapsed time: 5.443217 seconds (0d 0h 0m 5s)

---------------  T H R E A D  ---------------

Current thread (0x000001d4fde74c80):  JavaThread "C2 CompilerThread0" daemon [_thread_in_native, id=14072, stack(0x000000379fc00000,0x000000379fd00000)]


Current CompileTask:
C2:   5443 2737 %     4       sun.security.provider.SHA::implCompress0 @ 294 (506 bytes)

Stack: [0x000000379fc00000,0x000000379fd00000]
Native frames: (J=compiled Java code, j=interpreted, Vv=VM code, C=native code)
V  [jvm.dll+0x67d429]
V  [jvm.dll+0x834b7a]
V  [jvm.dll+0x83663e]
V  [jvm.dll+0x836ca3]
V  [jvm.dll+0x247dbf]
V  [jvm.dll+0xac534]
V  [jvm.dll+0xacb7c]
V  [jvm.dll+0x2af2cf]
V  [jvm.dll+0x5848b7]
V  [jvm.dll+0x222d82]
V  [jvm.dll+0x21bf3f]
V  [jvm.dll+0x2197a1]
V  [jvm.dll+0x1a534d]
V  [jvm.dll+0x2295cd]
V  [jvm.dll+0x22779c]
V  [jvm.dll+0x7e9d07]
V  [jvm.dll+0x7e410a]
V  [jvm.dll+0x67c315]
C  [ucrtbase.dll+0x29333]
C  [KERNEL32.DLL+0x1257d]
C  [ntdll.dll+0x5af28]


---------------  P R O C E S S  ---------------

Threads class SMR info:
_java_thread_list=0x000001d480166140, length=21, elements={
0x000001d4e4e7fe20, 0x000001d4f8d05010, 0x000001d4f8d07190, 0x000001d4fde6b330,
0x000001d4fde6bc00, 0x000001d4fde6f390, 0x000001d4fde71410, 0x000001d4fde74c80,
0x000001d4fdea8c80, 0x000001d4fdecd960, 0x000001d4fdfb4bb0, 0x000001d4feff91d0,
0x000001d480010040, 0x000001d4ff744820, 0x000001d4ff745510, 0x000001d480074ae0,
0x000001d4fe026060, 0x000001d4ff3cc830, 0x000001d4ff3cd250, 0x000001d4ff3ccd40,
0x000001d4813775c0
}

Java Threads: ( => current thread )
  0x000001d4e4e7fe20 JavaThread "main" [_thread_blocked, id=2920, stack(0x000000379f300000,0x000000379f400000)]
  0x000001d4f8d05010 JavaThread "Reference Handler" daemon [_thread_blocked, id=1960, stack(0x000000379f600000,0x000000379f700000)]
  0x000001d4f8d07190 JavaThread "Finalizer" daemon [_thread_blocked, id=7740, stack(0x000000379f700000,0x000000379f800000)]
  0x000001d4fde6b330 JavaThread "Signal Dispatcher" daemon [_thread_blocked, id=9484, stack(0x000000379f800000,0x000000379f900000)]
  0x000001d4fde6bc00 JavaThread "Attach Listener" daemon [_thread_blocked, id=3832, stack(0x000000379f900000,0x000000379fa00000)]
  0x000001d4fde6f390 JavaThread "Service Thread" daemon [_thread_blocked, id=1604, stack(0x000000379fa00000,0x000000379fb00000)]
  0x000001d4fde71410 JavaThread "Monitor Deflation Thread" daemon [_thread_blocked, id=2940, stack(0x000000379fb00000,0x000000379fc00000)]
=>0x000001d4fde74c80 JavaThread "C2 CompilerThread0" daemon [_thread_in_native, id=14072, stack(0x000000379fc00000,0x000000379fd00000)]
  0x000001d4fdea8c80 JavaThread "C1 CompilerThread0" daemon [_thread_blocked, id=8544, stack(0x000000379fd00000,0x000000379fe00000)]
  0x000001d4fdecd960 JavaThread "Sweeper thread" daemon [_thread_blocked, id=1964, stack(0x000000379fe00000,0x000000379ff00000)]
  0x000001d4fdfb4bb0 JavaThread "Common-Cleaner" daemon [_thread_blocked, id=10148, stack(0x000000379ff00000,0x00000037a0000000)]
  0x000001d4feff91d0 JavaThread "Notification Thread" daemon [_thread_blocked, id=14800, stack(0x00000037a0100000,0x00000037a0200000)]
  0x000001d480010040 JavaThread "Active Thread: Equinox Container: e773dae9-e621-4348-b748-004f66487bda" [_thread_blocked, id=12300, stack(0x00000037a0a00000,0x00000037a0b00000)]
  0x000001d4ff744820 JavaThread "Framework Event Dispatcher: Equinox Container: e773dae9-e621-4348-b748-004f66487bda" daemon [_thread_blocked, id=5240, stack(0x00000037a0b00000,0x00000037a0c00000)]
  0x000001d4ff745510 JavaThread "Start Level: Equinox Container: e773dae9-e621-4348-b748-004f66487bda" daemon [_thread_in_vm, id=4404, stack(0x00000037a0c00000,0x00000037a0d00000)]
  0x000001d480074ae0 JavaThread "SCR Component Actor" daemon [_thread_blocked, id=7516, stack(0x00000037a0d00000,0x00000037a0e00000)]
  0x000001d4fe026060 JavaThread "SCR Component Registry" daemon [_thread_blocked, id=7044, stack(0x00000037a0000000,0x00000037a0100000)]
  0x000001d4ff3cc830 JavaThread "Worker-JM" [_thread_blocked, id=14680, stack(0x00000037a0300000,0x00000037a0400000)]
  0x000001d4ff3cd250 JavaThread "Worker-0" [_thread_blocked, id=5476, stack(0x00000037a1000000,0x00000037a1100000)]
  0x000001d4ff3ccd40 JavaThread "Worker-1" [_thread_blocked, id=2968, stack(0x00000037a1100000,0x00000037a1200000)]
  0x000001d4813775c0 JavaThread "C2 CompilerThread1" daemon [_thread_in_native, id=4616, stack(0x00000037a0f00000,0x00000037a1000000)]

Other Threads:
  0x000001d4e4f267a0 VMThread "VM Thread" [stack: 0x000000379f500000,0x000000379f600000] [id=1920]
  0x000001d4ff008100 WatcherThread [stack: 0x00000037a0200000,0x00000037a0300000] [id=15156]
  0x000001d4e4e95190 GCTaskThread "GC Thread#0" [stack: 0x000000379f400000,0x000000379f500000] [id=1660]
  0x000001d480120300 GCTaskThread "GC Thread#1" [stack: 0x00000037a0400000,0x00000037a0500000] [id=14376]
  0x000001d4801209c0 GCTaskThread "GC Thread#2" [stack: 0x00000037a0500000,0x00000037a0600000] [id=8784]
  0x000001d480120c80 GCTaskThread "GC Thread#3" [stack: 0x00000037a0600000,0x00000037a0700000] [id=1800]
  0x000001d4ff476960 GCTaskThread "GC Thread#4" [stack: 0x00000037a0700000,0x00000037a0800000] [id=12916]
  0x000001d4ff46ac90 GCTaskThread "GC Thread#5" [stack: 0x00000037a0800000,0x00000037a0900000] [id=14380]
  0x000001d4ff46b210 GCTaskThread "GC Thread#6" [stack: 0x00000037a0900000,0x00000037a0a00000] [id=10564]
  0x000001d4ff46a9d0 GCTaskThread "GC Thread#7" [stack: 0x00000037a0e00000,0x00000037a0f00000] [id=10136]

Threads with active compile tasks:
C2 CompilerThread0     5475 2737 %     4       sun.security.provider.SHA::implCompress0 @ 294 (506 bytes)
C2 CompilerThread1     5475 2776       4       java.util.zip.ZipCoder$UTF8ZipCoder::toString (12 bytes)

VM state: not at safepoint (normal execution)

VM Mutex/Monitor currently owned by a thread: None

Heap address: 0x00000000c0000000, size: 1024 MB, Compressed Oops mode: 32-bit

CDS archive(s) not mapped
Compressed class space mapped at: 0x0000000100000000-0x0000000140000000, reserved size: 1073741824
Narrow klass base: 0x0000000000000000, Narrow klass shift: 3, Narrow klass range: 0x140000000

GC Precious Log:
 CPUs: 8 total, 8 available
 Memory: 7997M
 Large Page Support: Disabled
 NUMA Support: Disabled
 Compressed Oops: Enabled (32-bit)
 Alignments: Space 512K, Generation 512K, Heap 2M
 Heap Min Capacity: 100M
 Heap Initial Capacity: 100M
 Heap Max Capacity: 1G
 Pre-touch: Disabled
 Parallel Workers: 8

Heap:
 PSYoungGen      total 27648K, used 24847K [0x00000000eab00000, 0x00000000ec980000, 0x0000000100000000)
  eden space 24576K, 90% used [0x00000000eab00000,0x00000000ec0b3040,0x00000000ec300000)
  from space 3072K, 85% used [0x00000000ec680000,0x00000000ec910c48,0x00000000ec980000)
  to   space 3072K, 0% used [0x00000000ec380000,0x00000000ec380000,0x00000000ec680000)
 ParOldGen       total 68608K, used 9086K [0x00000000c0000000, 0x00000000c4300000, 0x00000000eab00000)
  object space 68608K, 13% used [0x00000000c0000000,0x00000000c08df8f0,0x00000000c4300000)
 Metaspace       used 29810K, committed 30336K, reserved 1114112K
  class space    used 2869K, committed 3072K, reserved 1048576K

Card table byte_map: [0x000001d4e4830000,0x000001d4e4a40000] _byte_map_base: 0x000001d4e4230000

Marking Bits: (ParMarkBitMap*) 0x00007ffb01e4d820
 Begin Bits: [0x000001d4f6b10000, 0x000001d4f7b10000)
 End Bits:   [0x000001d4f7b10000, 0x000001d4f8b10000)

Polling page: 0x000001d4e2e70000

Metaspace:

Usage:
  Non-class:     26.31 MB used.
      Class:      2.80 MB used.
       Both:     29.11 MB used.

Virtual space:
  Non-class space:       64.00 MB reserved,      26.62 MB ( 42%) committed,  1 nodes.
      Class space:        1.00 GB reserved,       3.00 MB ( <1%) committed,  1 nodes.
             Both:        1.06 GB reserved,      29.62 MB (  3%) committed. 

Chunk freelists:
   Non-Class:  4.47 MB
       Class:  13.02 MB
        Both:  17.49 MB

MaxMetaspaceSize: unlimited
CompressedClassSpaceSize: 1.00 GB
Initial GC threshold: 21.00 MB
Current GC threshold: 35.00 MB
CDS: off
MetaspaceReclaimPolicy: balanced
 - commit_granule_bytes: 65536.
 - commit_granule_words: 8192.
 - virtual_space_node_default_size: 8388608.
 - enlarge_chunks_in_place: 1.
 - new_chunks_are_fully_committed: 0.
 - uncommit_free_chunks: 1.
 - use_allocation_guard: 0.
 - handle_deallocations: 1.


Internal statistics:

num_allocs_failed_limit: 3.
num_arena_births: 304.
num_arena_deaths: 14.
num_vsnodes_births: 2.
num_vsnodes_deaths: 0.
num_space_committed: 474.
num_space_uncommitted: 0.
num_chunks_returned_to_freelist: 17.
num_chunks_taken_from_freelist: 1102.
num_chunk_merges: 4.
num_chunk_splits: 725.
num_chunks_enlarged: 514.
num_inconsistent_stats: 0.

CodeHeap 'non-profiled nmethods': size=120000Kb used=1277Kb max_used=1277Kb free=118723Kb
 bounds [0x000001d4ef5e0000, 0x000001d4ef850000, 0x000001d4f6b10000]
CodeHeap 'profiled nmethods': size=120000Kb used=5477Kb max_used=5477Kb free=114522Kb
 bounds [0x000001d4e7b10000, 0x000001d4e8070000, 0x000001d4ef040000]
CodeHeap 'non-nmethods': size=5760Kb used=1257Kb max_used=1295Kb free=4502Kb
 bounds [0x000001d4ef040000, 0x000001d4ef2b0000, 0x000001d4ef5e0000]
 total_blobs=3330 nmethods=2773 adapters=471
 compilation: enabled
              stopped_count=0, restarted_count=0
 full_count=0

Compilation events (20 events):
Event: 5.316 Thread 0x000001d4fdea8c80 2722       3       sun.security.provider.SHA::implCompress0 (506 bytes)
Event: 5.317 Thread 0x000001d4fdea8c80 nmethod 2722 0x000001d4e804c290 code [0x000001d4e804c4a0, 0x000001d4e804cea8]
Event: 5.317 Thread 0x000001d4fde74c80 2723       4       java.lang.StringCoding::hasNegatives (25 bytes)
Event: 5.322 Thread 0x000001d4fde74c80 nmethod 2723 0x000001d4ef71c490 code [0x000001d4ef71c600, 0x000001d4ef71c758]
Event: 5.376 Thread 0x000001d4fdea8c80 2724       1       java.util.concurrent.atomic.AtomicReference::set (6 bytes)
Event: 5.376 Thread 0x000001d4fdea8c80 nmethod 2724 0x000001d4ef71c810 code [0x000001d4ef71c9a0, 0x000001d4ef71ca78]
Event: 5.434 Thread 0x000001d4fdea8c80 2725       3       sun.security.provider.SHA::implCompress (13 bytes)
Event: 5.435 Thread 0x000001d4fdea8c80 nmethod 2725 0x000001d4e804d390 code [0x000001d4e804d580, 0x000001d4e804d9c8]
Event: 5.435 Thread 0x000001d4fdea8c80 2727       3       jdk.internal.misc.Unsafe::getLong (7 bytes)
Event: 5.435 Thread 0x000001d4fde74c80 2728       4       jdk.internal.misc.Unsafe::getIntUnaligned (12 bytes)
Event: 5.435 Thread 0x000001d4fdea8c80 nmethod 2727 0x000001d4e804db90 code [0x000001d4e804dd20, 0x000001d4e804de38]
Event: 5.435 Thread 0x000001d4fdea8c80 2726       3       sun.security.provider.SHA::implCompressCheck (27 bytes)
Event: 5.435 Thread 0x000001d4fdea8c80 nmethod 2726 0x000001d4e804df10 code [0x000001d4e804e0e0, 0x000001d4e804e498]
Event: 5.435 Thread 0x000001d4fdea8c80 2729       1       sun.nio.fs.WindowsPath::toString (5 bytes)
Event: 5.436 Thread 0x000001d4fdea8c80 nmethod 2729 0x000001d4ef71cb10 code [0x000001d4ef71cca0, 0x000001d4ef71cd78]
Event: 5.436 Thread 0x000001d4fdea8c80 2731       3       sun.nio.fs.WindowsPath::<init> (26 bytes)
Event: 5.436 Thread 0x000001d4fde74c80 nmethod 2728 0x000001d4ef71ce10 code [0x000001d4ef71cf80, 0x000001d4ef71d018]
Event: 5.436 Thread 0x000001d4fdea8c80 nmethod 2731 0x000001d4e804e610 code [0x000001d4e804e7a0, 0x000001d4e804e958]
Event: 5.436 Thread 0x000001d4fdea8c80 2730       3       sun.nio.fs.WindowsPathParser::parse (384 bytes)
Event: 5.437 Thread 0x000001d4fde74c80 2737 %     4       sun.security.provider.SHA::implCompress0 @ 294 (506 bytes)

GC Heap History (14 events):
Event: 1.698 GC heap before
{Heap before GC invocations=1 (full 0):
 PSYoungGen      total 29696K, used 25600K [0x00000000eab00000, 0x00000000ecc00000, 0x0000000100000000)
  eden space 25600K, 100% used [0x00000000eab00000,0x00000000ec400000,0x00000000ec400000)
  from space 4096K, 0% used [0x00000000ec800000,0x00000000ec800000,0x00000000ecc00000)
  to   space 4096K, 0% used [0x00000000ec400000,0x00000000ec400000,0x00000000ec800000)
 ParOldGen       total 68608K, used 0K [0x00000000c0000000, 0x00000000c4300000, 0x00000000eab00000)
  object space 68608K, 0% used [0x00000000c0000000,0x00000000c0000000,0x00000000c4300000)
 Metaspace       used 10963K, committed 11136K, reserved 1114112K
  class space    used 1092K, committed 1216K, reserved 1048576K
}
Event: 1.708 GC heap after
{Heap after GC invocations=1 (full 0):
 PSYoungGen      total 29696K, used 3133K [0x00000000eab00000, 0x00000000ecc00000, 0x0000000100000000)
  eden space 25600K, 0% used [0x00000000eab00000,0x00000000eab00000,0x00000000ec400000)
  from space 4096K, 76% used [0x00000000ec400000,0x00000000ec70f700,0x00000000ec800000)
  to   space 4096K, 0% used [0x00000000ec800000,0x00000000ec800000,0x00000000ecc00000)
 ParOldGen       total 68608K, used 16K [0x00000000c0000000, 0x00000000c4300000, 0x00000000eab00000)
  object space 68608K, 0% used [0x00000000c0000000,0x00000000c0004000,0x00000000c4300000)
 Metaspace       used 10963K, committed 11136K, reserved 1114112K
  class space    used 1092K, committed 1216K, reserved 1048576K
}
Event: 2.685 GC heap before
{Heap before GC invocations=2 (full 0):
 PSYoungGen      total 29696K, used 28733K [0x00000000eab00000, 0x00000000ecc00000, 0x0000000100000000)
  eden space 25600K, 100% used [0x00000000eab00000,0x00000000ec400000,0x00000000ec400000)
  from space 4096K, 76% used [0x00000000ec400000,0x00000000ec70f700,0x00000000ec800000)
  to   space 4096K, 0% used [0x00000000ec800000,0x00000000ec800000,0x00000000ecc00000)
 ParOldGen       total 68608K, used 16K [0x00000000c0000000, 0x00000000c4300000, 0x00000000eab00000)
  object space 68608K, 0% used [0x00000000c0000000,0x00000000c0004000,0x00000000c4300000)
 Metaspace       used 14725K, committed 14976K, reserved 1114112K
  class space    used 1491K, committed 1600K, reserved 1048576K
}
Event: 2.693 GC heap after
{Heap after GC invocations=2 (full 0):
 PSYoungGen      total 29696K, used 4090K [0x00000000eab00000, 0x00000000ecc00000, 0x0000000100000000)
  eden space 25600K, 0% used [0x00000000eab00000,0x00000000eab00000,0x00000000ec400000)
  from space 4096K, 99% used [0x00000000ec800000,0x00000000ecbfeab0,0x00000000ecc00000)
  to   space 4096K, 0% used [0x00000000ec400000,0x00000000ec400000,0x00000000ec800000)
 ParOldGen       total 68608K, used 757K [0x00000000c0000000, 0x00000000c4300000, 0x00000000eab00000)
  object space 68608K, 1% used [0x00000000c0000000,0x00000000c00bd7e8,0x00000000c4300000)
 Metaspace       used 14725K, committed 14976K, reserved 1114112K
  class space    used 1491K, committed 1600K, reserved 1048576K
}
Event: 3.503 GC heap before
{Heap before GC invocations=3 (full 0):
 PSYoungGen      total 29696K, used 29690K [0x00000000eab00000, 0x00000000ecc00000, 0x0000000100000000)
  eden space 25600K, 100% used [0x00000000eab00000,0x00000000ec400000,0x00000000ec400000)
  from space 4096K, 99% used [0x00000000ec800000,0x00000000ecbfeab0,0x00000000ecc00000)
  to   space 4096K, 0% used [0x00000000ec400000,0x00000000ec400000,0x00000000ec800000)
 ParOldGen       total 68608K, used 757K [0x00000000c0000000, 0x00000000c4300000, 0x00000000eab00000)
  object space 68608K, 1% used [0x00000000c0000000,0x00000000c00bd7e8,0x00000000c4300000)
 Metaspace       used 19705K, committed 20096K, reserved 1114112K
  class space    used 2012K, committed 2176K, reserved 1048576K
}
Event: 3.509 GC heap after
{Heap after GC invocations=3 (full 0):
 PSYoungGen      total 29696K, used 4072K [0x00000000eab00000, 0x00000000ecc00000, 0x0000000100000000)
  eden space 25600K, 0% used [0x00000000eab00000,0x00000000eab00000,0x00000000ec400000)
  from space 4096K, 99% used [0x00000000ec400000,0x00000000ec7fa060,0x00000000ec800000)
  to   space 4096K, 0% used [0x00000000ec800000,0x00000000ec800000,0x00000000ecc00000)
 ParOldGen       total 68608K, used 2737K [0x00000000c0000000, 0x00000000c4300000, 0x00000000eab00000)
  object space 68608K, 3% used [0x00000000c0000000,0x00000000c02ac748,0x00000000c4300000)
 Metaspace       used 19705K, committed 20096K, reserved 1114112K
  class space    used 2012K, committed 2176K, reserved 1048576K
}
Event: 3.922 GC heap before
{Heap before GC invocations=4 (full 0):
 PSYoungGen      total 29696K, used 15226K [0x00000000eab00000, 0x00000000ecc00000, 0x0000000100000000)
  eden space 25600K, 43% used [0x00000000eab00000,0x00000000eb5e47c0,0x00000000ec400000)
  from space 4096K, 99% used [0x00000000ec400000,0x00000000ec7fa060,0x00000000ec800000)
  to   space 4096K, 0% used [0x00000000ec800000,0x00000000ec800000,0x00000000ecc00000)
 ParOldGen       total 68608K, used 2737K [0x00000000c0000000, 0x00000000c4300000, 0x00000000eab00000)
  object space 68608K, 3% used [0x00000000c0000000,0x00000000c02ac748,0x00000000c4300000)
 Metaspace       used 21029K, committed 21504K, reserved 1114112K
  class space    used 2149K, committed 2368K, reserved 1048576K
}
Event: 3.929 GC heap after
{Heap after GC invocations=4 (full 0):
 PSYoungGen      total 29696K, used 4084K [0x00000000eab00000, 0x00000000ecc00000, 0x0000000100000000)
  eden space 25600K, 0% used [0x00000000eab00000,0x00000000eab00000,0x00000000ec400000)
  from space 4096K, 99% used [0x00000000ec800000,0x00000000ecbfd288,0x00000000ecc00000)
  to   space 4096K, 0% used [0x00000000ec400000,0x00000000ec400000,0x00000000ec800000)
 ParOldGen       total 68608K, used 5165K [0x00000000c0000000, 0x00000000c4300000, 0x00000000eab00000)
  object space 68608K, 7% used [0x00000000c0000000,0x00000000c050b7c0,0x00000000c4300000)
 Metaspace       used 21029K, committed 21504K, reserved 1114112K
  class space    used 2149K, committed 2368K, reserved 1048576K
}
Event: 3.929 GC heap before
{Heap before GC invocations=5 (full 1):
 PSYoungGen      total 29696K, used 4084K [0x00000000eab00000, 0x00000000ecc00000, 0x0000000100000000)
  eden space 25600K, 0% used [0x00000000eab00000,0x00000000eab00000,0x00000000ec400000)
  from space 4096K, 99% used [0x00000000ec800000,0x00000000ecbfd288,0x00000000ecc00000)
  to   space 4096K, 0% used [0x00000000ec400000,0x00000000ec400000,0x00000000ec800000)
 ParOldGen       total 68608K, used 5165K [0x00000000c0000000, 0x00000000c4300000, 0x00000000eab00000)
  object space 68608K, 7% used [0x00000000c0000000,0x00000000c050b7c0,0x00000000c4300000)
 Metaspace       used 21029K, committed 21504K, reserved 1114112K
  class space    used 2149K, committed 2368K, reserved 1048576K
}
Event: 3.971 GC heap after
{Heap after GC invocations=5 (full 1):
 PSYoungGen      total 29696K, used 0K [0x00000000eab00000, 0x00000000ecc00000, 0x0000000100000000)
  eden space 25600K, 0% used [0x00000000eab00000,0x00000000eab00000,0x00000000ec400000)
  from space 4096K, 0% used [0x00000000ec800000,0x00000000ec800000,0x00000000ecc00000)
  to   space 4096K, 0% used [0x00000000ec400000,0x00000000ec400000,0x00000000ec800000)
 ParOldGen       total 68608K, used 9070K [0x00000000c0000000, 0x00000000c4300000, 0x00000000eab00000)
  object space 68608K, 13% used [0x00000000c0000000,0x00000000c08db8f0,0x00000000c4300000)
 Metaspace       used 21015K, committed 21504K, reserved 1114112K
  class space    used 2146K, committed 2368K, reserved 1048576K
}
Event: 4.352 GC heap before
{Heap before GC invocations=6 (full 1):
 PSYoungGen      total 29696K, used 25600K [0x00000000eab00000, 0x00000000ecc00000, 0x0000000100000000)
  eden space 25600K, 100% used [0x00000000eab00000,0x00000000ec400000,0x00000000ec400000)
  from space 4096K, 0% used [0x00000000ec800000,0x00000000ec800000,0x00000000ecc00000)
  to   space 4096K, 0% used [0x00000000ec400000,0x00000000ec400000,0x00000000ec800000)
 ParOldGen       total 68608K, used 9070K [0x00000000c0000000, 0x00000000c4300000, 0x00000000eab00000)
  object space 68608K, 13% used [0x00000000c0000000,0x00000000c08db8f0,0x00000000c4300000)
 Metaspace       used 24150K, committed 24640K, reserved 1114112K
  class space    used 2390K, committed 2624K, reserved 1048576K
}
Event: 4.354 GC heap after
{Heap after GC invocations=6 (full 1):
 PSYoungGen      total 26112K, used 708K [0x00000000eab00000, 0x00000000ec980000, 0x0000000100000000)
  eden space 25088K, 0% used [0x00000000eab00000,0x00000000eab00000,0x00000000ec380000)
  from space 1024K, 69% used [0x00000000ec400000,0x00000000ec4b10e0,0x00000000ec500000)
  to   space 3072K, 0% used [0x00000000ec680000,0x00000000ec680000,0x00000000ec980000)
 ParOldGen       total 68608K, used 9078K [0x00000000c0000000, 0x00000000c4300000, 0x00000000eab00000)
  object space 68608K, 13% used [0x00000000c0000000,0x00000000c08dd8f0,0x00000000c4300000)
 Metaspace       used 24150K, committed 24640K, reserved 1114112K
  class space    used 2390K, committed 2624K, reserved 1048576K
}
Event: 4.682 GC heap before
{Heap before GC invocations=7 (full 1):
 PSYoungGen      total 26112K, used 25796K [0x00000000eab00000, 0x00000000ec980000, 0x0000000100000000)
  eden space 25088K, 100% used [0x00000000eab00000,0x00000000ec380000,0x00000000ec380000)
  from space 1024K, 69% used [0x00000000ec400000,0x00000000ec4b10e0,0x00000000ec500000)
  to   space 3072K, 0% used [0x00000000ec680000,0x00000000ec680000,0x00000000ec980000)
 ParOldGen       total 68608K, used 9078K [0x00000000c0000000, 0x00000000c4300000, 0x00000000eab00000)
  object space 68608K, 13% used [0x00000000c0000000,0x00000000c08dd8f0,0x00000000c4300000)
 Metaspace       used 27193K, committed 27776K, reserved 1114112K
  class space    used 2626K, committed 2880K, reserved 1048576K
}
Event: 4.683 GC heap after
{Heap after GC invocations=7 (full 1):
 PSYoungGen      total 27648K, used 2627K [0x00000000eab00000, 0x00000000ec980000, 0x0000000100000000)
  eden space 24576K, 0% used [0x00000000eab00000,0x00000000eab00000,0x00000000ec300000)
  from space 3072K, 85% used [0x00000000ec680000,0x00000000ec910c48,0x00000000ec980000)
  to   space 3072K, 0% used [0x00000000ec380000,0x00000000ec380000,0x00000000ec680000)
 ParOldGen       total 68608K, used 9086K [0x00000000c0000000, 0x00000000c4300000, 0x00000000eab00000)
  object space 68608K, 13% used [0x00000000c0000000,0x00000000c08df8f0,0x00000000c4300000)
 Metaspace       used 27193K, committed 27776K, reserved 1114112K
  class space    used 2626K, committed 2880K, reserved 1048576K
}

Dll operation events (9 events):
Event: 0.022 Loaded shared library c:\Users\thinkpad\.vscode\extensions\redhat.java-1.32.0-win32-x64\jre\17.0.11-win32-x86_64\bin\java.dll
Event: 0.340 Loaded shared library c:\Users\thinkpad\.vscode\extensions\redhat.java-1.32.0-win32-x64\jre\17.0.11-win32-x86_64\bin\zip.dll
Event: 0.347 Loaded shared library C:\Users\thinkpad\.vscode\extensions\redhat.java-1.32.0-win32-x64\jre\17.0.11-win32-x86_64\bin\instrument.dll
Event: 0.376 Loaded shared library C:\Users\thinkpad\.vscode\extensions\redhat.java-1.32.0-win32-x64\jre\17.0.11-win32-x86_64\bin\net.dll
Event: 0.380 Loaded shared library C:\Users\thinkpad\.vscode\extensions\redhat.java-1.32.0-win32-x64\jre\17.0.11-win32-x86_64\bin\nio.dll
Event: 0.396 Loaded shared library C:\Users\thinkpad\.vscode\extensions\redhat.java-1.32.0-win32-x64\jre\17.0.11-win32-x86_64\bin\zip.dll
Event: 0.452 Loaded shared library C:\Users\thinkpad\.vscode\extensions\redhat.java-1.32.0-win32-x64\jre\17.0.11-win32-x86_64\bin\jimage.dll
Event: 0.591 Loaded shared library c:\Users\thinkpad\.vscode\extensions\redhat.java-1.32.0-win32-x64\jre\17.0.11-win32-x86_64\bin\verify.dll
Event: 2.489 Loaded shared library C:\Users\thinkpad\AppData\Roaming\Code\User\globalStorage\redhat.java\1.32.0\config_ss_win\org.eclipse.equinox.launcher\org.eclipse.equinox.launcher.win32.win32.x86_64_1.2.1100.v20240613-2013\eclipse_11903.dll

Deoptimization events (20 events):
Event: 4.949 Thread 0x000001d4ff745510 DEOPT PACKING pc=0x000001d4e7bf7d9e sp=0x00000037a0cf8fb0
Event: 4.949 Thread 0x000001d4ff745510 DEOPT UNPACKING pc=0x000001d4ef09a9e3 sp=0x00000037a0cf84a8 mode 0
Event: 4.951 Thread 0x000001d4ff745510 DEOPT PACKING pc=0x000001d4e7bf7d9e sp=0x00000037a0cf9080
Event: 4.951 Thread 0x000001d4ff745510 DEOPT UNPACKING pc=0x000001d4ef09a9e3 sp=0x00000037a0cf8578 mode 0
Event: 4.952 Thread 0x000001d4ff745510 DEOPT PACKING pc=0x000001d4e7bf7d9e sp=0x00000037a0cf9080
Event: 4.952 Thread 0x000001d4ff745510 DEOPT UNPACKING pc=0x000001d4ef09a9e3 sp=0x00000037a0cf8578 mode 0
Event: 4.953 Thread 0x000001d4ff745510 DEOPT PACKING pc=0x000001d4e7bf7d9e sp=0x00000037a0cf9080
Event: 4.953 Thread 0x000001d4ff745510 DEOPT UNPACKING pc=0x000001d4ef09a9e3 sp=0x00000037a0cf8578 mode 0
Event: 5.189 Thread 0x000001d4ff745510 Uncommon trap: trap_request=0xffffffc6 fr.pc=0x000001d4ef67112c relative=0x000000000000096c
Event: 5.189 Thread 0x000001d4ff745510 Uncommon trap: reason=bimorphic_or_optimized_type_check action=maybe_recompile pc=0x000001d4ef67112c method=java.util.HashMap.putVal(ILjava/lang/Object;Ljava/lang/Object;ZZ)Ljava/lang/Object; @ 56 c2
Event: 5.189 Thread 0x000001d4ff745510 DEOPT PACKING pc=0x000001d4ef67112c sp=0x00000037a0cfddb0
Event: 5.189 Thread 0x000001d4ff745510 DEOPT UNPACKING pc=0x000001d4ef099ea3 sp=0x00000037a0cfdd08 mode 2
Event: 5.189 Thread 0x000001d4ff745510 Uncommon trap: trap_request=0xffffffc6 fr.pc=0x000001d4ef67112c relative=0x000000000000096c
Event: 5.189 Thread 0x000001d4ff745510 Uncommon trap: reason=bimorphic_or_optimized_type_check action=maybe_recompile pc=0x000001d4ef67112c method=java.util.HashMap.putVal(ILjava/lang/Object;Ljava/lang/Object;ZZ)Ljava/lang/Object; @ 56 c2
Event: 5.189 Thread 0x000001d4ff745510 DEOPT PACKING pc=0x000001d4ef67112c sp=0x00000037a0cfddb0
Event: 5.189 Thread 0x000001d4ff745510 DEOPT UNPACKING pc=0x000001d4ef099ea3 sp=0x00000037a0cfdd08 mode 2
Event: 5.314 Thread 0x000001d4ff745510 DEOPT PACKING pc=0x000001d4e8002a56 sp=0x00000037a0cfd090
Event: 5.314 Thread 0x000001d4ff745510 DEOPT UNPACKING pc=0x000001d4ef09a9e3 sp=0x00000037a0cfc530 mode 0
Event: 5.317 Thread 0x000001d4ff745510 DEOPT PACKING pc=0x000001d4e8002a56 sp=0x00000037a0cfd090
Event: 5.317 Thread 0x000001d4ff745510 DEOPT UNPACKING pc=0x000001d4ef09a9e3 sp=0x00000037a0cfc530 mode 0

Classes unloaded (7 events):
Event: 3.938 Thread 0x000001d4e4f267a0 Unloading class 0x000000010021e800 'java/lang/invoke/LambdaForm$MH+0x000000010021e800'
Event: 3.938 Thread 0x000001d4e4f267a0 Unloading class 0x000000010021e400 'java/lang/invoke/LambdaForm$MH+0x000000010021e400'
Event: 3.938 Thread 0x000001d4e4f267a0 Unloading class 0x000000010021e000 'java/lang/invoke/LambdaForm$MH+0x000000010021e000'
Event: 3.938 Thread 0x000001d4e4f267a0 Unloading class 0x000000010021dc00 'java/lang/invoke/LambdaForm$MH+0x000000010021dc00'
Event: 3.938 Thread 0x000001d4e4f267a0 Unloading class 0x000000010021d800 'java/lang/invoke/LambdaForm$BMH+0x000000010021d800'
Event: 3.938 Thread 0x000001d4e4f267a0 Unloading class 0x000000010021d400 'java/lang/invoke/LambdaForm$DMH+0x000000010021d400'
Event: 3.938 Thread 0x000001d4e4f267a0 Unloading class 0x0000000100218800 'java/lang/invoke/LambdaForm$DMH+0x0000000100218800'

Classes redefined (0 events):
No events

Internal exceptions (20 events):
Event: 3.669 Thread 0x000001d4ff745510 Exception <a 'java/lang/NoSuchMethodError'{0x00000000eb1336f8}: 'java.lang.Object java.lang.invoke.DirectMethodHandle$Holder.newInvokeSpecial(java.lang.Object, java.lang.Object, java.lang.Object, java.lang.Object, java.lang.Object)'> (0x00000000eb1336f8) 
thrown [s\src\hotspot\share\interpreter\linkResolver.cpp, line 759]
Event: 3.766 Thread 0x000001d4ff745510 Exception <a 'java/lang/NoSuchMethodError'{0x00000000eb2cd138}: 'java.lang.Object java.lang.invoke.DirectMethodHandle$Holder.invokeStaticInit(java.lang.Object, int)'> (0x00000000eb2cd138) 
thrown [s\src\hotspot\share\interpreter\linkResolver.cpp, line 759]
Event: 3.888 Thread 0x000001d4ff745510 Exception <a 'java/lang/NoSuchMethodError'{0x00000000eb50c9a0}: 'java.lang.Object java.lang.invoke.DirectMethodHandle$Holder.invokeSpecial(java.lang.Object, java.lang.Object, java.lang.Object, long, java.lang.Object)'> (0x00000000eb50c9a0) 
thrown [s\src\hotspot\share\interpreter\linkResolver.cpp, line 759]
Event: 3.890 Thread 0x000001d4ff745510 Exception <a 'java/lang/NoSuchMethodError'{0x00000000eb514b58}: 'java.lang.Object java.lang.invoke.DirectMethodHandle$Holder.newInvokeSpecial(java.lang.Object, java.lang.Object, java.lang.Object, long)'> (0x00000000eb514b58) 
thrown [s\src\hotspot\share\interpreter\linkResolver.cpp, line 759]
Event: 3.891 Thread 0x000001d4ff745510 Exception <a 'java/lang/NoSuchMethodError'{0x00000000eb5190f8}: 'java.lang.Object java.lang.invoke.DirectMethodHandle$Holder.invokeSpecial(java.lang.Object, java.lang.Object, java.lang.Object, java.lang.Object, long)'> (0x00000000eb5190f8) 
thrown [s\src\hotspot\share\interpreter\linkResolver.cpp, line 759]
Event: 3.892 Thread 0x000001d4ff745510 Exception <a 'java/lang/NoSuchMethodError'{0x00000000eb51cf70}: 'java.lang.Object java.lang.invoke.Invokers$Holder.linkToTargetMethod(java.lang.Object, java.lang.Object, long, java.lang.Object)'> (0x00000000eb51cf70) 
thrown [s\src\hotspot\share\interpreter\linkResolver.cpp, line 759]
Event: 3.916 Thread 0x000001d4ff745510 Exception <a 'java/lang/NoSuchMethodError'{0x00000000eb570a30}: 'int java.lang.invoke.DirectMethodHandle$Holder.invokeStaticInit(java.lang.Object, java.lang.Object, java.lang.Object)'> (0x00000000eb570a30) 
thrown [s\src\hotspot\share\interpreter\linkResolver.cpp, line 759]
Event: 4.038 Thread 0x000001d4ff745510 Exception <a 'java/lang/IncompatibleClassChangeError'{0x00000000ead69820}: Found class java.lang.Object, but interface was expected> (0x00000000ead69820) 
thrown [s\src\hotspot\share\interpreter\linkResolver.cpp, line 826]
Event: 4.047 Thread 0x000001d4ff745510 Exception <a 'java/lang/NoSuchMethodError'{0x00000000ead7e178}: 'java.lang.Object java.lang.invoke.DirectMethodHandle$Holder.invokeSpecial(java.lang.Object, java.lang.Object, java.lang.Object, int, java.lang.Object, java.lang.Object)'> (0x00000000ead7e178) 
thrown [s\src\hotspot\share\interpreter\linkResolver.cpp, line 759]
Event: 4.049 Thread 0x000001d4ff745510 Exception <a 'java/lang/NoSuchMethodError'{0x00000000ead86900}: 'java.lang.Object java.lang.invoke.DirectMethodHandle$Holder.newInvokeSpecial(java.lang.Object, java.lang.Object, java.lang.Object, int, java.lang.Object)'> (0x00000000ead86900) 
thrown [s\src\hotspot\share\interpreter\linkResolver.cpp, line 759]
Event: 4.050 Thread 0x000001d4ff745510 Exception <a 'java/lang/NoSuchMethodError'{0x00000000ead8ad58}: 'java.lang.Object java.lang.invoke.DirectMethodHandle$Holder.invokeSpecial(java.lang.Object, java.lang.Object, java.lang.Object, java.lang.Object, int, java.lang.Object)'> (0x00000000ead8ad58) 
thrown [s\src\hotspot\share\interpreter\linkResolver.cpp, line 759]
Event: 4.051 Thread 0x000001d4ff3cd250 Exception <a 'java/lang/NoSuchMethodError'{0x00000000eada4968}: 'java.lang.Object java.lang.invoke.DirectMethodHandle$Holder.invokeSpecial(java.lang.Object, java.lang.Object, int, java.lang.Object, java.lang.Object)'> (0x00000000eada4968) 
thrown [s\src\hotspot\share\interpreter\linkResolver.cpp, line 759]
Event: 4.053 Thread 0x000001d4ff3cd250 Exception <a 'java/lang/NoSuchMethodError'{0x00000000eadac038}: 'java.lang.Object java.lang.invoke.DirectMethodHandle$Holder.newInvokeSpecial(java.lang.Object, java.lang.Object, int, java.lang.Object)'> (0x00000000eadac038) 
thrown [s\src\hotspot\share\interpreter\linkResolver.cpp, line 759]
Event: 4.053 Thread 0x000001d4ff3cd250 Exception <a 'java/lang/NoSuchMethodError'{0x00000000eadafb48}: 'java.lang.Object java.lang.invoke.DirectMethodHandle$Holder.invokeSpecial(java.lang.Object, java.lang.Object, java.lang.Object, int, java.lang.Object)'> (0x00000000eadafb48) 
thrown [s\src\hotspot\share\interpreter\linkResolver.cpp, line 759]
Event: 4.935 Thread 0x000001d4ff745510 Exception <a 'java/lang/ClassNotFoundException'{0x00000000eb66ebf8}: com/sun/org/apache/xerces/internal/impl/msg/spi/DOMMessagesProvider> (0x00000000eb66ebf8) 
thrown [s\src\hotspot\share\classfile\systemDictionary.cpp, line 256]
Event: 4.942 Thread 0x000001d4ff745510 Exception <a 'java/lang/ClassNotFoundException'{0x00000000eb6a9bd0}: com/sun/org/apache/xerces/internal/impl/msg/spi/XMLSerializerMessagesProvider> (0x00000000eb6a9bd0) 
thrown [s\src\hotspot\share\classfile\systemDictionary.cpp, line 256]
Event: 4.945 Thread 0x000001d4ff745510 Exception <a 'java/lang/ClassNotFoundException'{0x00000000eb6c21c8}: com/sun/org/apache/xerces/internal/impl/msg/spi/XMLMessagesProvider> (0x00000000eb6c21c8) 
thrown [s\src\hotspot\share\classfile\systemDictionary.cpp, line 256]
Event: 5.020 Thread 0x000001d4ff745510 Exception <a 'java/lang/NoSuchMethodError'{0x00000000eb9cf300}: 'java.lang.Object java.lang.invoke.DirectMethodHandle$Holder.newInvokeSpecial(java.lang.Object, int, java.lang.Object, java.lang.Object)'> (0x00000000eb9cf300) 
thrown [s\src\hotspot\share\interpreter\linkResolver.cpp, line 759]
Event: 5.203 Thread 0x000001d4ff745510 Exception <a 'sun/nio/fs/WindowsException'{0x00000000ebbeff98}> (0x00000000ebbeff98) 
thrown [s\src\hotspot\share\prims\jni.cpp, line 516]
Event: 5.300 Thread 0x000001d4ff745510 Exception <a 'java/lang/NoSuchMethodError'{0x00000000ebdd5710}: 'java.lang.Object java.lang.invoke.DirectMethodHandle$Holder.invokeStaticInit(java.lang.Object, int, int, int, int)'> (0x00000000ebdd5710) 
thrown [s\src\hotspot\share\interpreter\linkResolver.cpp, line 759]

VM Operations (20 events):
Event: 3.503 Executing VM operation: ParallelGCFailedAllocation
Event: 3.509 Executing VM operation: ParallelGCFailedAllocation done
Event: 3.922 Executing VM operation: CollectForMetadataAllocation
Event: 3.971 Executing VM operation: CollectForMetadataAllocation done
Event: 3.984 Executing VM operation: HandshakeAllThreads
Event: 3.984 Executing VM operation: HandshakeAllThreads done
Event: 4.015 Executing VM operation: HandshakeAllThreads
Event: 4.015 Executing VM operation: HandshakeAllThreads done
Event: 4.073 Executing VM operation: HandshakeAllThreads
Event: 4.073 Executing VM operation: HandshakeAllThreads done
Event: 4.352 Executing VM operation: ParallelGCFailedAllocation
Event: 4.354 Executing VM operation: ParallelGCFailedAllocation done
Event: 4.681 Executing VM operation: ParallelGCFailedAllocation
Event: 4.683 Executing VM operation: ParallelGCFailedAllocation done
Event: 4.876 Executing VM operation: HandshakeAllThreads
Event: 4.876 Executing VM operation: HandshakeAllThreads done
Event: 5.180 Executing VM operation: HandshakeAllThreads
Event: 5.181 Executing VM operation: HandshakeAllThreads done
Event: 5.189 Executing VM operation: HandshakeAllThreads
Event: 5.189 Executing VM operation: HandshakeAllThreads done

Events (20 events):
Event: 5.329 loading class java/net/Inet6Address$Inet6AddressHolder done
Event: 5.329 loading class java/net/DefaultInterface
Event: 5.329 loading class java/net/DefaultInterface done
Event: 5.376 Thread 0x000001d4805b6cd0 Thread exited: 0x000001d4805b6cd0
Event: 5.376 loading class java/net/NetworkInterface$1
Event: 5.376 loading class java/net/NetworkInterface$1 done
Event: 5.432 loading class java/nio/file/Files$AcceptAllFilter
Event: 5.433 loading class java/nio/file/DirectoryStream$Filter
Event: 5.433 loading class java/nio/file/DirectoryStream$Filter done
Event: 5.433 loading class java/nio/file/Files$AcceptAllFilter done
Event: 5.433 loading class sun/nio/fs/WindowsDirectoryStream
Event: 5.433 loading class java/nio/file/DirectoryStream
Event: 5.433 loading class java/nio/file/DirectoryStream done
Event: 5.433 loading class sun/nio/fs/WindowsDirectoryStream done
Event: 5.433 loading class sun/nio/fs/WindowsDirectoryStream$WindowsDirectoryIterator
Event: 5.433 loading class sun/nio/fs/WindowsDirectoryStream$WindowsDirectoryIterator done
Event: 5.434 loading class sun/nio/fs/WindowsPath$WindowsPathWithAttributes
Event: 5.434 loading class sun/nio/fs/BasicFileAttributesHolder
Event: 5.434 loading class sun/nio/fs/BasicFileAttributesHolder done
Event: 5.434 loading class sun/nio/fs/WindowsPath$WindowsPathWithAttributes done


Dynamic libraries:
0x00007ff7a65a0000 - 0x00007ff7a65ae000 	c:\Users\thinkpad\.vscode\extensions\redhat.java-1.32.0-win32-x64\jre\17.0.11-win32-x86_64\bin\java.exe
0x00007ffb48d90000 - 0x00007ffb48fa7000 	C:\WINDOWS\SYSTEM32\ntdll.dll
0x00007ffb47c60000 - 0x00007ffb47d24000 	C:\WINDOWS\System32\KERNEL32.DLL
0x00007ffb46210000 - 0x00007ffb465bc000 	C:\WINDOWS\System32\KERNELBASE.dll
0x00007ffb465c0000 - 0x00007ffb466d1000 	C:\WINDOWS\System32\ucrtbase.dll
0x00007ffb408d0000 - 0x00007ffb408eb000 	c:\Users\thinkpad\.vscode\extensions\redhat.java-1.32.0-win32-x64\jre\17.0.11-win32-x86_64\bin\VCRUNTIME140.dll
0x00007ffb3e1d0000 - 0x00007ffb3e1e7000 	c:\Users\thinkpad\.vscode\extensions\redhat.java-1.32.0-win32-x64\jre\17.0.11-win32-x86_64\bin\jli.dll
0x00007ffb2dad0000 - 0x00007ffb2dd63000 	C:\WINDOWS\WinSxS\amd64_microsoft.windows.common-controls_6595b64144ccf1df_6.0.22621.3672_none_2713b9d173822955\COMCTL32.dll
0x00007ffb48ba0000 - 0x00007ffb48c47000 	C:\WINDOWS\System32\msvcrt.dll
0x00007ffb47f30000 - 0x00007ffb47f59000 	C:\WINDOWS\System32\GDI32.dll
0x00007ffb47540000 - 0x00007ffb476ee000 	C:\WINDOWS\System32\USER32.dll
0x00007ffb461e0000 - 0x00007ffb46206000 	C:\WINDOWS\System32\win32u.dll
0x00007ffb460c0000 - 0x00007ffb461d9000 	C:\WINDOWS\System32\gdi32full.dll
0x00007ffb46850000 - 0x00007ffb468ea000 	C:\WINDOWS\System32\msvcp_win.dll
0x00007ffb46b20000 - 0x00007ffb46b51000 	C:\WINDOWS\System32\IMM32.DLL
0x00007ffb41810000 - 0x00007ffb4181c000 	c:\Users\thinkpad\.vscode\extensions\redhat.java-1.32.0-win32-x64\jre\17.0.11-win32-x86_64\bin\vcruntime140_1.dll
0x00007ffb19270000 - 0x00007ffb192fd000 	c:\Users\thinkpad\.vscode\extensions\redhat.java-1.32.0-win32-x64\jre\17.0.11-win32-x86_64\bin\msvcp140.dll
0x00007ffb012b0000 - 0x00007ffb01f12000 	c:\Users\thinkpad\.vscode\extensions\redhat.java-1.32.0-win32-x64\jre\17.0.11-win32-x86_64\bin\server\jvm.dll
0x00007ffb48ac0000 - 0x00007ffb48b72000 	C:\WINDOWS\System32\ADVAPI32.dll
0x00007ffb48060000 - 0x00007ffb4810a000 	C:\WINDOWS\System32\sechost.dll
0x00007ffb46a20000 - 0x00007ffb46a48000 	C:\WINDOWS\System32\bcrypt.dll
0x00007ffb48990000 - 0x00007ffb48aa5000 	C:\WINDOWS\System32\RPCRT4.dll
0x00007ffb45060000 - 0x00007ffb450ad000 	C:\WINDOWS\SYSTEM32\POWRPROF.dll
0x00007ffb42e20000 - 0x00007ffb42e29000 	C:\WINDOWS\SYSTEM32\WSOCK32.dll
0x00007ffb48c50000 - 0x00007ffb48cc1000 	C:\WINDOWS\System32\WS2_32.dll
0x00007ffb40870000 - 0x00007ffb408a4000 	C:\WINDOWS\SYSTEM32\WINMM.dll
0x00007ffb3d4d0000 - 0x00007ffb3d4da000 	C:\WINDOWS\SYSTEM32\VERSION.dll
0x00007ffb44f90000 - 0x00007ffb44fa3000 	C:\WINDOWS\SYSTEM32\UMPDC.dll
0x00007ffb451a0000 - 0x00007ffb451b8000 	C:\WINDOWS\SYSTEM32\kernel.appcore.dll
0x00007ffb412d0000 - 0x00007ffb412da000 	c:\Users\thinkpad\.vscode\extensions\redhat.java-1.32.0-win32-x64\jre\17.0.11-win32-x86_64\bin\jimage.dll
0x00007ffb43750000 - 0x00007ffb43982000 	C:\WINDOWS\SYSTEM32\DBGHELP.DLL
0x00007ffb46b70000 - 0x00007ffb46ef8000 	C:\WINDOWS\System32\combase.dll
0x00007ffb47b70000 - 0x00007ffb47c47000 	C:\WINDOWS\System32\OLEAUT32.dll
0x00007ffb18d40000 - 0x00007ffb18d72000 	C:\WINDOWS\SYSTEM32\dbgcore.DLL
0x00007ffb46a50000 - 0x00007ffb46acb000 	C:\WINDOWS\System32\bcryptPrimitives.dll
0x00007ffb3e8b0000 - 0x00007ffb3e8be000 	c:\Users\thinkpad\.vscode\extensions\redhat.java-1.32.0-win32-x64\jre\17.0.11-win32-x86_64\bin\instrument.dll
0x00007ffb263e0000 - 0x00007ffb26405000 	c:\Users\thinkpad\.vscode\extensions\redhat.java-1.32.0-win32-x64\jre\17.0.11-win32-x86_64\bin\java.dll
0x00007ffb3e140000 - 0x00007ffb3e158000 	c:\Users\thinkpad\.vscode\extensions\redhat.java-1.32.0-win32-x64\jre\17.0.11-win32-x86_64\bin\zip.dll
0x00007ffb48130000 - 0x00007ffb4898c000 	C:\WINDOWS\System32\SHELL32.dll
0x00007ffb43fc0000 - 0x00007ffb448b7000 	C:\WINDOWS\SYSTEM32\windows.storage.dll
0x00007ffb43e80000 - 0x00007ffb43fbf000 	C:\WINDOWS\SYSTEM32\wintypes.dll
0x00007ffb47380000 - 0x00007ffb47474000 	C:\WINDOWS\System32\SHCORE.dll
0x00007ffb47480000 - 0x00007ffb474de000 	C:\WINDOWS\System32\shlwapi.dll
0x00007ffb45ff0000 - 0x00007ffb46011000 	C:\WINDOWS\SYSTEM32\profapi.dll
0x00007ffb3dcc0000 - 0x00007ffb3dcd9000 	C:\Users\thinkpad\.vscode\extensions\redhat.java-1.32.0-win32-x64\jre\17.0.11-win32-x86_64\bin\net.dll
0x00007ffb41420000 - 0x00007ffb41556000 	C:\WINDOWS\SYSTEM32\WINHTTP.dll
0x00007ffb45600000 - 0x00007ffb45669000 	C:\WINDOWS\system32\mswsock.dll
0x00007ffb3dae0000 - 0x00007ffb3daf6000 	C:\Users\thinkpad\.vscode\extensions\redhat.java-1.32.0-win32-x64\jre\17.0.11-win32-x86_64\bin\nio.dll
0x00007ffb3e180000 - 0x00007ffb3e190000 	c:\Users\thinkpad\.vscode\extensions\redhat.java-1.32.0-win32-x64\jre\17.0.11-win32-x86_64\bin\verify.dll
0x00007ffb25fb0000 - 0x00007ffb25ff4000 	C:\Users\thinkpad\AppData\Roaming\Code\User\globalStorage\redhat.java\1.32.0\config_ss_win\org.eclipse.equinox.launcher\org.eclipse.equinox.launcher.win32.win32.x86_64_1.2.1100.v20240613-2013\eclipse_11903.dll
0x00007ffb477a0000 - 0x00007ffb47945000 	C:\WINDOWS\System32\ole32.dll
0x00007ffb45950000 - 0x00007ffb4596b000 	C:\WINDOWS\SYSTEM32\CRYPTSP.dll
0x00007ffb45100000 - 0x00007ffb45135000 	C:\WINDOWS\system32\rsaenh.dll
0x00007ffb456a0000 - 0x00007ffb456c8000 	C:\WINDOWS\SYSTEM32\USERENV.dll
0x00007ffb45930000 - 0x00007ffb4593c000 	C:\WINDOWS\SYSTEM32\CRYPTBASE.dll
0x00007ffb44b60000 - 0x00007ffb44b8d000 	C:\WINDOWS\SYSTEM32\IPHLPAPI.DLL
0x00007ffb48ab0000 - 0x00007ffb48ab9000 	C:\WINDOWS\System32\NSI.dll
0x00007ffb41720000 - 0x00007ffb41739000 	C:\WINDOWS\SYSTEM32\dhcpcsvc6.DLL
0x00007ffb40e20000 - 0x00007ffb40e3f000 	C:\WINDOWS\SYSTEM32\dhcpcsvc.DLL
0x00007ffb44b90000 - 0x00007ffb44c88000 	C:\WINDOWS\SYSTEM32\DNSAPI.dll

dbghelp: loaded successfully - version: 4.0.5 - missing functions: none
symbol engine: initialized successfully - sym options: 0x614 - pdb path: .;c:\Users\thinkpad\.vscode\extensions\redhat.java-1.32.0-win32-x64\jre\17.0.11-win32-x86_64\bin;C:\WINDOWS\SYSTEM32;C:\WINDOWS\WinSxS\amd64_microsoft.windows.common-controls_6595b64144ccf1df_6.0.22621.3672_none_2713b9d173822955;c:\Users\thinkpad\.vscode\extensions\redhat.java-1.32.0-win32-x64\jre\17.0.11-win32-x86_64\bin\server;C:\Users\thinkpad\AppData\Roaming\Code\User\globalStorage\redhat.java\1.32.0\config_ss_win\org.eclipse.equinox.launcher\org.eclipse.equinox.launcher.win32.win32.x86_64_1.2.1100.v20240613-2013

VM Arguments:
jvm_args: --add-modules=ALL-SYSTEM --add-opens=java.base/java.util=ALL-UNNAMED --add-opens=java.base/java.lang=ALL-UNNAMED --add-opens=java.base/sun.nio.fs=ALL-UNNAMED -Declipse.application=org.eclipse.jdt.ls.core.id1 -Dosgi.bundles.defaultStartLevel=4 -Declipse.product=org.eclipse.jdt.ls.core.product -Djava.import.generatesMetadataFilesAtProjectRoot=false -DDetectVMInstallationsJob.disabled=true -Dfile.encoding=utf8 -XX:+UseParallelGC -XX:GCTimeRatio=4 -XX:AdaptiveSizePolicyWeight=90 -Dsun.zip.disableMemoryMapping=true -Xmx1G -Xms100m -Xlog:disable -javaagent:c:\Users\thinkpad\.vscode\extensions\redhat.java-1.32.0-win32-x64\lombok\lombok-1.18.33.jar 
java_command: c:\Users\thinkpad\.vscode\extensions\redhat.java-1.32.0-win32-x64\server\plugins\org.eclipse.equinox.launcher_1.6.900.v20240613-2009.jar -configuration c:\Users\thinkpad\AppData\Roaming\Code\User\globalStorage\redhat.java\1.32.0\config_ss_win -data c:\Users\thinkpad\AppData\Roaming\Code\User\workspaceStorage\51565181f65691b3f7f12234beb67880\redhat.java\ss_ws --pipe=\\.\pipe\lsp-fb34bb9e93a420e1fe863ac4bc996209-sock
java_class_path (initial): c:\Users\thinkpad\.vscode\extensions\redhat.java-1.32.0-win32-x64\server\plugins\org.eclipse.equinox.launcher_1.6.900.v20240613-2009.jar
Launcher Type: SUN_STANDARD

[Global flags]
    uintx AdaptiveSizePolicyWeight                 = 90                                        {product} {command line}
     intx CICompilerCount                          = 4                                         {product} {ergonomic}
    uintx GCTimeRatio                              = 4                                         {product} {command line}
   size_t InitialHeapSize                          = 104857600                                 {product} {command line}
   size_t MaxHeapSize                              = 1073741824                                {product} {command line}
   size_t MaxNewSize                               = 357564416                                 {product} {ergonomic}
   size_t MinHeapDeltaBytes                        = 524288                                    {product} {ergonomic}
   size_t MinHeapSize                              = 104857600                                 {product} {command line}
   size_t NewSize                                  = 34603008                                  {product} {ergonomic}
    uintx NonNMethodCodeHeapSize                   = 5839372                                {pd product} {ergonomic}
    uintx NonProfiledCodeHeapSize                  = 122909434                              {pd product} {ergonomic}
   size_t OldSize                                  = 70254592                                  {product} {ergonomic}
    uintx ProfiledCodeHeapSize                     = 122909434                              {pd product} {ergonomic}
    uintx ReservedCodeCacheSize                    = 251658240                              {pd product} {ergonomic}
     bool SegmentedCodeCache                       = true                                      {product} {ergonomic}
   size_t SoftMaxHeapSize                          = 1073741824                             {manageable} {ergonomic}
     bool UseCompressedClassPointers               = true                           {product lp64_product} {ergonomic}
     bool UseCompressedOops                        = true                           {product lp64_product} {ergonomic}
     bool UseLargePagesIndividualAllocation        = false                                  {pd product} {ergonomic}
     bool UseParallelGC                            = true                                      {product} {command line}

Logging:
Log output configuration:
 #0: stdout all=off uptime,level,tags
 #1: stderr all=off uptime,level,tags

Environment Variables:
JAVA_HOME=C:\Program Files\Java\jdk-11
PATH=C:\Program Files\Common Files\Oracle\Java\javapath;C:\WINDOWS\system32;C:\WINDOWS;C:\WINDOWS\System32\Wbem;C:\WINDOWS\System32\WindowsPowerShell\v1.0\;C:\WINDOWS\System32\OpenSSH\;C:\xampp\php;C:\Program Files\Java\jdk-11\bin;C:\ProgramData\ComposerSetup\bin;C:\xampp\php;C:\Program Files\Docker\Docker\resources\bin;C:\Program Files\nodejs\;C:\Program Files\Java\jdk-21\bin;C:\Program Files\Java\jdk-11\bin;C:\Program Files\Git\cmd;C:\Users\thinkpad\scoop\shims;C:\Program Files\Elixir\bin;C:\Program Files\Erlang OTP\bin;C:\Users\thinkpad\AppData\Local\Programs\Python\Python310\Scripts\;C:\Users\thinkpad\AppData\Local\Programs\Python\Python310\;C:\Users\thinkpad\AppData\Local\Microsoft\WindowsApps;C:\Users\thinkpad\AppData\Local\Programs\Microsoft VS Code\bin;C:\xampp\htdocs\server\php;C:\Users\thinkpad\AppData\Local\Programs\mongosh\;C:\Users\thinkpad\AppData\Roaming\Composer\vendor\bin;C:\Users\thinkpad\AppData\Roaming\npm
USERNAME=thinkpad
OS=Windows_NT
PROCESSOR_IDENTIFIER=Intel64 Family 6 Model 126 Stepping 5, GenuineIntel
TMP=C:\Users\thinkpad\AppData\Local\Temp
TEMP=C:\Users\thinkpad\AppData\Local\Temp



Periodic native trim disabled


---------------  S Y S T E M  ---------------

OS:
 Windows 11 , 64 bit Build 22621 (10.0.22621.3672)
OS uptime: 0 days 1:34 hours
Hyper-V role detected

CPU: total 8 (initial active 8) (4 cores per cpu, 2 threads per core) family 6 model 126 stepping 5 microcode 0xa6, cx8, cmov, fxsr, ht, mmx, 3dnowpref, sse, sse2, sse3, ssse3, sse4.1, sse4.2, popcnt, lzcnt, tsc, tscinvbit, avx, avx2, aes, erms, clmul, bmi1, bmi2, adx, avx512f, avx512dq, avx512cd, avx512bw, avx512vl, sha, fma, vzeroupper, avx512_vpopcntdq, avx512_vpclmulqdq, avx512_vaes, avx512_vnni, clflush, clflushopt, avx512_vbmi2, avx512_vbmi, hv
Processor Information for all 8 processors :
  Max Mhz: 1190, Current Mhz: 991, Mhz Limit: 987

Memory: 4k page, system-wide physical 7997M (847M free)
TotalPageFile size 10045M (AvailPageFile size 0M)
current process WorkingSet (physical memory assigned to process): 140M, peak: 142M
current process commit charge ("private bytes"): 243M, peak: 246M

vm_info: OpenJDK 64-Bit Server VM (17.0.11+9) for windows-amd64 JRE (17.0.11+9), built on Apr 17 2024 06:07:48 by "admin" with MS VC++ 16.10 / 16.11 (VS2019)

END.
