#
# There is insufficient memory for the Java Runtime Environment to continue.
# Native memory allocation (malloc) failed to allocate 32744 bytes. Error detail: ChunkPool::allocate
# Possible reasons:
#   The system is out of physical RAM or swap space
#   This process is running with CompressedOops enabled, and the Java Heap may be blocking the growth of the native heap
# Possible solutions:
#   Reduce memory load on the system
#   Increase physical memory or swap space
#   Check if swap backing store is full
#   Decrease Java heap size (-Xmx/-Xms)
#   Decrease number of Java threads
#   Decrease Java thread stack sizes (-Xss)
#   Set larger code cache with -XX:ReservedCodeCacheSize=
#   JVM is running with Unscaled Compressed Oops mode in which the Java heap is
#     placed in the first 4GB address space. The Java Heap base address is the
#     maximum limit for the native heap growth. Please use -XX:HeapBaseMinAddress
#     to set the Java Heap base and to place the Java Heap above 4GB virtual address.
# This output file may be truncated or incomplete.
#
#  Out of Memory Error (arena.cpp:79), pid=4744, tid=12312
#
# JRE version: OpenJDK Runtime Environment Temurin-17.0.11+9 (17.0.11+9) (build 17.0.11+9)
# Java VM: OpenJDK 64-Bit Server VM Temurin-17.0.11+9 (17.0.11+9, mixed mode, tiered, compressed oops, compressed class ptrs, parallel gc, windows-amd64)
# No core dump will be written. Minidumps are not enabled by default on client versions of Windows
#

---------------  S U M M A R Y ------------

Command Line: --add-modules=ALL-SYSTEM --add-opens=java.base/java.util=ALL-UNNAMED --add-opens=java.base/java.lang=ALL-UNNAMED --add-opens=java.base/sun.nio.fs=ALL-UNNAMED -Declipse.application=org.eclipse.jdt.ls.core.id1 -Dosgi.bundles.defaultStartLevel=4 -Declipse.product=org.eclipse.jdt.ls.core.product -Djava.import.generatesMetadataFilesAtProjectRoot=false -DDetectVMInstallationsJob.disabled=true -Dfile.encoding=utf8 -XX:+UseParallelGC -XX:GCTimeRatio=4 -XX:AdaptiveSizePolicyWeight=90 -Dsun.zip.disableMemoryMapping=true -Xmx1G -Xms100m -Xlog:disable -javaagent:c:\Users\thinkpad\.vscode\extensions\redhat.java-1.32.0-win32-x64\lombok\lombok-1.18.33.jar c:\Users\thinkpad\.vscode\extensions\redhat.java-1.32.0-win32-x64\server\plugins\org.eclipse.equinox.launcher_1.6.900.v20240613-2009.jar -configuration c:\Users\thinkpad\AppData\Roaming\Code\User\globalStorage\redhat.java\1.32.0\config_ss_win -data c:\Users\thinkpad\AppData\Roaming\Code\User\workspaceStorage\51565181f65691b3f7f12234beb67880\redhat.java\ss_ws --pipe=\\.\pipe\lsp-6f4c93d298320fbbc5fafad253c24099-sock

Host: Intel(R) Core(TM) i5-1035G1 CPU @ 1.00GHz, 8 cores, 7G,  Windows 11 , 64 bit Build 22621 (10.0.22621.3672)
Time: Sun Jul  7 23:54:07 2024 Maroc (heure d64 bit Build 22621 (10.0.22621.3672) elapsed time: 0.113178 seconds (0d 0h 0m 0s)

---------------  T H R E A D  ---------------

Current thread (0x00000231b76c8e70):  JavaThread "C2 CompilerThread0" daemon [_thread_in_native, id=12312, stack(0x000000b489600000,0x000000b489700000)]


Current CompileTask:
C2:    113   13       4       java.lang.StringLatin1::hashCode (42 bytes)

Stack: [0x000000b489600000,0x000000b489700000]
Native frames: (J=compiled Java code, j=interpreted, Vv=VM code, C=native code)
V  [jvm.dll+0x67d429]
V  [jvm.dll+0x834b7a]
V  [jvm.dll+0x83663e]
V  [jvm.dll+0x836ca3]
V  [jvm.dll+0x247dbf]
V  [jvm.dll+0xac731]
V  [jvm.dll+0xacb7c]
V  [jvm.dll+0x2af325]
V  [jvm.dll+0x5848b7]
V  [jvm.dll+0x222d82]
V  [jvm.dll+0x21c090]
V  [jvm.dll+0x2197a1]
V  [jvm.dll+0x1a534d]
V  [jvm.dll+0x2295cd]
V  [jvm.dll+0x22779c]
V  [jvm.dll+0x7e9d07]
V  [jvm.dll+0x7e410a]
V  [jvm.dll+0x67c315]
C  [ucrtbase.dll+0x29333]
C  [KERNEL32.DLL+0x1257d]
C  [ntdll.dll+0x5af28]


---------------  P R O C E S S  ---------------

Threads class SMR info:
_java_thread_list=0x00000231b76c1160, length=10, elements={
0x000002319e7d1b30, 0x00000231b264f020, 0x00000231b2650090, 0x00000231b76c4440,
0x00000231b76c4d10, 0x00000231b76c56e0, 0x00000231b76c61b0, 0x00000231b76c8e70,
0x00000231b76d8d30, 0x00000231b7702610
}

Java Threads: ( => current thread )
  0x000002319e7d1b30 JavaThread "main" [_thread_in_vm, id=2608, stack(0x000000b488d00000,0x000000b488e00000)]
  0x00000231b264f020 JavaThread "Reference Handler" daemon [_thread_blocked, id=9276, stack(0x000000b489000000,0x000000b489100000)]
  0x00000231b2650090 JavaThread "Finalizer" daemon [_thread_blocked, id=9808, stack(0x000000b489100000,0x000000b489200000)]
  0x00000231b76c4440 JavaThread "Signal Dispatcher" daemon [_thread_blocked, id=5076, stack(0x000000b489200000,0x000000b489300000)]
  0x00000231b76c4d10 JavaThread "Attach Listener" daemon [_thread_blocked, id=10604, stack(0x000000b489300000,0x000000b489400000)]
  0x00000231b76c56e0 JavaThread "Service Thread" daemon [_thread_blocked, id=13340, stack(0x000000b489400000,0x000000b489500000)]
  0x00000231b76c61b0 JavaThread "Monitor Deflation Thread" daemon [_thread_blocked, id=11272, stack(0x000000b489500000,0x000000b489600000)]
=>0x00000231b76c8e70 JavaThread "C2 CompilerThread0" daemon [_thread_in_native, id=12312, stack(0x000000b489600000,0x000000b489700000)]
  0x00000231b76d8d30 JavaThread "C1 CompilerThread0" daemon [_thread_blocked, id=7408, stack(0x000000b489700000,0x000000b489800000)]
  0x00000231b7702610 JavaThread "Sweeper thread" daemon [_thread_blocked, id=5164, stack(0x000000b489800000,0x000000b489900000)]

Other Threads:
  0x000002319e87e790 VMThread "VM Thread" [stack: 0x000000b488f00000,0x000000b489000000] [id=11760]
  0x000002319e7e67c0 GCTaskThread "GC Thread#0" [stack: 0x000000b488e00000,0x000000b488f00000] [id=4844]

Threads with active compile tasks:
C2 CompilerThread0      128   13       4       java.lang.StringLatin1::hashCode (42 bytes)

VM state: not at safepoint (normal execution)

VM Mutex/Monitor currently owned by a thread: None

Heap address: 0x00000000c0000000, size: 1024 MB, Compressed Oops mode: 32-bit

CDS archive(s) not mapped
Compressed class space mapped at: 0x0000000100000000-0x0000000140000000, reserved size: 1073741824
Narrow klass base: 0x0000000000000000, Narrow klass shift: 3, Narrow klass range: 0x140000000

GC Precious Log:
 CPUs: 8 total, 8 available
 Memory: 7997M
 Large Page Support: Disabled
 NUMA Support: Disabled
 Compressed Oops: Enabled (32-bit)
 Alignments: Space 512K, Generation 512K, Heap 2M
 Heap Min Capacity: 100M
 Heap Initial Capacity: 100M
 Heap Max Capacity: 1G
 Pre-touch: Disabled
 Parallel Workers: 8

Heap:
 PSYoungGen      total 29696K, used 1024K [0x00000000eab00000, 0x00000000ecc00000, 0x0000000100000000)
  eden space 25600K, 4% used [0x00000000eab00000,0x00000000eac00138,0x00000000ec400000)
  from space 4096K, 0% used [0x00000000ec800000,0x00000000ec800000,0x00000000ecc00000)
  to   space 4096K, 0% used [0x00000000ec400000,0x00000000ec400000,0x00000000ec800000)
 ParOldGen       total 68608K, used 0K [0x00000000c0000000, 0x00000000c4300000, 0x00000000eab00000)
  object space 68608K, 0% used [0x00000000c0000000,0x00000000c0000000,0x00000000c4300000)
 Metaspace       used 3051K, committed 3136K, reserved 1114112K
  class space    used 275K, committed 320K, reserved 1048576K

Card table byte_map: [0x000002319e190000,0x000002319e3a0000] _byte_map_base: 0x000002319db90000

Marking Bits: (ParMarkBitMap*) 0x00007ffb01a7d820
 Begin Bits: [0x00000231b0460000, 0x00000231b1460000)
 End Bits:   [0x00000231b1460000, 0x00000231b2460000)

Polling page: 0x000002319df80000

Metaspace:

Usage:
  Non-class:      2.71 MB used.
      Class:    275.64 KB used.
       Both:      2.98 MB used.

Virtual space:
  Non-class space:       64.00 MB reserved,       2.75 MB (  4%) committed,  1 nodes.
      Class space:        1.00 GB reserved,     320.00 KB ( <1%) committed,  1 nodes.
             Both:        1.06 GB reserved,       3.06 MB ( <1%) committed. 

Chunk freelists:
   Non-Class:  12.00 MB
       Class:  15.62 MB
        Both:  27.62 MB

MaxMetaspaceSize: unlimited
CompressedClassSpaceSize: 1.00 GB
Initial GC threshold: 21.00 MB
Current GC threshold: 21.00 MB
CDS: off
MetaspaceReclaimPolicy: balanced
 - commit_granule_bytes: 65536.
 - commit_granule_words: 8192.
 - virtual_space_node_default_size: 8388608.
 - enlarge_chunks_in_place: 1.
 - new_chunks_are_fully_committed: 0.
 - uncommit_free_chunks: 1.
 - use_allocation_guard: 0.
 - handle_deallocations: 1.


Internal statistics:

num_allocs_failed_limit: 0.
num_arena_births: 2.
num_arena_deaths: 0.
num_vsnodes_births: 2.
num_vsnodes_deaths: 0.
num_space_committed: 49.
num_space_uncommitted: 0.
num_chunks_returned_to_freelist: 0.
num_chunks_taken_from_freelist: 4.
num_chunk_merges: 0.
num_chunk_splits: 2.
num_chunks_enlarged: 0.
num_inconsistent_stats: 0.

CodeHeap 'non-profiled nmethods': size=120000Kb used=1Kb max_used=1Kb free=119998Kb
 bounds [0x00000231a8f30000, 0x00000231a91a0000, 0x00000231b0460000]
CodeHeap 'profiled nmethods': size=120000Kb used=33Kb max_used=33Kb free=119966Kb
 bounds [0x00000231a1460000, 0x00000231a16d0000, 0x00000231a8990000]
CodeHeap 'non-nmethods': size=5760Kb used=1038Kb max_used=1038Kb free=4721Kb
 bounds [0x00000231a8990000, 0x00000231a8c00000, 0x00000231a8f30000]
 total_blobs=311 nmethods=28 adapters=198
 compilation: enabled
              stopped_count=0, restarted_count=0
 full_count=0

Compilation events (20 events):
Event: 0.108 Thread 0x00000231b76d8d30    7       3       java.lang.String::equals (56 bytes)
Event: 0.109 Thread 0x00000231b76d8d30 nmethod 7 0x00000231a1461f10 code [0x00000231a14620e0, 0x00000231a1462548]
Event: 0.109 Thread 0x00000231b76d8d30    8       3       java.lang.StringLatin1::equals (36 bytes)
Event: 0.109 Thread 0x00000231b76d8d30 nmethod 8 0x00000231a1462610 code [0x00000231a14627c0, 0x00000231a1462a78]
Event: 0.109 Thread 0x00000231b76d8d30    9       3       java.util.Objects::equals (23 bytes)
Event: 0.109 Thread 0x00000231b76d8d30 nmethod 9 0x00000231a1462b90 code [0x00000231a1462d40, 0x00000231a1462fa8]
Event: 0.109 Thread 0x00000231b76d8d30   10       3       java.util.Set::of (4 bytes)
Event: 0.109 Thread 0x00000231b76d8d30 nmethod 10 0x00000231a1463090 code [0x00000231a1463220, 0x00000231a1463318]
Event: 0.109 Thread 0x00000231b76d8d30   11       3       java.lang.module.ModuleDescriptor$Exports::<init> (20 bytes)
Event: 0.109 Thread 0x00000231b76c8e70   13       4       java.lang.StringLatin1::hashCode (42 bytes)
Event: 0.110 Thread 0x00000231b76d8d30 nmethod 11 0x00000231a1463390 code [0x00000231a1463520, 0x00000231a14636d8]
Event: 0.110 Thread 0x00000231b76d8d30   12       3       java.util.ImmutableCollections$SetN::iterator (9 bytes)
Event: 0.110 Thread 0x00000231b76d8d30 nmethod 12 0x00000231a1463790 code [0x00000231a1463940, 0x00000231a1463ae8]
Event: 0.110 Thread 0x00000231b76d8d30   14       3       java.lang.module.ModuleDescriptor$Exports::hashCode (36 bytes)
Event: 0.110 Thread 0x00000231b76d8d30 nmethod 14 0x00000231a1463b90 code [0x00000231a1463d60, 0x00000231a1463fc8]
Event: 0.110 Thread 0x00000231b76d8d30   15       3       java.util.Objects::requireNonNull (14 bytes)
Event: 0.110 Thread 0x00000231b76d8d30 nmethod 15 0x00000231a1464110 code [0x00000231a14642c0, 0x00000231a14644a8]
Event: 0.110 Thread 0x00000231b76d8d30   16       3       java.util.AbstractCollection::<init> (5 bytes)
Event: 0.111 Thread 0x00000231b76d8d30 nmethod 16 0x00000231a1464590 code [0x00000231a1464720, 0x00000231a1464878]
Event: 0.111 Thread 0x00000231b76d8d30   17       3       java.util.ImmutableCollections$AbstractImmutableCollection::<init> (5 bytes)

GC Heap History (0 events):
No events

Dll operation events (1 events):
Event: 0.016 Loaded shared library c:\Users\thinkpad\.vscode\extensions\redhat.java-1.32.0-win32-x64\jre\17.0.11-win32-x86_64\bin\java.dll

Deoptimization events (0 events):
No events

Classes unloaded (0 events):
No events

Classes redefined (0 events):
No events

Internal exceptions (0 events):
No events

VM Operations (0 events):
No events

Events (20 events):
Event: 0.106 loading class java/lang/module/ModuleDescriptor$Exports
Event: 0.106 loading class java/lang/module/ModuleDescriptor$Exports done
Event: 0.106 loading class java/util/ImmutableCollections$SetN$SetNIterator
Event: 0.106 loading class java/util/ImmutableCollections$SetN$SetNIterator done
Event: 0.107 loading class java/lang/module/ModuleDescriptor$Opens
Event: 0.107 loading class java/lang/module/ModuleDescriptor$Opens done
Event: 0.107 loading class java/lang/module/ModuleDescriptor$Provides
Event: 0.107 loading class java/lang/module/ModuleDescriptor$Provides done
Event: 0.107 loading class java/util/ImmutableCollections$List12
Event: 0.107 loading class java/util/ImmutableCollections$List12 done
Event: 0.107 loading class java/lang/module/ModuleDescriptor$Version
Event: 0.107 loading class java/lang/module/ModuleDescriptor$Version done
Event: 0.107 loading class java/lang/module/ModuleDescriptor$Modifier
Event: 0.107 loading class java/lang/Enum
Event: 0.108 loading class java/lang/Enum done
Event: 0.108 loading class java/lang/module/ModuleDescriptor$Modifier done
Event: 0.108 loading class java/lang/module/ModuleDescriptor$Requires$Modifier
Event: 0.108 loading class java/lang/module/ModuleDescriptor$Requires$Modifier done
Event: 0.108 loading class java/util/ImmutableCollections$Set12$1
Event: 0.108 loading class java/util/ImmutableCollections$Set12$1 done


Dynamic libraries:
0x00007ff6dd070000 - 0x00007ff6dd07e000 	c:\Users\thinkpad\.vscode\extensions\redhat.java-1.32.0-win32-x64\jre\17.0.11-win32-x86_64\bin\java.exe
0x00007ffb48d90000 - 0x00007ffb48fa7000 	C:\WINDOWS\SYSTEM32\ntdll.dll
0x00007ffb47c60000 - 0x00007ffb47d24000 	C:\WINDOWS\System32\KERNEL32.DLL
0x00007ffb46210000 - 0x00007ffb465bc000 	C:\WINDOWS\System32\KERNELBASE.dll
0x00007ffb465c0000 - 0x00007ffb466d1000 	C:\WINDOWS\System32\ucrtbase.dll
0x00007ffb408d0000 - 0x00007ffb408e7000 	c:\Users\thinkpad\.vscode\extensions\redhat.java-1.32.0-win32-x64\jre\17.0.11-win32-x86_64\bin\jli.dll
0x00007ffb3e140000 - 0x00007ffb3e15b000 	c:\Users\thinkpad\.vscode\extensions\redhat.java-1.32.0-win32-x64\jre\17.0.11-win32-x86_64\bin\VCRUNTIME140.dll
0x00007ffb47540000 - 0x00007ffb476ee000 	C:\WINDOWS\System32\USER32.dll
0x00007ffb2dad0000 - 0x00007ffb2dd63000 	C:\WINDOWS\WinSxS\amd64_microsoft.windows.common-controls_6595b64144ccf1df_6.0.22621.3672_none_2713b9d173822955\COMCTL32.dll
0x00007ffb461e0000 - 0x00007ffb46206000 	C:\WINDOWS\System32\win32u.dll
0x00007ffb47f30000 - 0x00007ffb47f59000 	C:\WINDOWS\System32\GDI32.dll
0x00007ffb48ba0000 - 0x00007ffb48c47000 	C:\WINDOWS\System32\msvcrt.dll
0x00007ffb460c0000 - 0x00007ffb461d9000 	C:\WINDOWS\System32\gdi32full.dll
0x00007ffb46850000 - 0x00007ffb468ea000 	C:\WINDOWS\System32\msvcp_win.dll
0x00007ffb46b20000 - 0x00007ffb46b51000 	C:\WINDOWS\System32\IMM32.DLL
0x00007ffb41790000 - 0x00007ffb4179c000 	c:\Users\thinkpad\.vscode\extensions\redhat.java-1.32.0-win32-x64\jre\17.0.11-win32-x86_64\bin\vcruntime140_1.dll
0x00007ffb26330000 - 0x00007ffb263bd000 	c:\Users\thinkpad\.vscode\extensions\redhat.java-1.32.0-win32-x64\jre\17.0.11-win32-x86_64\bin\msvcp140.dll
0x00007ffb00ee0000 - 0x00007ffb01b42000 	c:\Users\thinkpad\.vscode\extensions\redhat.java-1.32.0-win32-x64\jre\17.0.11-win32-x86_64\bin\server\jvm.dll
0x00007ffb48ac0000 - 0x00007ffb48b72000 	C:\WINDOWS\System32\ADVAPI32.dll
0x00007ffb48060000 - 0x00007ffb4810a000 	C:\WINDOWS\System32\sechost.dll
0x00007ffb46a20000 - 0x00007ffb46a48000 	C:\WINDOWS\System32\bcrypt.dll
0x00007ffb48990000 - 0x00007ffb48aa5000 	C:\WINDOWS\System32\RPCRT4.dll
0x00007ffb45060000 - 0x00007ffb450ad000 	C:\WINDOWS\SYSTEM32\POWRPROF.dll
0x00007ffb42e20000 - 0x00007ffb42e29000 	C:\WINDOWS\SYSTEM32\WSOCK32.dll
0x00007ffb48c50000 - 0x00007ffb48cc1000 	C:\WINDOWS\System32\WS2_32.dll
0x00007ffb40870000 - 0x00007ffb408a4000 	C:\WINDOWS\SYSTEM32\WINMM.dll
0x00007ffb3d4d0000 - 0x00007ffb3d4da000 	C:\WINDOWS\SYSTEM32\VERSION.dll
0x00007ffb44f90000 - 0x00007ffb44fa3000 	C:\WINDOWS\SYSTEM32\UMPDC.dll
0x00007ffb451a0000 - 0x00007ffb451b8000 	C:\WINDOWS\SYSTEM32\kernel.appcore.dll
0x00007ffb3ffe0000 - 0x00007ffb3ffea000 	c:\Users\thinkpad\.vscode\extensions\redhat.java-1.32.0-win32-x64\jre\17.0.11-win32-x86_64\bin\jimage.dll
0x00007ffb43750000 - 0x00007ffb43982000 	C:\WINDOWS\SYSTEM32\DBGHELP.DLL
0x00007ffb46b70000 - 0x00007ffb46ef8000 	C:\WINDOWS\System32\combase.dll
0x00007ffb47b70000 - 0x00007ffb47c47000 	C:\WINDOWS\System32\OLEAUT32.dll
0x00007ffb18d40000 - 0x00007ffb18d72000 	C:\WINDOWS\SYSTEM32\dbgcore.DLL
0x00007ffb46a50000 - 0x00007ffb46acb000 	C:\WINDOWS\System32\bcryptPrimitives.dll
0x00007ffb3fea0000 - 0x00007ffb3feae000 	c:\Users\thinkpad\.vscode\extensions\redhat.java-1.32.0-win32-x64\jre\17.0.11-win32-x86_64\bin\instrument.dll
0x00007ffb3c4a0000 - 0x00007ffb3c4c5000 	c:\Users\thinkpad\.vscode\extensions\redhat.java-1.32.0-win32-x64\jre\17.0.11-win32-x86_64\bin\java.dll
0x00007ffb3dcc0000 - 0x00007ffb3dcd8000 	c:\Users\thinkpad\.vscode\extensions\redhat.java-1.32.0-win32-x64\jre\17.0.11-win32-x86_64\bin\zip.dll
0x00007ffb48130000 - 0x00007ffb4898c000 	C:\WINDOWS\System32\SHELL32.dll
0x00007ffb43fc0000 - 0x00007ffb448b7000 	C:\WINDOWS\SYSTEM32\windows.storage.dll
0x00007ffb43e80000 - 0x00007ffb43fbf000 	C:\WINDOWS\SYSTEM32\wintypes.dll
0x00007ffb47380000 - 0x00007ffb47474000 	C:\WINDOWS\System32\SHCORE.dll
0x00007ffb47480000 - 0x00007ffb474de000 	C:\WINDOWS\System32\shlwapi.dll
0x00007ffb45ff0000 - 0x00007ffb46011000 	C:\WINDOWS\SYSTEM32\profapi.dll

dbghelp: loaded successfully - version: 4.0.5 - missing functions: none
symbol engine: initialized successfully - sym options: 0x614 - pdb path: .;c:\Users\thinkpad\.vscode\extensions\redhat.java-1.32.0-win32-x64\jre\17.0.11-win32-x86_64\bin;C:\WINDOWS\SYSTEM32;C:\WINDOWS\WinSxS\amd64_microsoft.windows.common-controls_6595b64144ccf1df_6.0.22621.3672_none_2713b9d173822955;c:\Users\thinkpad\.vscode\extensions\redhat.java-1.32.0-win32-x64\jre\17.0.11-win32-x86_64\bin\server

VM Arguments:
jvm_args: --add-modules=ALL-SYSTEM --add-opens=java.base/java.util=ALL-UNNAMED --add-opens=java.base/java.lang=ALL-UNNAMED --add-opens=java.base/sun.nio.fs=ALL-UNNAMED -Declipse.application=org.eclipse.jdt.ls.core.id1 -Dosgi.bundles.defaultStartLevel=4 -Declipse.product=org.eclipse.jdt.ls.core.product -Djava.import.generatesMetadataFilesAtProjectRoot=false -DDetectVMInstallationsJob.disabled=true -Dfile.encoding=utf8 -XX:+UseParallelGC -XX:GCTimeRatio=4 -XX:AdaptiveSizePolicyWeight=90 -Dsun.zip.disableMemoryMapping=true -Xmx1G -Xms100m -Xlog:disable -javaagent:c:\Users\thinkpad\.vscode\extensions\redhat.java-1.32.0-win32-x64\lombok\lombok-1.18.33.jar 
java_command: c:\Users\thinkpad\.vscode\extensions\redhat.java-1.32.0-win32-x64\server\plugins\org.eclipse.equinox.launcher_1.6.900.v20240613-2009.jar -configuration c:\Users\thinkpad\AppData\Roaming\Code\User\globalStorage\redhat.java\1.32.0\config_ss_win -data c:\Users\thinkpad\AppData\Roaming\Code\User\workspaceStorage\51565181f65691b3f7f12234beb67880\redhat.java\ss_ws --pipe=\\.\pipe\lsp-6f4c93d298320fbbc5fafad253c24099-sock
java_class_path (initial): c:\Users\thinkpad\.vscode\extensions\redhat.java-1.32.0-win32-x64\server\plugins\org.eclipse.equinox.launcher_1.6.900.v20240613-2009.jar
Launcher Type: SUN_STANDARD

[Global flags]
    uintx AdaptiveSizePolicyWeight                 = 90                                        {product} {command line}
     intx CICompilerCount                          = 4                                         {product} {ergonomic}
    uintx GCTimeRatio                              = 4                                         {product} {command line}
   size_t InitialHeapSize                          = 104857600                                 {product} {command line}
   size_t MaxHeapSize                              = 1073741824                                {product} {command line}
   size_t MaxNewSize                               = 357564416                                 {product} {ergonomic}
   size_t MinHeapDeltaBytes                        = 524288                                    {product} {ergonomic}
   size_t MinHeapSize                              = 104857600                                 {product} {command line}
   size_t NewSize                                  = 34603008                                  {product} {ergonomic}
    uintx NonNMethodCodeHeapSize                   = 5839372                                {pd product} {ergonomic}
    uintx NonProfiledCodeHeapSize                  = 122909434                              {pd product} {ergonomic}
   size_t OldSize                                  = 70254592                                  {product} {ergonomic}
    uintx ProfiledCodeHeapSize                     = 122909434                              {pd product} {ergonomic}
    uintx ReservedCodeCacheSize                    = 251658240                              {pd product} {ergonomic}
     bool SegmentedCodeCache                       = true                                      {product} {ergonomic}
   size_t SoftMaxHeapSize                          = 1073741824                             {manageable} {ergonomic}
     bool UseCompressedClassPointers               = true                           {product lp64_product} {ergonomic}
     bool UseCompressedOops                        = true                           {product lp64_product} {ergonomic}
     bool UseLargePagesIndividualAllocation        = false                                  {pd product} {ergonomic}
     bool UseParallelGC                            = true                                      {product} {command line}

Logging:
Log output configuration:
 #0: stdout all=off uptime,level,tags
 #1: stderr all=off uptime,level,tags

Environment Variables:
JAVA_HOME=C:\Program Files\Java\jdk-11
PATH=C:\Program Files\Common Files\Oracle\Java\javapath;C:\WINDOWS\system32;C:\WINDOWS;C:\WINDOWS\System32\Wbem;C:\WINDOWS\System32\WindowsPowerShell\v1.0\;C:\WINDOWS\System32\OpenSSH\;C:\xampp\php;C:\Program Files\Java\jdk-11\bin;C:\ProgramData\ComposerSetup\bin;C:\xampp\php;C:\Program Files\Docker\Docker\resources\bin;C:\Program Files\nodejs\;C:\Program Files\Java\jdk-21\bin;C:\Program Files\Java\jdk-11\bin;C:\Program Files\Git\cmd;C:\Users\thinkpad\scoop\shims;C:\Program Files\Elixir\bin;C:\Program Files\Erlang OTP\bin;C:\Users\thinkpad\AppData\Local\Programs\Python\Python310\Scripts\;C:\Users\thinkpad\AppData\Local\Programs\Python\Python310\;C:\Users\thinkpad\AppData\Local\Microsoft\WindowsApps;C:\Users\thinkpad\AppData\Local\Programs\Microsoft VS Code\bin;C:\xampp\htdocs\server\php;C:\Users\thinkpad\AppData\Local\Programs\mongosh\;C:\Users\thinkpad\AppData\Roaming\Composer\vendor\bin;C:\Users\thinkpad\AppData\Roaming\npm
USERNAME=thinkpad
OS=Windows_NT
PROCESSOR_IDENTIFIER=Intel64 Family 6 Model 126 Stepping 5, GenuineIntel
TMP=C:\Users\thinkpad\AppData\Local\Temp
TEMP=C:\Users\thinkpad\AppData\Local\Temp



Periodic native trim disabled


---------------  S Y S T E M  ---------------

OS:
 Windows 11 , 64 bit Build 22621 (10.0.22621.3672)
OS uptime: 0 days 2:26 hours
Hyper-V role detected

CPU: total 8 (initial active 8) (4 cores per cpu, 2 threads per core) family 6 model 126 stepping 5 microcode 0xa6, cx8, cmov, fxsr, ht, mmx, 3dnowpref, sse, sse2, sse3, ssse3, sse4.1, sse4.2, popcnt, lzcnt, tsc, tscinvbit, avx, avx2, aes, erms, clmul, bmi1, bmi2, adx, avx512f, avx512dq, avx512cd, avx512bw, avx512vl, sha, fma, vzeroupper, avx512_vpopcntdq, avx512_vpclmulqdq, avx512_vaes, avx512_vnni, clflush, clflushopt, avx512_vbmi2, avx512_vbmi, hv
Processor Information for all 8 processors :
  Max Mhz: 1190, Current Mhz: 991, Mhz Limit: 987

Memory: 4k page, system-wide physical 7997M (994M free)
TotalPageFile size 10045M (AvailPageFile size 5M)
current process WorkingSet (physical memory assigned to process): 26M, peak: 26M
current process commit charge ("private bytes"): 181M, peak: 181M

vm_info: OpenJDK 64-Bit Server VM (17.0.11+9) for windows-amd64 JRE (17.0.11+9), built on Apr 17 2024 06:07:48 by "admin" with MS VC++ 16.10 / 16.11 (VS2019)

END.
