#
# There is insufficient memory for the Java Runtime Environment to continue.
# Native memory allocation (malloc) failed to allocate 619936 bytes. Error detail: Chunk::new
# Possible reasons:
#   The system is out of physical RAM or swap space
#   This process is running with CompressedOops enabled, and the Java Heap may be blocking the growth of the native heap
# Possible solutions:
#   Reduce memory load on the system
#   Increase physical memory or swap space
#   Check if swap backing store is full
#   Decrease Java heap size (-Xmx/-Xms)
#   Decrease number of Java threads
#   Decrease Java thread stack sizes (-Xss)
#   Set larger code cache with -XX:ReservedCodeCacheSize=
#   JVM is running with Unscaled Compressed Oops mode in which the Java heap is
#     placed in the first 4GB address space. The Java Heap base address is the
#     maximum limit for the native heap growth. Please use -XX:HeapBaseMinAddress
#     to set the Java Heap base and to place the Java Heap above 4GB virtual address.
# This output file may be truncated or incomplete.
#
#  Out of Memory Error (arena.cpp:191), pid=7740, tid=10364
#
# JRE version: OpenJDK Runtime Environment Temurin-17.0.11+9 (17.0.11+9) (build 17.0.11+9)
# Java VM: OpenJDK 64-Bit Server VM Temurin-17.0.11+9 (17.0.11+9, mixed mode, tiered, compressed oops, compressed class ptrs, parallel gc, windows-amd64)
# No core dump will be written. Minidumps are not enabled by default on client versions of Windows
#

---------------  S U M M A R Y ------------

Command Line: --add-modules=ALL-SYSTEM --add-opens=java.base/java.util=ALL-UNNAMED --add-opens=java.base/java.lang=ALL-UNNAMED --add-opens=java.base/sun.nio.fs=ALL-UNNAMED -Declipse.application=org.eclipse.jdt.ls.core.id1 -Dosgi.bundles.defaultStartLevel=4 -Declipse.product=org.eclipse.jdt.ls.core.product -Djava.import.generatesMetadataFilesAtProjectRoot=false -DDetectVMInstallationsJob.disabled=true -Dfile.encoding=utf8 -XX:+UseParallelGC -XX:GCTimeRatio=4 -XX:AdaptiveSizePolicyWeight=90 -Dsun.zip.disableMemoryMapping=true -Xmx1G -Xms100m -Xlog:disable -javaagent:c:\Users\thinkpad\.vscode\extensions\redhat.java-1.32.0-win32-x64\lombok\lombok-1.18.33.jar c:\Users\thinkpad\.vscode\extensions\redhat.java-1.32.0-win32-x64\server\plugins\org.eclipse.equinox.launcher_1.6.900.v20240613-2009.jar -configuration c:\Users\thinkpad\AppData\Roaming\Code\User\globalStorage\redhat.java\1.32.0\config_ss_win -data c:\Users\thinkpad\AppData\Roaming\Code\User\workspaceStorage\51565181f65691b3f7f12234beb67880\redhat.java\ss_ws --pipe=\\.\pipe\lsp-be5e11371de99058ef68f267007406e0-sock

Host: Intel(R) Core(TM) i5-1035G1 CPU @ 1.00GHz, 8 cores, 7G,  Windows 11 , 64 bit Build 22621 (10.0.22621.3672)
Time: Sun Jul  7 23:02:16 2024 Maroc (heure d64 bit Build 22621 (10.0.22621.3672) elapsed time: 5.746199 seconds (0d 0h 0m 5s)

---------------  T H R E A D  ---------------

Current thread (0x00000261fd7f6110):  JavaThread "C2 CompilerThread0" daemon [_thread_in_native, id=10364, stack(0x0000007937c00000,0x0000007937d00000)]


Current CompileTask:
C2:   5746 2495       4       org.lombokweb.asm.ClassReader::readMethod (1066 bytes)

Stack: [0x0000007937c00000,0x0000007937d00000]
Native frames: (J=compiled Java code, j=interpreted, Vv=VM code, C=native code)
V  [jvm.dll+0x67d429]
V  [jvm.dll+0x834b7a]
V  [jvm.dll+0x83663e]
V  [jvm.dll+0x836ca3]
V  [jvm.dll+0x247dbf]
V  [jvm.dll+0xac534]
V  [jvm.dll+0xacb7c]
V  [jvm.dll+0x2af2cf]
V  [jvm.dll+0x5848b7]
V  [jvm.dll+0x222d82]
V  [jvm.dll+0x22317f]
V  [jvm.dll+0x21c2a0]
V  [jvm.dll+0x2197a1]
V  [jvm.dll+0x1a534d]
V  [jvm.dll+0x2295cd]
V  [jvm.dll+0x22779c]
V  [jvm.dll+0x7e9d07]
V  [jvm.dll+0x7e410a]
V  [jvm.dll+0x67c315]
C  [ucrtbase.dll+0x29333]
C  [KERNEL32.DLL+0x1257d]
C  [ntdll.dll+0x5af28]


---------------  P R O C E S S  ---------------

Threads class SMR info:
_java_thread_list=0x00000261806992c0, length=20, elements={
0x00000261e48000c0, 0x00000261fd7c2ee0, 0x00000261fd7c74e0, 0x00000261f8687cf0,
0x00000261f86887c0, 0x00000261fd7eaba0, 0x00000261fd7ebf00, 0x00000261fd7f6110,
0x00000261fd7fa290, 0x00000261fd7faba0, 0x00000261e4861d90, 0x00000261fd9f60c0,
0x00000261ff0cf290, 0x000002618013b440, 0x0000026180090aa0, 0x0000026180344010,
0x0000026180149f50, 0x0000026180432c80, 0x0000026180434ae0, 0x0000026180434ff0
}

Java Threads: ( => current thread )
  0x00000261e48000c0 JavaThread "main" [_thread_blocked, id=8504, stack(0x0000007937300000,0x0000007937400000)]
  0x00000261fd7c2ee0 JavaThread "Reference Handler" daemon [_thread_blocked, id=11160, stack(0x0000007937600000,0x0000007937700000)]
  0x00000261fd7c74e0 JavaThread "Finalizer" daemon [_thread_blocked, id=5184, stack(0x0000007937700000,0x0000007937800000)]
  0x00000261f8687cf0 JavaThread "Signal Dispatcher" daemon [_thread_blocked, id=14784, stack(0x0000007937800000,0x0000007937900000)]
  0x00000261f86887c0 JavaThread "Attach Listener" daemon [_thread_blocked, id=12348, stack(0x0000007937900000,0x0000007937a00000)]
  0x00000261fd7eaba0 JavaThread "Service Thread" daemon [_thread_blocked, id=3660, stack(0x0000007937a00000,0x0000007937b00000)]
  0x00000261fd7ebf00 JavaThread "Monitor Deflation Thread" daemon [_thread_blocked, id=14360, stack(0x0000007937b00000,0x0000007937c00000)]
=>0x00000261fd7f6110 JavaThread "C2 CompilerThread0" daemon [_thread_in_native, id=10364, stack(0x0000007937c00000,0x0000007937d00000)]
  0x00000261fd7fa290 JavaThread "C1 CompilerThread0" daemon [_thread_blocked, id=14384, stack(0x0000007937d00000,0x0000007937e00000)]
  0x00000261fd7faba0 JavaThread "Sweeper thread" daemon [_thread_blocked, id=4516, stack(0x0000007937e00000,0x0000007937f00000)]
  0x00000261e4861d90 JavaThread "Common-Cleaner" daemon [_thread_blocked, id=11792, stack(0x0000007937f00000,0x0000007938000000)]
  0x00000261fd9f60c0 JavaThread "Notification Thread" daemon [_thread_blocked, id=14368, stack(0x0000007938100000,0x0000007938200000)]
  0x00000261ff0cf290 JavaThread "Active Thread: Equinox Container: 7431dee2-1c5a-4b19-bba6-93d539dc8d92" [_thread_blocked, id=2376, stack(0x0000007938900000,0x0000007938a00000)]
  0x000002618013b440 JavaThread "Framework Event Dispatcher: Equinox Container: 7431dee2-1c5a-4b19-bba6-93d539dc8d92" daemon [_thread_blocked, id=2124, stack(0x0000007938a00000,0x0000007938b00000)]
  0x0000026180090aa0 JavaThread "Start Level: Equinox Container: 7431dee2-1c5a-4b19-bba6-93d539dc8d92" daemon [_thread_in_vm, id=1812, stack(0x0000007938b00000,0x0000007938c00000)]
  0x0000026180344010 JavaThread "SCR Component Actor" daemon [_thread_blocked, id=8660, stack(0x0000007938c00000,0x0000007938d00000)]
  0x0000026180149f50 JavaThread "SCR Component Registry" daemon [_thread_blocked, id=6404, stack(0x0000007938800000,0x0000007938900000)]
  0x0000026180432c80 JavaThread "Worker-JM" [_thread_blocked, id=9432, stack(0x0000007938e00000,0x0000007938f00000)]
  0x0000026180434ae0 JavaThread "Worker-0" [_thread_blocked, id=1388, stack(0x0000007939100000,0x0000007939200000)]
  0x0000026180434ff0 JavaThread "Worker-1" [_thread_blocked, id=5280, stack(0x0000007939200000,0x0000007939300000)]

Other Threads:
  0x00000261e4887cd0 VMThread "VM Thread" [stack: 0x0000007937500000,0x0000007937600000] [id=160]
  0x00000261fd9f65a0 WatcherThread [stack: 0x0000007938200000,0x0000007938300000] [id=2160]
  0x00000261e4815520 GCTaskThread "GC Thread#0" [stack: 0x0000007937400000,0x0000007937500000] [id=15016]
  0x00000261ff144030 GCTaskThread "GC Thread#1" [stack: 0x0000007938000000,0x0000007938100000] [id=5264]
  0x00000261fecd8ce0 GCTaskThread "GC Thread#2" [stack: 0x0000007938300000,0x0000007938400000] [id=2508]
  0x00000261fecd8fa0 GCTaskThread "GC Thread#3" [stack: 0x0000007938400000,0x0000007938500000] [id=5916]
  0x00000261ff146c30 GCTaskThread "GC Thread#4" [stack: 0x0000007938500000,0x0000007938600000] [id=3656]
  0x00000261ff146ef0 GCTaskThread "GC Thread#5" [stack: 0x0000007938600000,0x0000007938700000] [id=10532]
  0x00000261ff1471b0 GCTaskThread "GC Thread#6" [stack: 0x0000007938700000,0x0000007938800000] [id=14288]
  0x00000261feba2f70 GCTaskThread "GC Thread#7" [stack: 0x0000007938d00000,0x0000007938e00000] [id=11972]

Threads with active compile tasks:
C2 CompilerThread0     5789 2495       4       org.lombokweb.asm.ClassReader::readMethod (1066 bytes)

VM state: not at safepoint (normal execution)

VM Mutex/Monitor currently owned by a thread:  ([mutex/lock_event])
[0x00000261e47fb020] Metaspace_lock - owner thread: 0x0000026180090aa0

Heap address: 0x00000000c0000000, size: 1024 MB, Compressed Oops mode: 32-bit

CDS archive(s) not mapped
Compressed class space mapped at: 0x0000000100000000-0x0000000140000000, reserved size: 1073741824
Narrow klass base: 0x0000000000000000, Narrow klass shift: 3, Narrow klass range: 0x140000000

GC Precious Log:
 CPUs: 8 total, 8 available
 Memory: 7997M
 Large Page Support: Disabled
 NUMA Support: Disabled
 Compressed Oops: Enabled (32-bit)
 Alignments: Space 512K, Generation 512K, Heap 2M
 Heap Min Capacity: 100M
 Heap Initial Capacity: 100M
 Heap Max Capacity: 1G
 Pre-touch: Disabled
 Parallel Workers: 8

Heap:
 PSYoungGen      total 26112K, used 10692K [0x00000000eab00000, 0x00000000ec980000, 0x0000000100000000)
  eden space 25088K, 39% used [0x00000000eab00000,0x00000000eb4b8070,0x00000000ec380000)
  from space 1024K, 72% used [0x00000000ec400000,0x00000000ec4b90e0,0x00000000ec500000)
  to   space 3072K, 0% used [0x00000000ec680000,0x00000000ec680000,0x00000000ec980000)
 ParOldGen       total 68608K, used 9143K [0x00000000c0000000, 0x00000000c4300000, 0x00000000eab00000)
  object space 68608K, 13% used [0x00000000c0000000,0x00000000c08edfb0,0x00000000c4300000)
 Metaspace       used 25937K, committed 26432K, reserved 1114112K
  class space    used 2540K, committed 2752K, reserved 1048576K

Card table byte_map: [0x00000261e4190000,0x00000261e43a0000] _byte_map_base: 0x00000261e3b90000

Marking Bits: (ParMarkBitMap*) 0x00007ffb01e4d820
 Begin Bits: [0x00000261f6490000, 0x00000261f7490000)
 End Bits:   [0x00000261f7490000, 0x00000261f8490000)

Polling page: 0x00000261e2950000

Metaspace:

Usage:
  Non-class:     22.85 MB used.
      Class:      2.48 MB used.
       Both:     25.33 MB used.

Virtual space:
  Non-class space:       64.00 MB reserved,      23.12 MB ( 36%) committed,  1 nodes.
      Class space:        1.00 GB reserved,       2.69 MB ( <1%) committed,  1 nodes.
             Both:        1.06 GB reserved,      25.81 MB (  2%) committed. 

Chunk freelists:
   Non-Class:  8.86 MB
       Class:  13.27 MB
        Both:  22.12 MB

MaxMetaspaceSize: unlimited
CompressedClassSpaceSize: 1.00 GB
Initial GC threshold: 21.00 MB
Current GC threshold: 35.00 MB
CDS: off
MetaspaceReclaimPolicy: balanced
 - commit_granule_bytes: 65536.
 - commit_granule_words: 8192.
 - virtual_space_node_default_size: 8388608.
 - enlarge_chunks_in_place: 1.
 - new_chunks_are_fully_committed: 0.
 - uncommit_free_chunks: 1.
 - use_allocation_guard: 0.
 - handle_deallocations: 1.


Internal statistics:

num_allocs_failed_limit: 3.
num_arena_births: 282.
num_arena_deaths: 14.
num_vsnodes_births: 2.
num_vsnodes_deaths: 0.
num_space_committed: 413.
num_space_uncommitted: 0.
num_chunks_returned_to_freelist: 17.
num_chunks_taken_from_freelist: 967.
num_chunk_merges: 8.
num_chunk_splits: 630.
num_chunks_enlarged: 435.
num_inconsistent_stats: 0.

CodeHeap 'non-profiled nmethods': size=120000Kb used=1106Kb max_used=1106Kb free=118893Kb
 bounds [0x00000261eef60000, 0x00000261ef1d0000, 0x00000261f6490000]
CodeHeap 'profiled nmethods': size=120000Kb used=4859Kb max_used=4859Kb free=115140Kb
 bounds [0x00000261e7490000, 0x00000261e7950000, 0x00000261ee9c0000]
CodeHeap 'non-nmethods': size=5760Kb used=1227Kb max_used=1232Kb free=4532Kb
 bounds [0x00000261ee9c0000, 0x00000261eec30000, 0x00000261eef60000]
 total_blobs=3033 nmethods=2506 adapters=441
 compilation: enabled
              stopped_count=0, restarted_count=0
 full_count=0

Compilation events (20 events):
Event: 5.587 Thread 0x00000261fd7fa290 2493       3       org.lombokweb.asm.MethodWriter::putFrameType (84 bytes)
Event: 5.587 Thread 0x00000261fd7fa290 nmethod 2493 0x00000261e7941590 code [0x00000261e7941800, 0x00000261e79421e8]
Event: 5.587 Thread 0x00000261fd7fa290 2491       3       org.lombokweb.asm.ClassReader::readVerificationTypeInfo (184 bytes)
Event: 5.589 Thread 0x00000261fd7fa290 nmethod 2491 0x00000261e7942510 code [0x00000261e7942860, 0x00000261e7944108]
Event: 5.589 Thread 0x00000261fd7fa290 2494       3       org.lombokweb.asm.MethodVisitor::visitLineNumber (17 bytes)
Event: 5.590 Thread 0x00000261fd7fa290 nmethod 2494 0x00000261e7944990 code [0x00000261e7944b40, 0x00000261e7944d48]
Event: 5.592 Thread 0x00000261fd7f6110 nmethod 2486 0x00000261ef073c10 code [0x00000261ef073dc0, 0x00000261ef074418]
Event: 5.592 Thread 0x00000261fd7f6110 2495       4       org.lombokweb.asm.ClassReader::readMethod (1066 bytes)
Event: 5.605 Thread 0x00000261fd7fa290 2496       3       org.lombokweb.asm.ClassReader::readLong (29 bytes)
Event: 5.606 Thread 0x00000261fd7fa290 nmethod 2496 0x00000261e7944e10 code [0x00000261e7944fc0, 0x00000261e7945178]
Event: 5.706 Thread 0x00000261fd7fa290 2498       3       org.lombokweb.asm.SymbolTable::addConstantIntegerOrFloat (100 bytes)
Event: 5.707 Thread 0x00000261fd7fa290 nmethod 2498 0x00000261e7945290 code [0x00000261e79454a0, 0x00000261e79459f8]
Event: 5.707 Thread 0x00000261fd7fa290 2500       3       lombok.patcher.scripts.AddFieldScript$1::visitField (35 bytes)
Event: 5.708 Thread 0x00000261fd7fa290 nmethod 2500 0x00000261e7945c90 code [0x00000261e7945e40, 0x00000261e79460b8]
Event: 5.709 Thread 0x00000261fd7fa290 2501 %     3       org.lombokweb.asm.ClassReader::<init> @ 110 (371 bytes)
Event: 5.712 Thread 0x00000261fd7fa290 nmethod 2501% 0x00000261e7946210 code [0x00000261e7946500, 0x00000261e7947858]
Event: 5.712 Thread 0x00000261fd7fa290 2502 %     3       org.lombokweb.asm.SymbolTable::<init> @ 98 (536 bytes)
Event: 5.717 Thread 0x00000261fd7fa290 nmethod 2502% 0x00000261e7947e10 code [0x00000261e79483c0, 0x00000261e794afc8]
Event: 5.717 Thread 0x00000261fd7fa290 2503       3       java.util.regex.Pattern$BmpCharPropertyGreedy::match (89 bytes)
Event: 5.718 Thread 0x00000261fd7fa290 nmethod 2503 0x00000261e794c190 code [0x00000261e794c380, 0x00000261e794c9c8]

GC Heap History (12 events):
Event: 1.565 GC heap before
{Heap before GC invocations=1 (full 0):
 PSYoungGen      total 29696K, used 25600K [0x00000000eab00000, 0x00000000ecc00000, 0x0000000100000000)
  eden space 25600K, 100% used [0x00000000eab00000,0x00000000ec400000,0x00000000ec400000)
  from space 4096K, 0% used [0x00000000ec800000,0x00000000ec800000,0x00000000ecc00000)
  to   space 4096K, 0% used [0x00000000ec400000,0x00000000ec400000,0x00000000ec800000)
 ParOldGen       total 68608K, used 0K [0x00000000c0000000, 0x00000000c4300000, 0x00000000eab00000)
  object space 68608K, 0% used [0x00000000c0000000,0x00000000c0000000,0x00000000c4300000)
 Metaspace       used 10970K, committed 11200K, reserved 1114112K
  class space    used 1092K, committed 1216K, reserved 1048576K
}
Event: 1.580 GC heap after
{Heap after GC invocations=1 (full 0):
 PSYoungGen      total 29696K, used 3172K [0x00000000eab00000, 0x00000000ecc00000, 0x0000000100000000)
  eden space 25600K, 0% used [0x00000000eab00000,0x00000000eab00000,0x00000000ec400000)
  from space 4096K, 77% used [0x00000000ec400000,0x00000000ec719278,0x00000000ec800000)
  to   space 4096K, 0% used [0x00000000ec800000,0x00000000ec800000,0x00000000ecc00000)
 ParOldGen       total 68608K, used 8K [0x00000000c0000000, 0x00000000c4300000, 0x00000000eab00000)
  object space 68608K, 0% used [0x00000000c0000000,0x00000000c0002000,0x00000000c4300000)
 Metaspace       used 10970K, committed 11200K, reserved 1114112K
  class space    used 1092K, committed 1216K, reserved 1048576K
}
Event: 2.844 GC heap before
{Heap before GC invocations=2 (full 0):
 PSYoungGen      total 29696K, used 28772K [0x00000000eab00000, 0x00000000ecc00000, 0x0000000100000000)
  eden space 25600K, 100% used [0x00000000eab00000,0x00000000ec400000,0x00000000ec400000)
  from space 4096K, 77% used [0x00000000ec400000,0x00000000ec719278,0x00000000ec800000)
  to   space 4096K, 0% used [0x00000000ec800000,0x00000000ec800000,0x00000000ecc00000)
 ParOldGen       total 68608K, used 8K [0x00000000c0000000, 0x00000000c4300000, 0x00000000eab00000)
  object space 68608K, 0% used [0x00000000c0000000,0x00000000c0002000,0x00000000c4300000)
 Metaspace       used 14767K, committed 15040K, reserved 1114112K
  class space    used 1495K, committed 1664K, reserved 1048576K
}
Event: 2.854 GC heap after
{Heap after GC invocations=2 (full 0):
 PSYoungGen      total 29696K, used 4083K [0x00000000eab00000, 0x00000000ecc00000, 0x0000000100000000)
  eden space 25600K, 0% used [0x00000000eab00000,0x00000000eab00000,0x00000000ec400000)
  from space 4096K, 99% used [0x00000000ec800000,0x00000000ecbfcf38,0x00000000ecc00000)
  to   space 4096K, 0% used [0x00000000ec400000,0x00000000ec400000,0x00000000ec800000)
 ParOldGen       total 68608K, used 786K [0x00000000c0000000, 0x00000000c4300000, 0x00000000eab00000)
  object space 68608K, 1% used [0x00000000c0000000,0x00000000c00c4b60,0x00000000c4300000)
 Metaspace       used 14767K, committed 15040K, reserved 1114112K
  class space    used 1495K, committed 1664K, reserved 1048576K
}
Event: 3.967 GC heap before
{Heap before GC invocations=3 (full 0):
 PSYoungGen      total 29696K, used 29683K [0x00000000eab00000, 0x00000000ecc00000, 0x0000000100000000)
  eden space 25600K, 100% used [0x00000000eab00000,0x00000000ec400000,0x00000000ec400000)
  from space 4096K, 99% used [0x00000000ec800000,0x00000000ecbfcf38,0x00000000ecc00000)
  to   space 4096K, 0% used [0x00000000ec400000,0x00000000ec400000,0x00000000ec800000)
 ParOldGen       total 68608K, used 786K [0x00000000c0000000, 0x00000000c4300000, 0x00000000eab00000)
  object space 68608K, 1% used [0x00000000c0000000,0x00000000c00c4b60,0x00000000c4300000)
 Metaspace       used 19711K, committed 20096K, reserved 1114112K
  class space    used 2011K, committed 2176K, reserved 1048576K
}
Event: 3.975 GC heap after
{Heap after GC invocations=3 (full 0):
 PSYoungGen      total 29696K, used 4090K [0x00000000eab00000, 0x00000000ecc00000, 0x0000000100000000)
  eden space 25600K, 0% used [0x00000000eab00000,0x00000000eab00000,0x00000000ec400000)
  from space 4096K, 99% used [0x00000000ec400000,0x00000000ec7feb60,0x00000000ec800000)
  to   space 4096K, 0% used [0x00000000ec800000,0x00000000ec800000,0x00000000ecc00000)
 ParOldGen       total 68608K, used 2760K [0x00000000c0000000, 0x00000000c4300000, 0x00000000eab00000)
  object space 68608K, 4% used [0x00000000c0000000,0x00000000c02b23d0,0x00000000c4300000)
 Metaspace       used 19711K, committed 20096K, reserved 1114112K
  class space    used 2011K, committed 2176K, reserved 1048576K
}
Event: 4.511 GC heap before
{Heap before GC invocations=4 (full 0):
 PSYoungGen      total 29696K, used 15012K [0x00000000eab00000, 0x00000000ecc00000, 0x0000000100000000)
  eden space 25600K, 42% used [0x00000000eab00000,0x00000000eb5aa6e0,0x00000000ec400000)
  from space 4096K, 99% used [0x00000000ec400000,0x00000000ec7feb60,0x00000000ec800000)
  to   space 4096K, 0% used [0x00000000ec800000,0x00000000ec800000,0x00000000ecc00000)
 ParOldGen       total 68608K, used 2760K [0x00000000c0000000, 0x00000000c4300000, 0x00000000eab00000)
  object space 68608K, 4% used [0x00000000c0000000,0x00000000c02b23d0,0x00000000c4300000)
 Metaspace       used 21045K, committed 21504K, reserved 1114112K
  class space    used 2142K, committed 2368K, reserved 1048576K
}
Event: 4.518 GC heap after
{Heap after GC invocations=4 (full 0):
 PSYoungGen      total 29696K, used 4076K [0x00000000eab00000, 0x00000000ecc00000, 0x0000000100000000)
  eden space 25600K, 0% used [0x00000000eab00000,0x00000000eab00000,0x00000000ec400000)
  from space 4096K, 99% used [0x00000000ec800000,0x00000000ecbfb128,0x00000000ecc00000)
  to   space 4096K, 0% used [0x00000000ec400000,0x00000000ec400000,0x00000000ec800000)
 ParOldGen       total 68608K, used 5209K [0x00000000c0000000, 0x00000000c4300000, 0x00000000eab00000)
  object space 68608K, 7% used [0x00000000c0000000,0x00000000c0516660,0x00000000c4300000)
 Metaspace       used 21045K, committed 21504K, reserved 1114112K
  class space    used 2142K, committed 2368K, reserved 1048576K
}
Event: 4.518 GC heap before
{Heap before GC invocations=5 (full 1):
 PSYoungGen      total 29696K, used 4076K [0x00000000eab00000, 0x00000000ecc00000, 0x0000000100000000)
  eden space 25600K, 0% used [0x00000000eab00000,0x00000000eab00000,0x00000000ec400000)
  from space 4096K, 99% used [0x00000000ec800000,0x00000000ecbfb128,0x00000000ecc00000)
  to   space 4096K, 0% used [0x00000000ec400000,0x00000000ec400000,0x00000000ec800000)
 ParOldGen       total 68608K, used 5209K [0x00000000c0000000, 0x00000000c4300000, 0x00000000eab00000)
  object space 68608K, 7% used [0x00000000c0000000,0x00000000c0516660,0x00000000c4300000)
 Metaspace       used 21045K, committed 21504K, reserved 1114112K
  class space    used 2142K, committed 2368K, reserved 1048576K
}
Event: 4.562 GC heap after
{Heap after GC invocations=5 (full 1):
 PSYoungGen      total 29696K, used 0K [0x00000000eab00000, 0x00000000ecc00000, 0x0000000100000000)
  eden space 25600K, 0% used [0x00000000eab00000,0x00000000eab00000,0x00000000ec400000)
  from space 4096K, 0% used [0x00000000ec800000,0x00000000ec800000,0x00000000ecc00000)
  to   space 4096K, 0% used [0x00000000ec400000,0x00000000ec400000,0x00000000ec800000)
 ParOldGen       total 68608K, used 9135K [0x00000000c0000000, 0x00000000c4300000, 0x00000000eab00000)
  object space 68608K, 13% used [0x00000000c0000000,0x00000000c08ebfb0,0x00000000c4300000)
 Metaspace       used 21032K, committed 21504K, reserved 1114112K
  class space    used 2138K, committed 2368K, reserved 1048576K
}
Event: 5.543 GC heap before
{Heap before GC invocations=6 (full 1):
 PSYoungGen      total 29696K, used 25600K [0x00000000eab00000, 0x00000000ecc00000, 0x0000000100000000)
  eden space 25600K, 100% used [0x00000000eab00000,0x00000000ec400000,0x00000000ec400000)
  from space 4096K, 0% used [0x00000000ec800000,0x00000000ec800000,0x00000000ecc00000)
  to   space 4096K, 0% used [0x00000000ec400000,0x00000000ec400000,0x00000000ec800000)
 ParOldGen       total 68608K, used 9135K [0x00000000c0000000, 0x00000000c4300000, 0x00000000eab00000)
  object space 68608K, 13% used [0x00000000c0000000,0x00000000c08ebfb0,0x00000000c4300000)
 Metaspace       used 24144K, committed 24704K, reserved 1114112K
  class space    used 2392K, committed 2624K, reserved 1048576K
}
Event: 5.545 GC heap after
{Heap after GC invocations=6 (full 1):
 PSYoungGen      total 26112K, used 740K [0x00000000eab00000, 0x00000000ec980000, 0x0000000100000000)
  eden space 25088K, 0% used [0x00000000eab00000,0x00000000eab00000,0x00000000ec380000)
  from space 1024K, 72% used [0x00000000ec400000,0x00000000ec4b90e0,0x00000000ec500000)
  to   space 3072K, 0% used [0x00000000ec680000,0x00000000ec680000,0x00000000ec980000)
 ParOldGen       total 68608K, used 9143K [0x00000000c0000000, 0x00000000c4300000, 0x00000000eab00000)
  object space 68608K, 13% used [0x00000000c0000000,0x00000000c08edfb0,0x00000000c4300000)
 Metaspace       used 24144K, committed 24704K, reserved 1114112K
  class space    used 2392K, committed 2624K, reserved 1048576K
}

Dll operation events (9 events):
Event: 0.019 Loaded shared library c:\Users\thinkpad\.vscode\extensions\redhat.java-1.32.0-win32-x64\jre\17.0.11-win32-x86_64\bin\java.dll
Event: 0.389 Loaded shared library c:\Users\thinkpad\.vscode\extensions\redhat.java-1.32.0-win32-x64\jre\17.0.11-win32-x86_64\bin\zip.dll
Event: 0.396 Loaded shared library C:\Users\thinkpad\.vscode\extensions\redhat.java-1.32.0-win32-x64\jre\17.0.11-win32-x86_64\bin\instrument.dll
Event: 0.423 Loaded shared library C:\Users\thinkpad\.vscode\extensions\redhat.java-1.32.0-win32-x64\jre\17.0.11-win32-x86_64\bin\net.dll
Event: 0.426 Loaded shared library C:\Users\thinkpad\.vscode\extensions\redhat.java-1.32.0-win32-x64\jre\17.0.11-win32-x86_64\bin\nio.dll
Event: 0.440 Loaded shared library C:\Users\thinkpad\.vscode\extensions\redhat.java-1.32.0-win32-x64\jre\17.0.11-win32-x86_64\bin\zip.dll
Event: 0.474 Loaded shared library C:\Users\thinkpad\.vscode\extensions\redhat.java-1.32.0-win32-x64\jre\17.0.11-win32-x86_64\bin\jimage.dll
Event: 0.579 Loaded shared library c:\Users\thinkpad\.vscode\extensions\redhat.java-1.32.0-win32-x64\jre\17.0.11-win32-x86_64\bin\verify.dll
Event: 2.598 Loaded shared library C:\Users\thinkpad\AppData\Roaming\Code\User\globalStorage\redhat.java\1.32.0\config_ss_win\org.eclipse.equinox.launcher\org.eclipse.equinox.launcher.win32.win32.x86_64_1.2.1100.v20240613-2013\eclipse_11903.dll

Deoptimization events (20 events):
Event: 4.668 Thread 0x0000026180090aa0 Uncommon trap: trap_request=0xffffff45 fr.pc=0x00000261eef8b248 relative=0x0000000000000048
Event: 4.668 Thread 0x0000026180090aa0 Uncommon trap: reason=unstable_if action=reinterpret pc=0x00000261eef8b248 method=java.lang.CharacterData.of(I)Ljava/lang/CharacterData; @ 4 c2
Event: 4.668 Thread 0x0000026180090aa0 DEOPT PACKING pc=0x00000261eef8b248 sp=0x0000007938bf4270
Event: 4.668 Thread 0x0000026180090aa0 DEOPT UNPACKING pc=0x00000261eea19ea3 sp=0x0000007938bf4208 mode 2
Event: 4.674 Thread 0x0000026180090aa0 Uncommon trap: trap_request=0xffffff45 fr.pc=0x00000261eef7a2b0 relative=0x0000000000000390
Event: 4.674 Thread 0x0000026180090aa0 Uncommon trap: reason=unstable_if action=reinterpret pc=0x00000261eef7a2b0 method=java.lang.StringLatin1.canEncode(I)Z @ 4 c2
Event: 4.674 Thread 0x0000026180090aa0 DEOPT PACKING pc=0x00000261eef7a2b0 sp=0x0000007938bf4a50
Event: 4.675 Thread 0x0000026180090aa0 DEOPT UNPACKING pc=0x00000261eea19ea3 sp=0x0000007938bf4978 mode 2
Event: 4.675 Thread 0x0000026180090aa0 Uncommon trap: trap_request=0xffffff45 fr.pc=0x00000261eef9ed24 relative=0x0000000000000384
Event: 4.675 Thread 0x0000026180090aa0 Uncommon trap: reason=unstable_if action=reinterpret pc=0x00000261eef9ed24 method=java.lang.StringLatin1.canEncode(I)Z @ 4 c2
Event: 4.675 Thread 0x0000026180090aa0 DEOPT PACKING pc=0x00000261eef9ed24 sp=0x0000007938bf49f0
Event: 4.675 Thread 0x0000026180090aa0 DEOPT UNPACKING pc=0x00000261eea19ea3 sp=0x0000007938bf4970 mode 2
Event: 4.675 Thread 0x0000026180090aa0 Uncommon trap: trap_request=0xffffff45 fr.pc=0x00000261eef82a38 relative=0x0000000000000038
Event: 4.675 Thread 0x0000026180090aa0 Uncommon trap: reason=unstable_if action=reinterpret pc=0x00000261eef82a38 method=java.lang.StringLatin1.canEncode(I)Z @ 4 c2
Event: 4.675 Thread 0x0000026180090aa0 DEOPT PACKING pc=0x00000261eef82a38 sp=0x0000007938bf49e0
Event: 4.675 Thread 0x0000026180090aa0 DEOPT UNPACKING pc=0x00000261eea19ea3 sp=0x0000007938bf4970 mode 2
Event: 4.896 Thread 0x0000026180090aa0 Uncommon trap: trap_request=0xffffff45 fr.pc=0x00000261ef0699ec relative=0x00000000000007ac
Event: 4.896 Thread 0x0000026180090aa0 Uncommon trap: reason=unstable_if action=reinterpret pc=0x00000261ef0699ec method=org.lombokweb.asm.ClassReader.readUTF8(I[C)Ljava/lang/String; @ 11 c2
Event: 4.896 Thread 0x0000026180090aa0 DEOPT PACKING pc=0x00000261ef0699ec sp=0x0000007938bef960
Event: 4.896 Thread 0x0000026180090aa0 DEOPT UNPACKING pc=0x00000261eea19ea3 sp=0x0000007938bef958 mode 2

Classes unloaded (7 events):
Event: 4.527 Thread 0x00000261e4887cd0 Unloading class 0x0000000100222400 'java/lang/invoke/LambdaForm$MH+0x0000000100222400'
Event: 4.527 Thread 0x00000261e4887cd0 Unloading class 0x0000000100222000 'java/lang/invoke/LambdaForm$MH+0x0000000100222000'
Event: 4.527 Thread 0x00000261e4887cd0 Unloading class 0x0000000100221c00 'java/lang/invoke/LambdaForm$MH+0x0000000100221c00'
Event: 4.527 Thread 0x00000261e4887cd0 Unloading class 0x0000000100221800 'java/lang/invoke/LambdaForm$MH+0x0000000100221800'
Event: 4.527 Thread 0x00000261e4887cd0 Unloading class 0x0000000100221400 'java/lang/invoke/LambdaForm$BMH+0x0000000100221400'
Event: 4.527 Thread 0x00000261e4887cd0 Unloading class 0x0000000100221000 'java/lang/invoke/LambdaForm$DMH+0x0000000100221000'
Event: 4.527 Thread 0x00000261e4887cd0 Unloading class 0x000000010021c400 'java/lang/invoke/LambdaForm$DMH+0x000000010021c400'

Classes redefined (0 events):
No events

Internal exceptions (20 events):
Event: 3.821 Thread 0x0000026180090aa0 Exception <a 'java/lang/NoSuchMethodError'{0x00000000ec1cda40}: 'int java.lang.invoke.DirectMethodHandle$Holder.invokeSpecial(java.lang.Object, java.lang.Object, java.lang.Object, int)'> (0x00000000ec1cda40) 
thrown [s\src\hotspot\share\interpreter\linkResolver.cpp, line 759]
Event: 3.827 Thread 0x0000026180090aa0 Exception <a 'java/lang/NoSuchMethodError'{0x00000000ec1ea178}: 'java.lang.Object java.lang.invoke.DirectMethodHandle$Holder.invokeStatic(java.lang.Object, java.lang.Object, java.lang.Object, java.lang.Object, int)'> (0x00000000ec1ea178) 
thrown [s\src\hotspot\share\interpreter\linkResolver.cpp, line 759]
Event: 3.831 Thread 0x0000026180090aa0 Exception <a 'java/lang/NoSuchMethodError'{0x00000000ec1f6170}: 'java.lang.Object java.lang.invoke.DelegatingMethodHandle$Holder.reinvoke_L(java.lang.Object, java.lang.Object, java.lang.Object, java.lang.Object, int, int)'> (0x00000000ec1f6170) 
thrown [s\src\hotspot\share\interpreter\linkResolver.cpp, line 759]
Event: 3.841 Thread 0x0000026180090aa0 Exception <a 'java/lang/NoSuchMethodError'{0x00000000ec20af58}: 'java.lang.Object java.lang.invoke.Invokers$Holder.invokeExact_MT(java.lang.Object, java.lang.Object, java.lang.Object, java.lang.Object)'> (0x00000000ec20af58) 
thrown [s\src\hotspot\share\interpreter\linkResolver.cpp, line 759]
Event: 4.003 Thread 0x0000026180090aa0 Exception <a 'java/io/FileNotFoundException'{0x00000000eabe7500}> (0x00000000eabe7500) 
thrown [s\src\hotspot\share\prims\jni.cpp, line 516]
Event: 4.005 Thread 0x0000026180090aa0 Exception <a 'java/io/FileNotFoundException'{0x00000000eabef228}> (0x00000000eabef228) 
thrown [s\src\hotspot\share\prims\jni.cpp, line 516]
Event: 4.305 Thread 0x0000026180090aa0 Exception <a 'java/lang/NoSuchMethodError'{0x00000000eb1eedf0}: 'java.lang.Object java.lang.invoke.DirectMethodHandle$Holder.newInvokeSpecial(java.lang.Object, java.lang.Object, java.lang.Object, java.lang.Object, java.lang.Object)'> (0x00000000eb1eedf0) 
thrown [s\src\hotspot\share\interpreter\linkResolver.cpp, line 759]
Event: 4.382 Thread 0x0000026180090aa0 Exception <a 'java/lang/NoSuchMethodError'{0x00000000eb388c68}: 'java.lang.Object java.lang.invoke.DirectMethodHandle$Holder.invokeStaticInit(java.lang.Object, int)'> (0x00000000eb388c68) 
thrown [s\src\hotspot\share\interpreter\linkResolver.cpp, line 759]
Event: 4.578 Thread 0x0000026180090aa0 Exception <a 'java/lang/NoSuchMethodError'{0x00000000eab79f60}: 'java.lang.Object java.lang.invoke.DirectMethodHandle$Holder.invokeSpecial(java.lang.Object, java.lang.Object, java.lang.Object, long, java.lang.Object)'> (0x00000000eab79f60) 
thrown [s\src\hotspot\share\interpreter\linkResolver.cpp, line 759]
Event: 4.580 Thread 0x0000026180090aa0 Exception <a 'java/lang/NoSuchMethodError'{0x00000000eab82118}: 'java.lang.Object java.lang.invoke.DirectMethodHandle$Holder.newInvokeSpecial(java.lang.Object, java.lang.Object, java.lang.Object, long)'> (0x00000000eab82118) 
thrown [s\src\hotspot\share\interpreter\linkResolver.cpp, line 759]
Event: 4.581 Thread 0x0000026180090aa0 Exception <a 'java/lang/NoSuchMethodError'{0x00000000eab866b8}: 'java.lang.Object java.lang.invoke.DirectMethodHandle$Holder.invokeSpecial(java.lang.Object, java.lang.Object, java.lang.Object, java.lang.Object, long)'> (0x00000000eab866b8) 
thrown [s\src\hotspot\share\interpreter\linkResolver.cpp, line 759]
Event: 4.582 Thread 0x0000026180090aa0 Exception <a 'java/lang/NoSuchMethodError'{0x00000000eab8a530}: 'java.lang.Object java.lang.invoke.Invokers$Holder.linkToTargetMethod(java.lang.Object, java.lang.Object, long, java.lang.Object)'> (0x00000000eab8a530) 
thrown [s\src\hotspot\share\interpreter\linkResolver.cpp, line 759]
Event: 4.605 Thread 0x0000026180090aa0 Exception <a 'java/lang/NoSuchMethodError'{0x00000000eabfe590}: 'int java.lang.invoke.DirectMethodHandle$Holder.invokeStaticInit(java.lang.Object, java.lang.Object, java.lang.Object)'> (0x00000000eabfe590) 
thrown [s\src\hotspot\share\interpreter\linkResolver.cpp, line 759]
Event: 4.699 Thread 0x0000026180090aa0 Exception <a 'java/lang/IncompatibleClassChangeError'{0x00000000eae466f0}: Found class java.lang.Object, but interface was expected> (0x00000000eae466f0) 
thrown [s\src\hotspot\share\interpreter\linkResolver.cpp, line 826]
Event: 4.707 Thread 0x0000026180090aa0 Exception <a 'java/lang/NoSuchMethodError'{0x00000000eae5b220}: 'java.lang.Object java.lang.invoke.DirectMethodHandle$Holder.invokeSpecial(java.lang.Object, java.lang.Object, java.lang.Object, int, java.lang.Object, java.lang.Object)'> (0x00000000eae5b220) 
thrown [s\src\hotspot\share\interpreter\linkResolver.cpp, line 759]
Event: 4.711 Thread 0x0000026180090aa0 Exception <a 'java/lang/NoSuchMethodError'{0x00000000eae639a8}: 'java.lang.Object java.lang.invoke.DirectMethodHandle$Holder.newInvokeSpecial(java.lang.Object, java.lang.Object, java.lang.Object, int, java.lang.Object)'> (0x00000000eae639a8) 
thrown [s\src\hotspot\share\interpreter\linkResolver.cpp, line 759]
Event: 4.713 Thread 0x0000026180090aa0 Exception <a 'java/lang/NoSuchMethodError'{0x00000000eae67e00}: 'java.lang.Object java.lang.invoke.DirectMethodHandle$Holder.invokeSpecial(java.lang.Object, java.lang.Object, java.lang.Object, java.lang.Object, int, java.lang.Object)'> (0x00000000eae67e00) 
thrown [s\src\hotspot\share\interpreter\linkResolver.cpp, line 759]
Event: 4.715 Thread 0x0000026180434ae0 Exception <a 'java/lang/NoSuchMethodError'{0x00000000eabdab68}: 'java.lang.Object java.lang.invoke.DirectMethodHandle$Holder.invokeSpecial(java.lang.Object, java.lang.Object, int, java.lang.Object, java.lang.Object)'> (0x00000000eabdab68) 
thrown [s\src\hotspot\share\interpreter\linkResolver.cpp, line 759]
Event: 4.716 Thread 0x0000026180434ae0 Exception <a 'java/lang/NoSuchMethodError'{0x00000000eabe2238}: 'java.lang.Object java.lang.invoke.DirectMethodHandle$Holder.newInvokeSpecial(java.lang.Object, java.lang.Object, int, java.lang.Object)'> (0x00000000eabe2238) 
thrown [s\src\hotspot\share\interpreter\linkResolver.cpp, line 759]
Event: 4.717 Thread 0x0000026180434ae0 Exception <a 'java/lang/NoSuchMethodError'{0x00000000eabe5d48}: 'java.lang.Object java.lang.invoke.DirectMethodHandle$Holder.invokeSpecial(java.lang.Object, java.lang.Object, java.lang.Object, int, java.lang.Object)'> (0x00000000eabe5d48) 
thrown [s\src\hotspot\share\interpreter\linkResolver.cpp, line 759]

VM Operations (20 events):
Event: 2.783 Executing VM operation: Cleanup
Event: 2.783 Executing VM operation: Cleanup done
Event: 2.844 Executing VM operation: ParallelGCFailedAllocation
Event: 2.854 Executing VM operation: ParallelGCFailedAllocation done
Event: 3.504 Executing VM operation: HandshakeAllThreads
Event: 3.504 Executing VM operation: HandshakeAllThreads done
Event: 3.806 Executing VM operation: HandshakeAllThreads
Event: 3.806 Executing VM operation: HandshakeAllThreads done
Event: 3.967 Executing VM operation: ParallelGCFailedAllocation
Event: 3.975 Executing VM operation: ParallelGCFailedAllocation done
Event: 4.511 Executing VM operation: CollectForMetadataAllocation
Event: 4.565 Executing VM operation: CollectForMetadataAllocation done
Event: 4.631 Executing VM operation: HandshakeAllThreads
Event: 4.631 Executing VM operation: HandshakeAllThreads done
Event: 4.671 Executing VM operation: HandshakeAllThreads
Event: 4.671 Executing VM operation: HandshakeAllThreads done
Event: 4.745 Executing VM operation: HandshakeAllThreads
Event: 4.745 Executing VM operation: HandshakeAllThreads done
Event: 5.543 Executing VM operation: ParallelGCFailedAllocation
Event: 5.545 Executing VM operation: ParallelGCFailedAllocation done

Events (20 events):
Event: 4.843 loading class java/util/zip/GZIPInputStream done
Event: 4.845 loading class java/util/zip/GZIPOutputStream
Event: 4.845 loading class java/util/zip/GZIPOutputStream done
Event: 4.850 loading class java/net/SocketTimeoutException
Event: 4.850 loading class java/io/InterruptedIOException
Event: 4.850 loading class java/io/InterruptedIOException done
Event: 4.851 loading class java/net/SocketTimeoutException done
Event: 4.851 loading class java/net/SocketException
Event: 4.851 loading class java/net/SocketException done
Event: 4.851 loading class java/net/UnknownHostException
Event: 4.852 loading class java/net/UnknownHostException done
Event: 4.852 loading class java/net/ProtocolException
Event: 4.852 loading class java/net/ProtocolException done
Event: 4.879 loading class java/lang/ThreadLocal$SuppliedThreadLocal
Event: 4.880 loading class java/lang/ThreadLocal$SuppliedThreadLocal done
Event: 5.015 loading class java/io/FileWriter
Event: 5.015 loading class java/io/FileWriter done
Event: 5.024 loading class java/lang/NegativeArraySizeException
Event: 5.024 loading class java/lang/NegativeArraySizeException done
Event: 5.474 Thread 0x000002618049bd20 Thread exited: 0x000002618049bd20


Dynamic libraries:
0x00007ff7a65a0000 - 0x00007ff7a65ae000 	c:\Users\thinkpad\.vscode\extensions\redhat.java-1.32.0-win32-x64\jre\17.0.11-win32-x86_64\bin\java.exe
0x00007ffb48d90000 - 0x00007ffb48fa7000 	C:\WINDOWS\SYSTEM32\ntdll.dll
0x00007ffb47c60000 - 0x00007ffb47d24000 	C:\WINDOWS\System32\KERNEL32.DLL
0x00007ffb46210000 - 0x00007ffb465bc000 	C:\WINDOWS\System32\KERNELBASE.dll
0x00007ffb465c0000 - 0x00007ffb466d1000 	C:\WINDOWS\System32\ucrtbase.dll
0x00007ffb408d0000 - 0x00007ffb408e7000 	c:\Users\thinkpad\.vscode\extensions\redhat.java-1.32.0-win32-x64\jre\17.0.11-win32-x86_64\bin\jli.dll
0x00007ffb47540000 - 0x00007ffb476ee000 	C:\WINDOWS\System32\USER32.dll
0x00007ffb461e0000 - 0x00007ffb46206000 	C:\WINDOWS\System32\win32u.dll
0x00007ffb3e1d0000 - 0x00007ffb3e1eb000 	c:\Users\thinkpad\.vscode\extensions\redhat.java-1.32.0-win32-x64\jre\17.0.11-win32-x86_64\bin\VCRUNTIME140.dll
0x00007ffb47f30000 - 0x00007ffb47f59000 	C:\WINDOWS\System32\GDI32.dll
0x00007ffb460c0000 - 0x00007ffb461d9000 	C:\WINDOWS\System32\gdi32full.dll
0x00007ffb46850000 - 0x00007ffb468ea000 	C:\WINDOWS\System32\msvcp_win.dll
0x00007ffb2dad0000 - 0x00007ffb2dd63000 	C:\WINDOWS\WinSxS\amd64_microsoft.windows.common-controls_6595b64144ccf1df_6.0.22621.3672_none_2713b9d173822955\COMCTL32.dll
0x00007ffb48ba0000 - 0x00007ffb48c47000 	C:\WINDOWS\System32\msvcrt.dll
0x00007ffb46b20000 - 0x00007ffb46b51000 	C:\WINDOWS\System32\IMM32.DLL
0x00007ffb41810000 - 0x00007ffb4181c000 	c:\Users\thinkpad\.vscode\extensions\redhat.java-1.32.0-win32-x64\jre\17.0.11-win32-x86_64\bin\vcruntime140_1.dll
0x00007ffb18cb0000 - 0x00007ffb18d3d000 	c:\Users\thinkpad\.vscode\extensions\redhat.java-1.32.0-win32-x64\jre\17.0.11-win32-x86_64\bin\msvcp140.dll
0x00007ffb012b0000 - 0x00007ffb01f12000 	c:\Users\thinkpad\.vscode\extensions\redhat.java-1.32.0-win32-x64\jre\17.0.11-win32-x86_64\bin\server\jvm.dll
0x00007ffb48ac0000 - 0x00007ffb48b72000 	C:\WINDOWS\System32\ADVAPI32.dll
0x00007ffb48060000 - 0x00007ffb4810a000 	C:\WINDOWS\System32\sechost.dll
0x00007ffb46a20000 - 0x00007ffb46a48000 	C:\WINDOWS\System32\bcrypt.dll
0x00007ffb48990000 - 0x00007ffb48aa5000 	C:\WINDOWS\System32\RPCRT4.dll
0x00007ffb45060000 - 0x00007ffb450ad000 	C:\WINDOWS\SYSTEM32\POWRPROF.dll
0x00007ffb40870000 - 0x00007ffb408a4000 	C:\WINDOWS\SYSTEM32\WINMM.dll
0x00007ffb42e20000 - 0x00007ffb42e29000 	C:\WINDOWS\SYSTEM32\WSOCK32.dll
0x00007ffb3d4d0000 - 0x00007ffb3d4da000 	C:\WINDOWS\SYSTEM32\VERSION.dll
0x00007ffb48c50000 - 0x00007ffb48cc1000 	C:\WINDOWS\System32\WS2_32.dll
0x00007ffb44f90000 - 0x00007ffb44fa3000 	C:\WINDOWS\SYSTEM32\UMPDC.dll
0x00007ffb451a0000 - 0x00007ffb451b8000 	C:\WINDOWS\SYSTEM32\kernel.appcore.dll
0x00007ffb3e150000 - 0x00007ffb3e15a000 	c:\Users\thinkpad\.vscode\extensions\redhat.java-1.32.0-win32-x64\jre\17.0.11-win32-x86_64\bin\jimage.dll
0x00007ffb43750000 - 0x00007ffb43982000 	C:\WINDOWS\SYSTEM32\DBGHELP.DLL
0x00007ffb46b70000 - 0x00007ffb46ef8000 	C:\WINDOWS\System32\combase.dll
0x00007ffb47b70000 - 0x00007ffb47c47000 	C:\WINDOWS\System32\OLEAUT32.dll
0x00007ffb18d40000 - 0x00007ffb18d72000 	C:\WINDOWS\SYSTEM32\dbgcore.DLL
0x00007ffb46a50000 - 0x00007ffb46acb000 	C:\WINDOWS\System32\bcryptPrimitives.dll
0x00007ffb3e140000 - 0x00007ffb3e14e000 	c:\Users\thinkpad\.vscode\extensions\redhat.java-1.32.0-win32-x64\jre\17.0.11-win32-x86_64\bin\instrument.dll
0x00007ffb25fd0000 - 0x00007ffb25ff5000 	c:\Users\thinkpad\.vscode\extensions\redhat.java-1.32.0-win32-x64\jre\17.0.11-win32-x86_64\bin\java.dll
0x00007ffb3dcc0000 - 0x00007ffb3dcd8000 	c:\Users\thinkpad\.vscode\extensions\redhat.java-1.32.0-win32-x64\jre\17.0.11-win32-x86_64\bin\zip.dll
0x00007ffb48130000 - 0x00007ffb4898c000 	C:\WINDOWS\System32\SHELL32.dll
0x00007ffb43fc0000 - 0x00007ffb448b7000 	C:\WINDOWS\SYSTEM32\windows.storage.dll
0x00007ffb43e80000 - 0x00007ffb43fbf000 	C:\WINDOWS\SYSTEM32\wintypes.dll
0x00007ffb47380000 - 0x00007ffb47474000 	C:\WINDOWS\System32\SHCORE.dll
0x00007ffb47480000 - 0x00007ffb474de000 	C:\WINDOWS\System32\shlwapi.dll
0x00007ffb45ff0000 - 0x00007ffb46011000 	C:\WINDOWS\SYSTEM32\profapi.dll
0x00007ffb3dae0000 - 0x00007ffb3daf9000 	C:\Users\thinkpad\.vscode\extensions\redhat.java-1.32.0-win32-x64\jre\17.0.11-win32-x86_64\bin\net.dll
0x00007ffb41420000 - 0x00007ffb41556000 	C:\WINDOWS\SYSTEM32\WINHTTP.dll
0x00007ffb45600000 - 0x00007ffb45669000 	C:\WINDOWS\system32\mswsock.dll
0x00007ffb2c370000 - 0x00007ffb2c386000 	C:\Users\thinkpad\.vscode\extensions\redhat.java-1.32.0-win32-x64\jre\17.0.11-win32-x86_64\bin\nio.dll
0x00007ffb412d0000 - 0x00007ffb412e0000 	c:\Users\thinkpad\.vscode\extensions\redhat.java-1.32.0-win32-x64\jre\17.0.11-win32-x86_64\bin\verify.dll
0x00007ffb19e50000 - 0x00007ffb19e94000 	C:\Users\thinkpad\AppData\Roaming\Code\User\globalStorage\redhat.java\1.32.0\config_ss_win\org.eclipse.equinox.launcher\org.eclipse.equinox.launcher.win32.win32.x86_64_1.2.1100.v20240613-2013\eclipse_11903.dll
0x00007ffb477a0000 - 0x00007ffb47945000 	C:\WINDOWS\System32\ole32.dll

dbghelp: loaded successfully - version: 4.0.5 - missing functions: none
symbol engine: initialized successfully - sym options: 0x614 - pdb path: .;c:\Users\thinkpad\.vscode\extensions\redhat.java-1.32.0-win32-x64\jre\17.0.11-win32-x86_64\bin;C:\WINDOWS\SYSTEM32;C:\WINDOWS\WinSxS\amd64_microsoft.windows.common-controls_6595b64144ccf1df_6.0.22621.3672_none_2713b9d173822955;c:\Users\thinkpad\.vscode\extensions\redhat.java-1.32.0-win32-x64\jre\17.0.11-win32-x86_64\bin\server;C:\Users\thinkpad\AppData\Roaming\Code\User\globalStorage\redhat.java\1.32.0\config_ss_win\org.eclipse.equinox.launcher\org.eclipse.equinox.launcher.win32.win32.x86_64_1.2.1100.v20240613-2013

VM Arguments:
jvm_args: --add-modules=ALL-SYSTEM --add-opens=java.base/java.util=ALL-UNNAMED --add-opens=java.base/java.lang=ALL-UNNAMED --add-opens=java.base/sun.nio.fs=ALL-UNNAMED -Declipse.application=org.eclipse.jdt.ls.core.id1 -Dosgi.bundles.defaultStartLevel=4 -Declipse.product=org.eclipse.jdt.ls.core.product -Djava.import.generatesMetadataFilesAtProjectRoot=false -DDetectVMInstallationsJob.disabled=true -Dfile.encoding=utf8 -XX:+UseParallelGC -XX:GCTimeRatio=4 -XX:AdaptiveSizePolicyWeight=90 -Dsun.zip.disableMemoryMapping=true -Xmx1G -Xms100m -Xlog:disable -javaagent:c:\Users\thinkpad\.vscode\extensions\redhat.java-1.32.0-win32-x64\lombok\lombok-1.18.33.jar 
java_command: c:\Users\thinkpad\.vscode\extensions\redhat.java-1.32.0-win32-x64\server\plugins\org.eclipse.equinox.launcher_1.6.900.v20240613-2009.jar -configuration c:\Users\thinkpad\AppData\Roaming\Code\User\globalStorage\redhat.java\1.32.0\config_ss_win -data c:\Users\thinkpad\AppData\Roaming\Code\User\workspaceStorage\51565181f65691b3f7f12234beb67880\redhat.java\ss_ws --pipe=\\.\pipe\lsp-be5e11371de99058ef68f267007406e0-sock
java_class_path (initial): c:\Users\thinkpad\.vscode\extensions\redhat.java-1.32.0-win32-x64\server\plugins\org.eclipse.equinox.launcher_1.6.900.v20240613-2009.jar
Launcher Type: SUN_STANDARD

[Global flags]
    uintx AdaptiveSizePolicyWeight                 = 90                                        {product} {command line}
     intx CICompilerCount                          = 4                                         {product} {ergonomic}
    uintx GCTimeRatio                              = 4                                         {product} {command line}
   size_t InitialHeapSize                          = 104857600                                 {product} {command line}
   size_t MaxHeapSize                              = 1073741824                                {product} {command line}
   size_t MaxNewSize                               = 357564416                                 {product} {ergonomic}
   size_t MinHeapDeltaBytes                        = 524288                                    {product} {ergonomic}
   size_t MinHeapSize                              = 104857600                                 {product} {command line}
   size_t NewSize                                  = 34603008                                  {product} {ergonomic}
    uintx NonNMethodCodeHeapSize                   = 5839372                                {pd product} {ergonomic}
    uintx NonProfiledCodeHeapSize                  = 122909434                              {pd product} {ergonomic}
   size_t OldSize                                  = 70254592                                  {product} {ergonomic}
    uintx ProfiledCodeHeapSize                     = 122909434                              {pd product} {ergonomic}
    uintx ReservedCodeCacheSize                    = 251658240                              {pd product} {ergonomic}
     bool SegmentedCodeCache                       = true                                      {product} {ergonomic}
   size_t SoftMaxHeapSize                          = 1073741824                             {manageable} {ergonomic}
     bool UseCompressedClassPointers               = true                           {product lp64_product} {ergonomic}
     bool UseCompressedOops                        = true                           {product lp64_product} {ergonomic}
     bool UseLargePagesIndividualAllocation        = false                                  {pd product} {ergonomic}
     bool UseParallelGC                            = true                                      {product} {command line}

Logging:
Log output configuration:
 #0: stdout all=off uptime,level,tags
 #1: stderr all=off uptime,level,tags

Environment Variables:
JAVA_HOME=C:\Program Files\Java\jdk-11
PATH=C:\Program Files\Common Files\Oracle\Java\javapath;C:\WINDOWS\system32;C:\WINDOWS;C:\WINDOWS\System32\Wbem;C:\WINDOWS\System32\WindowsPowerShell\v1.0\;C:\WINDOWS\System32\OpenSSH\;C:\xampp\php;C:\Program Files\Java\jdk-11\bin;C:\ProgramData\ComposerSetup\bin;C:\xampp\php;C:\Program Files\Docker\Docker\resources\bin;C:\Program Files\nodejs\;C:\Program Files\Java\jdk-21\bin;C:\Program Files\Java\jdk-11\bin;C:\Program Files\Git\cmd;C:\Users\thinkpad\scoop\shims;C:\Program Files\Elixir\bin;C:\Program Files\Erlang OTP\bin;C:\Users\thinkpad\AppData\Local\Programs\Python\Python310\Scripts\;C:\Users\thinkpad\AppData\Local\Programs\Python\Python310\;C:\Users\thinkpad\AppData\Local\Microsoft\WindowsApps;C:\Users\thinkpad\AppData\Local\Programs\Microsoft VS Code\bin;C:\xampp\htdocs\server\php;C:\Users\thinkpad\AppData\Local\Programs\mongosh\;C:\Users\thinkpad\AppData\Roaming\Composer\vendor\bin;C:\Users\thinkpad\AppData\Roaming\npm
USERNAME=thinkpad
OS=Windows_NT
PROCESSOR_IDENTIFIER=Intel64 Family 6 Model 126 Stepping 5, GenuineIntel
TMP=C:\Users\thinkpad\AppData\Local\Temp
TEMP=C:\Users\thinkpad\AppData\Local\Temp



Periodic native trim disabled


---------------  S Y S T E M  ---------------

OS:
 Windows 11 , 64 bit Build 22621 (10.0.22621.3672)
OS uptime: 0 days 1:34 hours
Hyper-V role detected

CPU: total 8 (initial active 8) (4 cores per cpu, 2 threads per core) family 6 model 126 stepping 5 microcode 0xa6, cx8, cmov, fxsr, ht, mmx, 3dnowpref, sse, sse2, sse3, ssse3, sse4.1, sse4.2, popcnt, lzcnt, tsc, tscinvbit, avx, avx2, aes, erms, clmul, bmi1, bmi2, adx, avx512f, avx512dq, avx512cd, avx512bw, avx512vl, sha, fma, vzeroupper, avx512_vpopcntdq, avx512_vpclmulqdq, avx512_vaes, avx512_vnni, clflush, clflushopt, avx512_vbmi2, avx512_vbmi, hv
Processor Information for all 8 processors :
  Max Mhz: 1190, Current Mhz: 991, Mhz Limit: 987

Memory: 4k page, system-wide physical 7997M (928M free)
TotalPageFile size 10045M (AvailPageFile size 71M)
current process WorkingSet (physical memory assigned to process): 124M, peak: 124M
current process commit charge ("private bytes"): 228M, peak: 229M

vm_info: OpenJDK 64-Bit Server VM (17.0.11+9) for windows-amd64 JRE (17.0.11+9), built on Apr 17 2024 06:07:48 by "admin" with MS VC++ 16.10 / 16.11 (VS2019)

END.
