#
# There is insufficient memory for the Java Runtime Environment to continue.
# Native memory allocation (mmap) failed to map 65536 bytes. Error detail: Failed to commit metaspace.
# Possible reasons:
#   The system is out of physical RAM or swap space
#   This process is running with CompressedOops enabled, and the Java Heap may be blocking the growth of the native heap
# Possible solutions:
#   Reduce memory load on the system
#   Increase physical memory or swap space
#   Check if swap backing store is full
#   Decrease Java heap size (-Xmx/-Xms)
#   Decrease number of Java threads
#   Decrease Java thread stack sizes (-Xss)
#   Set larger code cache with -XX:ReservedCodeCacheSize=
#   JVM is running with Unscaled Compressed Oops mode in which the Java heap is
#     placed in the first 4GB address space. The Java Heap base address is the
#     maximum limit for the native heap growth. Please use -XX:HeapBaseMinAddress
#     to set the Java Heap base and to place the Java Heap above 4GB virtual address.
# This output file may be truncated or incomplete.
#
#  Out of Memory Error (virtualSpaceNode.cpp:110), pid=10460, tid=11496
#
# JRE version: OpenJDK Runtime Environment Temurin-17.0.11+9 (17.0.11+9) (build 17.0.11+9)
# Java VM: OpenJDK 64-Bit Server VM Temurin-17.0.11+9 (17.0.11+9, mixed mode, tiered, compressed oops, compressed class ptrs, parallel gc, windows-amd64)
# No core dump will be written. Minidumps are not enabled by default on client versions of Windows
#

---------------  S U M M A R Y ------------

Command Line: --add-modules=ALL-SYSTEM --add-opens=java.base/java.util=ALL-UNNAMED --add-opens=java.base/java.lang=ALL-UNNAMED --add-opens=java.base/sun.nio.fs=ALL-UNNAMED -Declipse.application=org.eclipse.jdt.ls.core.id1 -Dosgi.bundles.defaultStartLevel=4 -Declipse.product=org.eclipse.jdt.ls.core.product -Djava.import.generatesMetadataFilesAtProjectRoot=false -DDetectVMInstallationsJob.disabled=true -Dfile.encoding=utf8 -XX:+UseParallelGC -XX:GCTimeRatio=4 -XX:AdaptiveSizePolicyWeight=90 -Dsun.zip.disableMemoryMapping=true -Xmx1G -Xms100m -Xlog:disable -javaagent:c:\Users\thinkpad\.vscode\extensions\redhat.java-1.32.0-win32-x64\lombok\lombok-1.18.33.jar c:\Users\thinkpad\.vscode\extensions\redhat.java-1.32.0-win32-x64\server\plugins\org.eclipse.equinox.launcher_1.6.900.v20240613-2009.jar -configuration c:\Users\thinkpad\AppData\Roaming\Code\User\globalStorage\redhat.java\1.32.0\config_ss_win -data c:\Users\thinkpad\AppData\Roaming\Code\User\workspaceStorage\51565181f65691b3f7f12234beb67880\redhat.java\ss_ws --pipe=\\.\pipe\lsp-35dbfeeb3ac7cbf621dedd57f95e3c62-sock

Host: Intel(R) Core(TM) i5-1035G1 CPU @ 1.00GHz, 8 cores, 7G,  Windows 11 , 64 bit Build 22621 (10.0.22621.3672)
Time: Sun Jul  7 23:55:21 2024 Maroc (heure d64 bit Build 22621 (10.0.22621.3672) elapsed time: 0.762476 seconds (0d 0h 0m 0s)

---------------  T H R E A D  ---------------

Current thread (0x000001fa49c6f760):  JavaThread "main" [_thread_in_vm, id=11496, stack(0x000000146e700000,0x000000146e800000)]

Stack: [0x000000146e700000,0x000000146e800000]
Native frames: (J=compiled Java code, j=interpreted, Vv=VM code, C=native code)
V  [jvm.dll+0x67d429]
V  [jvm.dll+0x834b7a]
V  [jvm.dll+0x83663e]
V  [jvm.dll+0x836ca3]
V  [jvm.dll+0x247dbf]
V  [jvm.dll+0x83083b]
V  [jvm.dll+0x621d56]
V  [jvm.dll+0x1c1b3e]
V  [jvm.dll+0x6246b1]
V  [jvm.dll+0x6226f6]
V  [jvm.dll+0x23d710]
V  [jvm.dll+0x1ec56b]
V  [jvm.dll+0x1e1f11]
V  [jvm.dll+0x54250e]
V  [jvm.dll+0x7aecb8]
V  [jvm.dll+0x7aeda4]
V  [jvm.dll+0x4106a5]
V  [jvm.dll+0x416819]
C  [java.dll+0x17ec]

Java frames: (J=compiled Java code, j=interpreted, Vv=VM code)
j  java.lang.ClassLoader.defineClass1(Ljava/lang/ClassLoader;Ljava/lang/String;[BIILjava/security/ProtectionDomain;Ljava/lang/String;)Ljava/lang/Class;+0 java.base@17.0.11
j  java.lang.ClassLoader.defineClass(Ljava/lang/String;[BIILjava/security/ProtectionDomain;)Ljava/lang/Class;+27 java.base@17.0.11
j  java.security.SecureClassLoader.defineClass(Ljava/lang/String;[BIILjava/security/CodeSource;)Ljava/lang/Class;+12 java.base@17.0.11
j  jdk.internal.loader.BuiltinClassLoader.defineClass(Ljava/lang/String;Ljdk/internal/loader/Resource;)Ljava/lang/Class;+117 java.base@17.0.11
j  jdk.internal.loader.BuiltinClassLoader.findClassOnClassPathOrNull(Ljava/lang/String;)Ljava/lang/Class;+37 java.base@17.0.11
j  jdk.internal.loader.BuiltinClassLoader.loadClassOrNull(Ljava/lang/String;Z)Ljava/lang/Class;+111 java.base@17.0.11
j  jdk.internal.loader.BuiltinClassLoader.loadClass(Ljava/lang/String;Z)Ljava/lang/Class;+3 java.base@17.0.11
j  jdk.internal.loader.ClassLoaders$AppClassLoader.loadClass(Ljava/lang/String;Z)Ljava/lang/Class;+36 java.base@17.0.11
j  java.lang.ClassLoader.loadClass(Ljava/lang/String;)Ljava/lang/Class;+3 java.base@17.0.11
v  ~StubRoutines::call_stub
j  java.lang.Class.forName0(Ljava/lang/String;ZLjava/lang/ClassLoader;Ljava/lang/Class;)Ljava/lang/Class;+0 java.base@17.0.11
j  java.lang.Class.forName(Ljava/lang/String;ZLjava/lang/ClassLoader;)Ljava/lang/Class;+43 java.base@17.0.11
j  sun.launcher.LauncherHelper.loadMainClass(ILjava/lang/String;)Ljava/lang/Class;+95 java.base@17.0.11
j  sun.launcher.LauncherHelper.checkAndLoadMain(ZILjava/lang/String;)Ljava/lang/Class;+42 java.base@17.0.11
v  ~StubRoutines::call_stub

---------------  P R O C E S S  ---------------

Threads class SMR info:
_java_thread_list=0x000001fa49cf5c60, length=14, elements={
0x000001fa49c6f760, 0x000001fa5daee010, 0x000001fa5daeee50, 0x000001fa62c26850,
0x000001fa62c3b490, 0x000001fa62c3c050, 0x000001fa62c3cc10, 0x000001fa62c3f9c0,
0x000001fa62c9e000, 0x000001fa62ca10e0, 0x000001fa49cd3160, 0x000001fa62dd8410,
0x000001fa62f39d10, 0x000001fa63e6ba20
}

Java Threads: ( => current thread )
=>0x000001fa49c6f760 JavaThread "main" [_thread_in_vm, id=11496, stack(0x000000146e700000,0x000000146e800000)]
  0x000001fa5daee010 JavaThread "Reference Handler" daemon [_thread_blocked, id=8452, stack(0x000000146ea00000,0x000000146eb00000)]
  0x000001fa5daeee50 JavaThread "Finalizer" daemon [_thread_blocked, id=13344, stack(0x000000146eb00000,0x000000146ec00000)]
  0x000001fa62c26850 JavaThread "Signal Dispatcher" daemon [_thread_blocked, id=4992, stack(0x000000146ec00000,0x000000146ed00000)]
  0x000001fa62c3b490 JavaThread "Attach Listener" daemon [_thread_blocked, id=1916, stack(0x000000146ed00000,0x000000146ee00000)]
  0x000001fa62c3c050 JavaThread "Service Thread" daemon [_thread_blocked, id=14164, stack(0x000000146ee00000,0x000000146ef00000)]
  0x000001fa62c3cc10 JavaThread "Monitor Deflation Thread" daemon [_thread_blocked, id=12564, stack(0x000000146ef00000,0x000000146f000000)]
  0x000001fa62c3f9c0 JavaThread "C2 CompilerThread0" daemon [_thread_in_native, id=11072, stack(0x000000146f000000,0x000000146f100000)]
  0x000001fa62c9e000 JavaThread "C1 CompilerThread0" daemon [_thread_blocked, id=8916, stack(0x000000146f100000,0x000000146f200000)]
  0x000001fa62ca10e0 JavaThread "Sweeper thread" daemon [_thread_blocked, id=7516, stack(0x000000146f200000,0x000000146f300000)]
  0x000001fa49cd3160 JavaThread "Common-Cleaner" daemon [_thread_blocked, id=3532, stack(0x000000146f300000,0x000000146f400000)]
  0x000001fa62dd8410 JavaThread "C2 CompilerThread1" daemon [_thread_in_native, id=13368, stack(0x000000146f400000,0x000000146f500000)]
  0x000001fa62f39d10 JavaThread "Notification Thread" daemon [_thread_blocked, id=15328, stack(0x000000146f500000,0x000000146f600000)]
  0x000001fa63e6ba20 JavaThread "C2 CompilerThread2" daemon [_thread_in_native, id=1312, stack(0x000000146f700000,0x000000146f800000)]

Other Threads:
  0x000001fa49d1ea90 VMThread "VM Thread" [stack: 0x000000146e900000,0x000000146ea00000] [id=10364]
  0x000001fa63dca710 WatcherThread [stack: 0x000000146f600000,0x000000146f700000] [id=788]
  0x000001fa49c84860 GCTaskThread "GC Thread#0" [stack: 0x000000146e800000,0x000000146e900000] [id=3004]

Threads with active compile tasks:
C2 CompilerThread0      783  597       4       lombok.patcher.PatchScript::classMatches (41 bytes)
C2 CompilerThread1      784  595       4       lombok.patcher.scripts.MethodLevelPatchScript::patch (21 bytes)
C2 CompilerThread2      784  607 %     4       sun.security.provider.SHA2::implCompress0 @ 27 (490 bytes)

VM state: not at safepoint (normal execution)

VM Mutex/Monitor currently owned by a thread:  ([mutex/lock_event])
[0x000001fa49c6a990] Metaspace_lock - owner thread: 0x000001fa49c6f760

Heap address: 0x00000000c0000000, size: 1024 MB, Compressed Oops mode: 32-bit

CDS archive(s) not mapped
Compressed class space mapped at: 0x0000000100000000-0x0000000140000000, reserved size: 1073741824
Narrow klass base: 0x0000000000000000, Narrow klass shift: 3, Narrow klass range: 0x140000000

GC Precious Log:
 CPUs: 8 total, 8 available
 Memory: 7997M
 Large Page Support: Disabled
 NUMA Support: Disabled
 Compressed Oops: Enabled (32-bit)
 Alignments: Space 512K, Generation 512K, Heap 2M
 Heap Min Capacity: 100M
 Heap Initial Capacity: 100M
 Heap Max Capacity: 1G
 Pre-touch: Disabled
 Parallel Workers: 8

Heap:
 PSYoungGen      total 29696K, used 13636K [0x00000000eab00000, 0x00000000ecc00000, 0x0000000100000000)
  eden space 25600K, 53% used [0x00000000eab00000,0x00000000eb851118,0x00000000ec400000)
  from space 4096K, 0% used [0x00000000ec800000,0x00000000ec800000,0x00000000ecc00000)
  to   space 4096K, 0% used [0x00000000ec400000,0x00000000ec400000,0x00000000ec800000)
 ParOldGen       total 68608K, used 0K [0x00000000c0000000, 0x00000000c4300000, 0x00000000eab00000)
  object space 68608K, 0% used [0x00000000c0000000,0x00000000c0000000,0x00000000c4300000)
 Metaspace       used 8887K, committed 9024K, reserved 1114112K
  class space    used 879K, committed 960K, reserved 1048576K

Card table byte_map: [0x000001fa49600000,0x000001fa49810000] _byte_map_base: 0x000001fa49000000

Marking Bits: (ParMarkBitMap*) 0x00007ffaff5ed820
 Begin Bits: [0x000001fa5b900000, 0x000001fa5c900000)
 End Bits:   [0x000001fa5c900000, 0x000001fa5d900000)

Polling page: 0x000001fa47bb0000

Metaspace:

Usage:
  Non-class:      7.82 MB used.
      Class:    879.07 KB used.
       Both:      8.68 MB used.

Virtual space:
  Non-class space:       64.00 MB reserved,       7.88 MB ( 12%) committed,  1 nodes.
      Class space:        1.00 GB reserved,     960.00 KB ( <1%) committed,  1 nodes.
             Both:        1.06 GB reserved,       8.81 MB ( <1%) committed. 

Chunk freelists:
   Non-Class:  7.98 MB
       Class:  15.09 MB
        Both:  23.07 MB

MaxMetaspaceSize: unlimited
CompressedClassSpaceSize: 1.00 GB
Initial GC threshold: 21.00 MB
Current GC threshold: 21.00 MB
CDS: off
MetaspaceReclaimPolicy: balanced
 - commit_granule_bytes: 65536.
 - commit_granule_words: 8192.
 - virtual_space_node_default_size: 8388608.
 - enlarge_chunks_in_place: 1.
 - new_chunks_are_fully_committed: 0.
 - uncommit_free_chunks: 1.
 - use_allocation_guard: 0.
 - handle_deallocations: 1.


Internal statistics:

num_allocs_failed_limit: 0.
num_arena_births: 10.
num_arena_deaths: 0.
num_vsnodes_births: 2.
num_vsnodes_deaths: 0.
num_space_committed: 141.
num_space_uncommitted: 0.
num_chunks_returned_to_freelist: 0.
num_chunks_taken_from_freelist: 41.
num_chunk_merges: 0.
num_chunk_splits: 24.
num_chunks_enlarged: 22.
num_inconsistent_stats: 0.

CodeHeap 'non-profiled nmethods': size=120000Kb used=224Kb max_used=224Kb free=119775Kb
 bounds [0x000001fa543d0000, 0x000001fa54640000, 0x000001fa5b900000]
CodeHeap 'profiled nmethods': size=120000Kb used=894Kb max_used=894Kb free=119105Kb
 bounds [0x000001fa4c900000, 0x000001fa4cb70000, 0x000001fa53e30000]
CodeHeap 'non-nmethods': size=5760Kb used=1144Kb max_used=1161Kb free=4615Kb
 bounds [0x000001fa53e30000, 0x000001fa540a0000, 0x000001fa543d0000]
 total_blobs=1022 nmethods=600 adapters=337
 compilation: enabled
              stopped_count=0, restarted_count=0
 full_count=0

Compilation events (20 events):
Event: 0.754 Thread 0x000001fa62c9e000 nmethod 583 0x000001fa4c9d2b10 code [0x000001fa4c9d2ce0, 0x000001fa4c9d3198]
Event: 0.754 Thread 0x000001fa62c9e000  588       3       jdk.internal.misc.Unsafe::convEndian (16 bytes)
Event: 0.754 Thread 0x000001fa62c9e000 nmethod 588 0x000001fa4c9d3390 code [0x000001fa4c9d3520, 0x000001fa4c9d36f8]
Event: 0.754 Thread 0x000001fa62c9e000  589       3       java.lang.Integer::reverseBytes (28 bytes)
Event: 0.754 Thread 0x000001fa62c9e000 nmethod 589 0x000001fa4c9d3790 code [0x000001fa4c9d3920, 0x000001fa4c9d3a38]
Event: 0.754 Thread 0x000001fa62c9e000  590       3       java.lang.invoke.VarHandleByteArrayAsInts$ArrayHandle::index (12 bytes)
Event: 0.754 Thread 0x000001fa62c9e000 nmethod 590 0x000001fa4c9d3b10 code [0x000001fa4c9d3cc0, 0x000001fa4c9d3ec8]
Event: 0.754 Thread 0x000001fa62c9e000  592       3       jdk.internal.misc.Unsafe::getIntUnaligned (83 bytes)
Event: 0.755 Thread 0x000001fa62c9e000 nmethod 592 0x000001fa4c9d4010 code [0x000001fa4c9d41e0, 0x000001fa4c9d46a8]
Event: 0.755 Thread 0x000001fa62c9e000  591       3       jdk.internal.misc.Unsafe::getIntUnaligned (12 bytes)
Event: 0.755 Thread 0x000001fa62c9e000 nmethod 591 0x000001fa4c9d4810 code [0x000001fa4c9d49c0, 0x000001fa4c9d4c18]
Event: 0.755 Thread 0x000001fa62c9e000  598       1       java.security.Provider$UString::toString (5 bytes)
Event: 0.755 Thread 0x000001fa62c9e000 nmethod 598 0x000001fa54405c10 code [0x000001fa54405da0, 0x000001fa54405e78]
Event: 0.755 Thread 0x000001fa62c9e000  599       1       java.security.Provider$Service::getProvider (5 bytes)
Event: 0.755 Thread 0x000001fa62c9e000 nmethod 599 0x000001fa54405f10 code [0x000001fa544060a0, 0x000001fa54406178]
Event: 0.755 Thread 0x000001fa62c9e000  600       3       sun.security.provider.SHA2::implCompress0 (490 bytes)
Event: 0.756 Thread 0x000001fa62c3f9c0 nmethod 538 0x000001fa54406210 code [0x000001fa54406400, 0x000001fa54406cb0]
Event: 0.756 Thread 0x000001fa62c3f9c0  597       4       lombok.patcher.PatchScript::classMatches (41 bytes)
Event: 0.756 Thread 0x000001fa62c9e000 nmethod 600 0x000001fa4c9d4d10 code [0x000001fa4c9d4f00, 0x000001fa4c9d5768]
Event: 0.757 Thread 0x000001fa62c9e000  601       3       sun.security.provider.ByteArrayAccess::b2iBig64 (231 bytes)

GC Heap History (0 events):
No events

Dll operation events (8 events):
Event: 0.015 Loaded shared library c:\Users\thinkpad\.vscode\extensions\redhat.java-1.32.0-win32-x64\jre\17.0.11-win32-x86_64\bin\java.dll
Event: 0.236 Loaded shared library c:\Users\thinkpad\.vscode\extensions\redhat.java-1.32.0-win32-x64\jre\17.0.11-win32-x86_64\bin\zip.dll
Event: 0.239 Loaded shared library C:\Users\thinkpad\.vscode\extensions\redhat.java-1.32.0-win32-x64\jre\17.0.11-win32-x86_64\bin\instrument.dll
Event: 0.258 Loaded shared library C:\Users\thinkpad\.vscode\extensions\redhat.java-1.32.0-win32-x64\jre\17.0.11-win32-x86_64\bin\net.dll
Event: 0.261 Loaded shared library C:\Users\thinkpad\.vscode\extensions\redhat.java-1.32.0-win32-x64\jre\17.0.11-win32-x86_64\bin\nio.dll
Event: 0.273 Loaded shared library C:\Users\thinkpad\.vscode\extensions\redhat.java-1.32.0-win32-x64\jre\17.0.11-win32-x86_64\bin\zip.dll
Event: 0.296 Loaded shared library C:\Users\thinkpad\.vscode\extensions\redhat.java-1.32.0-win32-x64\jre\17.0.11-win32-x86_64\bin\jimage.dll
Event: 0.387 Loaded shared library c:\Users\thinkpad\.vscode\extensions\redhat.java-1.32.0-win32-x64\jre\17.0.11-win32-x86_64\bin\verify.dll

Deoptimization events (20 events):
Event: 0.743 Thread 0x000001fa49c6f760 DEOPT PACKING pc=0x000001fa4c9be600 sp=0x000000146e7fd7a0
Event: 0.743 Thread 0x000001fa49c6f760 DEOPT UNPACKING pc=0x000001fa53e8a9e3 sp=0x000000146e7fcbf8 mode 0
Event: 0.743 Thread 0x000001fa49c6f760 DEOPT PACKING pc=0x000001fa4c9be600 sp=0x000000146e7fd820
Event: 0.743 Thread 0x000001fa49c6f760 DEOPT UNPACKING pc=0x000001fa53e8a9e3 sp=0x000000146e7fcc78 mode 0
Event: 0.743 Thread 0x000001fa49c6f760 DEOPT PACKING pc=0x000001fa4c9be600 sp=0x000000146e7fd820
Event: 0.743 Thread 0x000001fa49c6f760 DEOPT UNPACKING pc=0x000001fa53e8a9e3 sp=0x000000146e7fcc78 mode 0
Event: 0.743 Thread 0x000001fa49c6f760 DEOPT PACKING pc=0x000001fa4c9be600 sp=0x000000146e7fd7a0
Event: 0.743 Thread 0x000001fa49c6f760 DEOPT UNPACKING pc=0x000001fa53e8a9e3 sp=0x000000146e7fcbf8 mode 0
Event: 0.743 Thread 0x000001fa49c6f760 DEOPT PACKING pc=0x000001fa4c9be600 sp=0x000000146e7fd820
Event: 0.743 Thread 0x000001fa49c6f760 DEOPT UNPACKING pc=0x000001fa53e8a9e3 sp=0x000000146e7fcc78 mode 0
Event: 0.743 Thread 0x000001fa49c6f760 DEOPT PACKING pc=0x000001fa4c9be600 sp=0x000000146e7fd820
Event: 0.743 Thread 0x000001fa49c6f760 DEOPT UNPACKING pc=0x000001fa53e8a9e3 sp=0x000000146e7fcc78 mode 0
Event: 0.745 Thread 0x000001fa49c6f760 DEOPT PACKING pc=0x000001fa4c9be600 sp=0x000000146e7fd810
Event: 0.745 Thread 0x000001fa49c6f760 DEOPT UNPACKING pc=0x000001fa53e8a9e3 sp=0x000000146e7fcc68 mode 0
Event: 0.745 Thread 0x000001fa49c6f760 DEOPT PACKING pc=0x000001fa4c9be600 sp=0x000000146e7fd810
Event: 0.745 Thread 0x000001fa49c6f760 DEOPT UNPACKING pc=0x000001fa53e8a9e3 sp=0x000000146e7fcc68 mode 0
Event: 0.745 Thread 0x000001fa49c6f760 DEOPT PACKING pc=0x000001fa4c9be600 sp=0x000000146e7fd930
Event: 0.745 Thread 0x000001fa49c6f760 DEOPT UNPACKING pc=0x000001fa53e8a9e3 sp=0x000000146e7fcd88 mode 0
Event: 0.745 Thread 0x000001fa49c6f760 DEOPT PACKING pc=0x000001fa4c9be600 sp=0x000000146e7fd930
Event: 0.745 Thread 0x000001fa49c6f760 DEOPT UNPACKING pc=0x000001fa53e8a9e3 sp=0x000000146e7fcd88 mode 0

Classes unloaded (0 events):
No events

Classes redefined (0 events):
No events

Internal exceptions (2 events):
Event: 0.200 Thread 0x000001fa49c6f760 Exception <a 'java/lang/NoSuchMethodError'{0x00000000eacb5398}: 'void java.lang.invoke.DirectMethodHandle$Holder.invokeStatic(java.lang.Object, java.lang.Object, java.lang.Object)'> (0x00000000eacb5398) 
thrown [s\src\hotspot\share\interpreter\linkResolver.cpp, line 759]
Event: 0.424 Thread 0x000001fa49c6f760 Exception <a 'java/lang/reflect/InvocationTargetException'{0x00000000eafe76c0}> (0x00000000eafe76c0) 
thrown [s\src\hotspot\share\runtime\reflection.cpp, line 1121]

VM Operations (6 events):
Event: 0.211 Executing VM operation: HandshakeAllThreads
Event: 0.211 Executing VM operation: HandshakeAllThreads done
Event: 0.323 Executing VM operation: HandshakeAllThreads
Event: 0.323 Executing VM operation: HandshakeAllThreads done
Event: 0.749 Executing VM operation: HandshakeAllThreads
Event: 0.749 Executing VM operation: HandshakeAllThreads done

Events (20 events):
Event: 0.748 loading class sun/security/util/KeyUtil
Event: 0.748 loading class sun/security/util/KeyUtil done
Event: 0.748 loading class sun/security/util/Length
Event: 0.748 loading class sun/security/util/Length done
Event: 0.748 loading class javax/crypto/SecretKey
Event: 0.748 loading class javax/crypto/SecretKey done
Event: 0.748 loading class java/util/LinkedHashMap$LinkedEntrySet
Event: 0.749 loading class java/util/LinkedHashMap$LinkedEntrySet done
Event: 0.749 loading class java/util/LinkedHashMap$LinkedEntryIterator
Event: 0.749 loading class java/util/LinkedHashMap$LinkedEntryIterator done
Event: 0.750 loading class java/util/Base64
Event: 0.751 loading class java/util/Base64 done
Event: 0.751 loading class java/util/Base64$Decoder
Event: 0.751 loading class java/util/Base64$Decoder done
Event: 0.751 loading class java/util/Base64$Encoder
Event: 0.752 loading class java/util/Base64$Encoder done
Event: 0.752 loading class java/util/jar/JarVerifier$VerifierStream
Event: 0.752 loading class java/util/jar/JarVerifier$VerifierStream done
Event: 0.752 loading class sun/security/util/ManifestEntryVerifier$SunProviderHolder
Event: 0.752 loading class sun/security/util/ManifestEntryVerifier$SunProviderHolder done


Dynamic libraries:
0x00007ff6dd070000 - 0x00007ff6dd07e000 	c:\Users\thinkpad\.vscode\extensions\redhat.java-1.32.0-win32-x64\jre\17.0.11-win32-x86_64\bin\java.exe
0x00007ffb48d90000 - 0x00007ffb48fa7000 	C:\WINDOWS\SYSTEM32\ntdll.dll
0x00007ffb47c60000 - 0x00007ffb47d24000 	C:\WINDOWS\System32\KERNEL32.DLL
0x00007ffb46210000 - 0x00007ffb465bc000 	C:\WINDOWS\System32\KERNELBASE.dll
0x00007ffb465c0000 - 0x00007ffb466d1000 	C:\WINDOWS\System32\ucrtbase.dll
0x00007ffb2ce90000 - 0x00007ffb2cea7000 	c:\Users\thinkpad\.vscode\extensions\redhat.java-1.32.0-win32-x64\jre\17.0.11-win32-x86_64\bin\jli.dll
0x00007ffb47540000 - 0x00007ffb476ee000 	C:\WINDOWS\System32\USER32.dll
0x00007ffb461e0000 - 0x00007ffb46206000 	C:\WINDOWS\System32\win32u.dll
0x00007ffb47f30000 - 0x00007ffb47f59000 	C:\WINDOWS\System32\GDI32.dll
0x00007ffb460c0000 - 0x00007ffb461d9000 	C:\WINDOWS\System32\gdi32full.dll
0x00007ffb46850000 - 0x00007ffb468ea000 	C:\WINDOWS\System32\msvcp_win.dll
0x00007ffb2c490000 - 0x00007ffb2c4ab000 	c:\Users\thinkpad\.vscode\extensions\redhat.java-1.32.0-win32-x64\jre\17.0.11-win32-x86_64\bin\VCRUNTIME140.dll
0x00007ffb2dad0000 - 0x00007ffb2dd63000 	C:\WINDOWS\WinSxS\amd64_microsoft.windows.common-controls_6595b64144ccf1df_6.0.22621.3672_none_2713b9d173822955\COMCTL32.dll
0x00007ffb48ba0000 - 0x00007ffb48c47000 	C:\WINDOWS\System32\msvcrt.dll
0x00007ffb46b20000 - 0x00007ffb46b51000 	C:\WINDOWS\System32\IMM32.DLL
0x00007ffb41810000 - 0x00007ffb4181c000 	c:\Users\thinkpad\.vscode\extensions\redhat.java-1.32.0-win32-x64\jre\17.0.11-win32-x86_64\bin\vcruntime140_1.dll
0x00007ffb18cb0000 - 0x00007ffb18d3d000 	c:\Users\thinkpad\.vscode\extensions\redhat.java-1.32.0-win32-x64\jre\17.0.11-win32-x86_64\bin\msvcp140.dll
0x00007ffafea50000 - 0x00007ffaff6b2000 	c:\Users\thinkpad\.vscode\extensions\redhat.java-1.32.0-win32-x64\jre\17.0.11-win32-x86_64\bin\server\jvm.dll
0x00007ffb48ac0000 - 0x00007ffb48b72000 	C:\WINDOWS\System32\ADVAPI32.dll
0x00007ffb48060000 - 0x00007ffb4810a000 	C:\WINDOWS\System32\sechost.dll
0x00007ffb46a20000 - 0x00007ffb46a48000 	C:\WINDOWS\System32\bcrypt.dll
0x00007ffb48990000 - 0x00007ffb48aa5000 	C:\WINDOWS\System32\RPCRT4.dll
0x00007ffb45060000 - 0x00007ffb450ad000 	C:\WINDOWS\SYSTEM32\POWRPROF.dll
0x00007ffb42e20000 - 0x00007ffb42e29000 	C:\WINDOWS\SYSTEM32\WSOCK32.dll
0x00007ffb40870000 - 0x00007ffb408a4000 	C:\WINDOWS\SYSTEM32\WINMM.dll
0x00007ffb48c50000 - 0x00007ffb48cc1000 	C:\WINDOWS\System32\WS2_32.dll
0x00007ffb3d4d0000 - 0x00007ffb3d4da000 	C:\WINDOWS\SYSTEM32\VERSION.dll
0x00007ffb44f90000 - 0x00007ffb44fa3000 	C:\WINDOWS\SYSTEM32\UMPDC.dll
0x00007ffb451a0000 - 0x00007ffb451b8000 	C:\WINDOWS\SYSTEM32\kernel.appcore.dll
0x00007ffb3dac0000 - 0x00007ffb3daca000 	c:\Users\thinkpad\.vscode\extensions\redhat.java-1.32.0-win32-x64\jre\17.0.11-win32-x86_64\bin\jimage.dll
0x00007ffb43750000 - 0x00007ffb43982000 	C:\WINDOWS\SYSTEM32\DBGHELP.DLL
0x00007ffb46b70000 - 0x00007ffb46ef8000 	C:\WINDOWS\System32\combase.dll
0x00007ffb47b70000 - 0x00007ffb47c47000 	C:\WINDOWS\System32\OLEAUT32.dll
0x00007ffb18d40000 - 0x00007ffb18d72000 	C:\WINDOWS\SYSTEM32\dbgcore.DLL
0x00007ffb46a50000 - 0x00007ffb46acb000 	C:\WINDOWS\System32\bcryptPrimitives.dll
0x00007ffb3d630000 - 0x00007ffb3d63e000 	c:\Users\thinkpad\.vscode\extensions\redhat.java-1.32.0-win32-x64\jre\17.0.11-win32-x86_64\bin\instrument.dll
0x00007ffb2c320000 - 0x00007ffb2c345000 	c:\Users\thinkpad\.vscode\extensions\redhat.java-1.32.0-win32-x64\jre\17.0.11-win32-x86_64\bin\java.dll
0x00007ffb266d0000 - 0x00007ffb266e8000 	c:\Users\thinkpad\.vscode\extensions\redhat.java-1.32.0-win32-x64\jre\17.0.11-win32-x86_64\bin\zip.dll
0x00007ffb48130000 - 0x00007ffb4898c000 	C:\WINDOWS\System32\SHELL32.dll
0x00007ffb43fc0000 - 0x00007ffb448b7000 	C:\WINDOWS\SYSTEM32\windows.storage.dll
0x00007ffb43e80000 - 0x00007ffb43fbf000 	C:\WINDOWS\SYSTEM32\wintypes.dll
0x00007ffb47380000 - 0x00007ffb47474000 	C:\WINDOWS\System32\SHCORE.dll
0x00007ffb47480000 - 0x00007ffb474de000 	C:\WINDOWS\System32\shlwapi.dll
0x00007ffb45ff0000 - 0x00007ffb46011000 	C:\WINDOWS\SYSTEM32\profapi.dll
0x00007ffb264b0000 - 0x00007ffb264c9000 	C:\Users\thinkpad\.vscode\extensions\redhat.java-1.32.0-win32-x64\jre\17.0.11-win32-x86_64\bin\net.dll
0x00007ffb41420000 - 0x00007ffb41556000 	C:\WINDOWS\SYSTEM32\WINHTTP.dll
0x00007ffb45600000 - 0x00007ffb45669000 	C:\WINDOWS\system32\mswsock.dll
0x00007ffb26490000 - 0x00007ffb264a6000 	C:\Users\thinkpad\.vscode\extensions\redhat.java-1.32.0-win32-x64\jre\17.0.11-win32-x86_64\bin\nio.dll
0x00007ffb3d240000 - 0x00007ffb3d250000 	c:\Users\thinkpad\.vscode\extensions\redhat.java-1.32.0-win32-x64\jre\17.0.11-win32-x86_64\bin\verify.dll

dbghelp: loaded successfully - version: 4.0.5 - missing functions: none
symbol engine: initialized successfully - sym options: 0x614 - pdb path: .;c:\Users\thinkpad\.vscode\extensions\redhat.java-1.32.0-win32-x64\jre\17.0.11-win32-x86_64\bin;C:\WINDOWS\SYSTEM32;C:\WINDOWS\WinSxS\amd64_microsoft.windows.common-controls_6595b64144ccf1df_6.0.22621.3672_none_2713b9d173822955;c:\Users\thinkpad\.vscode\extensions\redhat.java-1.32.0-win32-x64\jre\17.0.11-win32-x86_64\bin\server

VM Arguments:
jvm_args: --add-modules=ALL-SYSTEM --add-opens=java.base/java.util=ALL-UNNAMED --add-opens=java.base/java.lang=ALL-UNNAMED --add-opens=java.base/sun.nio.fs=ALL-UNNAMED -Declipse.application=org.eclipse.jdt.ls.core.id1 -Dosgi.bundles.defaultStartLevel=4 -Declipse.product=org.eclipse.jdt.ls.core.product -Djava.import.generatesMetadataFilesAtProjectRoot=false -DDetectVMInstallationsJob.disabled=true -Dfile.encoding=utf8 -XX:+UseParallelGC -XX:GCTimeRatio=4 -XX:AdaptiveSizePolicyWeight=90 -Dsun.zip.disableMemoryMapping=true -Xmx1G -Xms100m -Xlog:disable -javaagent:c:\Users\thinkpad\.vscode\extensions\redhat.java-1.32.0-win32-x64\lombok\lombok-1.18.33.jar 
java_command: c:\Users\thinkpad\.vscode\extensions\redhat.java-1.32.0-win32-x64\server\plugins\org.eclipse.equinox.launcher_1.6.900.v20240613-2009.jar -configuration c:\Users\thinkpad\AppData\Roaming\Code\User\globalStorage\redhat.java\1.32.0\config_ss_win -data c:\Users\thinkpad\AppData\Roaming\Code\User\workspaceStorage\51565181f65691b3f7f12234beb67880\redhat.java\ss_ws --pipe=\\.\pipe\lsp-35dbfeeb3ac7cbf621dedd57f95e3c62-sock
java_class_path (initial): c:\Users\thinkpad\.vscode\extensions\redhat.java-1.32.0-win32-x64\server\plugins\org.eclipse.equinox.launcher_1.6.900.v20240613-2009.jar
Launcher Type: SUN_STANDARD

[Global flags]
    uintx AdaptiveSizePolicyWeight                 = 90                                        {product} {command line}
     intx CICompilerCount                          = 4                                         {product} {ergonomic}
    uintx GCTimeRatio                              = 4                                         {product} {command line}
   size_t InitialHeapSize                          = 104857600                                 {product} {command line}
   size_t MaxHeapSize                              = 1073741824                                {product} {command line}
   size_t MaxNewSize                               = 357564416                                 {product} {ergonomic}
   size_t MinHeapDeltaBytes                        = 524288                                    {product} {ergonomic}
   size_t MinHeapSize                              = 104857600                                 {product} {command line}
   size_t NewSize                                  = 34603008                                  {product} {ergonomic}
    uintx NonNMethodCodeHeapSize                   = 5839372                                {pd product} {ergonomic}
    uintx NonProfiledCodeHeapSize                  = 122909434                              {pd product} {ergonomic}
   size_t OldSize                                  = 70254592                                  {product} {ergonomic}
    uintx ProfiledCodeHeapSize                     = 122909434                              {pd product} {ergonomic}
    uintx ReservedCodeCacheSize                    = 251658240                              {pd product} {ergonomic}
     bool SegmentedCodeCache                       = true                                      {product} {ergonomic}
   size_t SoftMaxHeapSize                          = 1073741824                             {manageable} {ergonomic}
     bool UseCompressedClassPointers               = true                           {product lp64_product} {ergonomic}
     bool UseCompressedOops                        = true                           {product lp64_product} {ergonomic}
     bool UseLargePagesIndividualAllocation        = false                                  {pd product} {ergonomic}
     bool UseParallelGC                            = true                                      {product} {command line}

Logging:
Log output configuration:
 #0: stdout all=off uptime,level,tags
 #1: stderr all=off uptime,level,tags

Environment Variables:
JAVA_HOME=C:\Program Files\Java\jdk-11
PATH=C:\Program Files\Common Files\Oracle\Java\javapath;C:\WINDOWS\system32;C:\WINDOWS;C:\WINDOWS\System32\Wbem;C:\WINDOWS\System32\WindowsPowerShell\v1.0\;C:\WINDOWS\System32\OpenSSH\;C:\xampp\php;C:\Program Files\Java\jdk-11\bin;C:\ProgramData\ComposerSetup\bin;C:\xampp\php;C:\Program Files\Docker\Docker\resources\bin;C:\Program Files\nodejs\;C:\Program Files\Java\jdk-21\bin;C:\Program Files\Java\jdk-11\bin;C:\Program Files\Git\cmd;C:\Users\thinkpad\scoop\shims;C:\Program Files\Elixir\bin;C:\Program Files\Erlang OTP\bin;C:\Users\thinkpad\AppData\Local\Programs\Python\Python310\Scripts\;C:\Users\thinkpad\AppData\Local\Programs\Python\Python310\;C:\Users\thinkpad\AppData\Local\Microsoft\WindowsApps;C:\Users\thinkpad\AppData\Local\Programs\Microsoft VS Code\bin;C:\xampp\htdocs\server\php;C:\Users\thinkpad\AppData\Local\Programs\mongosh\;C:\Users\thinkpad\AppData\Roaming\Composer\vendor\bin;C:\Users\thinkpad\AppData\Roaming\npm
USERNAME=thinkpad
OS=Windows_NT
PROCESSOR_IDENTIFIER=Intel64 Family 6 Model 126 Stepping 5, GenuineIntel
TMP=C:\Users\thinkpad\AppData\Local\Temp
TEMP=C:\Users\thinkpad\AppData\Local\Temp



Periodic native trim disabled


---------------  S Y S T E M  ---------------

OS:
 Windows 11 , 64 bit Build 22621 (10.0.22621.3672)
OS uptime: 0 days 2:27 hours
Hyper-V role detected

CPU: total 8 (initial active 8) (4 cores per cpu, 2 threads per core) family 6 model 126 stepping 5 microcode 0xa6, cx8, cmov, fxsr, ht, mmx, 3dnowpref, sse, sse2, sse3, ssse3, sse4.1, sse4.2, popcnt, lzcnt, tsc, tscinvbit, avx, avx2, aes, erms, clmul, bmi1, bmi2, adx, avx512f, avx512dq, avx512cd, avx512bw, avx512vl, sha, fma, vzeroupper, avx512_vpopcntdq, avx512_vpclmulqdq, avx512_vaes, avx512_vnni, clflush, clflushopt, avx512_vbmi2, avx512_vbmi, hv
Processor Information for all 8 processors :
  Max Mhz: 1190, Current Mhz: 991, Mhz Limit: 987

Memory: 4k page, system-wide physical 7997M (1072M free)
TotalPageFile size 10045M (AvailPageFile size 5M)
current process WorkingSet (physical memory assigned to process): 59M, peak: 59M
current process commit charge ("private bytes"): 198M, peak: 198M

vm_info: OpenJDK 64-Bit Server VM (17.0.11+9) for windows-amd64 JRE (17.0.11+9), built on Apr 17 2024 06:07:48 by "admin" with MS VC++ 16.10 / 16.11 (VS2019)

END.
