#
# There is insufficient memory for the Java Runtime Environment to continue.
# Native memory allocation (malloc) failed to allocate 552336 bytes. Error detail: Chunk::new
# Possible reasons:
#   The system is out of physical RAM or swap space
#   This process is running with CompressedOops enabled, and the Java Heap may be blocking the growth of the native heap
# Possible solutions:
#   Reduce memory load on the system
#   Increase physical memory or swap space
#   Check if swap backing store is full
#   Decrease Java heap size (-Xmx/-Xms)
#   Decrease number of Java threads
#   Decrease Java thread stack sizes (-Xss)
#   Set larger code cache with -XX:ReservedCodeCacheSize=
#   JVM is running with Unscaled Compressed Oops mode in which the Java heap is
#     placed in the first 4GB address space. The Java Heap base address is the
#     maximum limit for the native heap growth. Please use -XX:HeapBaseMinAddress
#     to set the Java Heap base and to place the Java Heap above 4GB virtual address.
# This output file may be truncated or incomplete.
#
#  Out of Memory Error (arena.cpp:191), pid=2432, tid=4224
#
# JRE version: OpenJDK Runtime Environment Temurin-17.0.11+9 (17.0.11+9) (build 17.0.11+9)
# Java VM: OpenJDK 64-Bit Server VM Temurin-17.0.11+9 (17.0.11+9, mixed mode, tiered, compressed oops, compressed class ptrs, parallel gc, windows-amd64)
# No core dump will be written. Minidumps are not enabled by default on client versions of Windows
#

---------------  S U M M A R Y ------------

Command Line: --add-modules=ALL-SYSTEM --add-opens=java.base/java.util=ALL-UNNAMED --add-opens=java.base/java.lang=ALL-UNNAMED --add-opens=java.base/sun.nio.fs=ALL-UNNAMED -Declipse.application=org.eclipse.jdt.ls.core.id1 -Dosgi.bundles.defaultStartLevel=4 -Declipse.product=org.eclipse.jdt.ls.core.product -Djava.import.generatesMetadataFilesAtProjectRoot=false -DDetectVMInstallationsJob.disabled=true -Dfile.encoding=utf8 -XX:+UseParallelGC -XX:GCTimeRatio=4 -XX:AdaptiveSizePolicyWeight=90 -Dsun.zip.disableMemoryMapping=true -Xmx1G -Xms100m -Xlog:disable -javaagent:c:\Users\thinkpad\.vscode\extensions\redhat.java-1.32.0-win32-x64\lombok\lombok-1.18.33.jar -XX:+HeapDumpOnOutOfMemoryError -XX:HeapDumpPath=c:\Users\thinkpad\AppData\Roaming\Code\User\workspaceStorage\51565181f65691b3f7f12234beb67880\redhat.java -Daether.dependencyCollector.impl=bf c:\Users\thinkpad\.vscode\extensions\redhat.java-1.32.0-win32-x64\server\plugins\org.eclipse.equinox.launcher_1.6.900.v20240613-2009.jar -configuration c:\Users\thinkpad\AppData\Roaming\Code\User\globalStorage\redhat.java\1.32.0\config_win -data c:\Users\thinkpad\AppData\Roaming\Code\User\workspaceStorage\51565181f65691b3f7f12234beb67880\redhat.java\jdt_ws --pipe=\\.\pipe\lsp-3ec41213c07ecd17af9c6e0a8c13efda-sock

Host: Intel(R) Core(TM) i5-1035G1 CPU @ 1.00GHz, 8 cores, 7G,  Windows 11 , 64 bit Build 22621 (10.0.22621.3672)
Time: Mon Jul  8 00:49:40 2024 Maroc (heure d64 bit Build 22621 (10.0.22621.3672) elapsed time: 12.204946 seconds (0d 0h 0m 12s)

---------------  T H R E A D  ---------------

Current thread (0x000001fa6ffa0000):  JavaThread "C2 CompilerThread1" daemon [_thread_in_native, id=4224, stack(0x0000005afe000000,0x0000005afe100000)]


Current CompileTask:
C2:  12205 4609       4       org.eclipse.osgi.internal.loader.classpath.ClasspathManager::findLocalClassImpl (55 bytes)

Stack: [0x0000005afe000000,0x0000005afe100000]
Native frames: (J=compiled Java code, j=interpreted, Vv=VM code, C=native code)
V  [jvm.dll+0x67d429]
V  [jvm.dll+0x834b7a]
V  [jvm.dll+0x83663e]
V  [jvm.dll+0x836ca3]
V  [jvm.dll+0x247dbf]
V  [jvm.dll+0xac534]
V  [jvm.dll+0xacb7c]
V  [jvm.dll+0x11f347]
V  [jvm.dll+0x60f335]
V  [jvm.dll+0x60d9da]
V  [jvm.dll+0x21a2e8]
V  [jvm.dll+0x2198b1]
V  [jvm.dll+0x1a534d]
V  [jvm.dll+0x2295cd]
V  [jvm.dll+0x22779c]
V  [jvm.dll+0x7e9d07]
V  [jvm.dll+0x7e410a]
V  [jvm.dll+0x67c315]
C  [ucrtbase.dll+0x29333]
C  [KERNEL32.DLL+0x1257d]
C  [ntdll.dll+0x5af28]


---------------  P R O C E S S  ---------------

Threads class SMR info:
_java_thread_list=0x000001fa6ef50740, length=25, elements={
0x000001fa55c9fd00, 0x000001fa6ebfcf10, 0x000001fa6ebfd7e0, 0x000001fa69b2dcc0,
0x000001fa69b2e790, 0x000001fa6ec1f3f0, 0x000001fa6ec1ffb0, 0x000001fa6ec25710,
0x000001fa6ec8a740, 0x000001fa6ec8f420, 0x000001fa6eca2ec0, 0x000001fa6eef3d10,
0x000001fa7059b040, 0x000001fa706a5930, 0x000001fa70794d70, 0x000001fa70e3a780,
0x000001fa70f288d0, 0x000001fa70494340, 0x000001fa70331440, 0x000001fa70331e60,
0x000001fa70332370, 0x000001fa6ffa0000, 0x000001fa70332d90, 0x000001fa70332880,
0x000001fa707a2000
}

Java Threads: ( => current thread )
  0x000001fa55c9fd00 JavaThread "main" [_thread_in_native, id=5388, stack(0x0000005afc100000,0x0000005afc200000)]
  0x000001fa6ebfcf10 JavaThread "Reference Handler" daemon [_thread_blocked, id=12212, stack(0x0000005afc400000,0x0000005afc500000)]
  0x000001fa6ebfd7e0 JavaThread "Finalizer" daemon [_thread_blocked, id=8300, stack(0x0000005afc500000,0x0000005afc600000)]
  0x000001fa69b2dcc0 JavaThread "Signal Dispatcher" daemon [_thread_blocked, id=6692, stack(0x0000005afc600000,0x0000005afc700000)]
  0x000001fa69b2e790 JavaThread "Attach Listener" daemon [_thread_blocked, id=3920, stack(0x0000005afc700000,0x0000005afc800000)]
  0x000001fa6ec1f3f0 JavaThread "Service Thread" daemon [_thread_blocked, id=9296, stack(0x0000005afc800000,0x0000005afc900000)]
  0x000001fa6ec1ffb0 JavaThread "Monitor Deflation Thread" daemon [_thread_blocked, id=6276, stack(0x0000005afc900000,0x0000005afca00000)]
  0x000001fa6ec25710 JavaThread "C2 CompilerThread0" daemon [_thread_in_native, id=16008, stack(0x0000005afca00000,0x0000005afcb00000)]
  0x000001fa6ec8a740 JavaThread "C1 CompilerThread0" daemon [_thread_blocked, id=3896, stack(0x0000005afcb00000,0x0000005afcc00000)]
  0x000001fa6ec8f420 JavaThread "Sweeper thread" daemon [_thread_blocked, id=15460, stack(0x0000005afcc00000,0x0000005afcd00000)]
  0x000001fa6eca2ec0 JavaThread "Common-Cleaner" daemon [_thread_blocked, id=7064, stack(0x0000005afcd00000,0x0000005afce00000)]
  0x000001fa6eef3d10 JavaThread "Notification Thread" daemon [_thread_blocked, id=8504, stack(0x0000005afce00000,0x0000005afcf00000)]
  0x000001fa7059b040 JavaThread "Active Thread: Equinox Container: d7669c87-9580-45a2-a7e8-1079d889c259" [_thread_blocked, id=3144, stack(0x0000005afd800000,0x0000005afd900000)]
  0x000001fa706a5930 JavaThread "Framework Event Dispatcher: Equinox Container: d7669c87-9580-45a2-a7e8-1079d889c259" daemon [_thread_blocked, id=6224, stack(0x0000005afd900000,0x0000005afda00000)]
  0x000001fa70794d70 JavaThread "Start Level: Equinox Container: d7669c87-9580-45a2-a7e8-1079d889c259" daemon [_thread_blocked, id=8360, stack(0x0000005afda00000,0x0000005afdb00000)]
  0x000001fa70e3a780 JavaThread "Bundle File Closer" daemon [_thread_blocked, id=13368, stack(0x0000005afd700000,0x0000005afd800000)]
  0x000001fa70f288d0 JavaThread "SCR Component Actor" daemon [_thread_blocked, id=14084, stack(0x0000005afdc00000,0x0000005afdd00000)]
  0x000001fa70494340 JavaThread "SCR Component Registry" daemon [_thread_blocked, id=8732, stack(0x0000005afd600000,0x0000005afd700000)]
  0x000001fa70331440 JavaThread "Worker-JM" [_thread_blocked, id=12756, stack(0x0000005afdd00000,0x0000005afde00000)]
  0x000001fa70331e60 JavaThread "Worker-0: Repository registry initialization" [_thread_in_native, id=12688, stack(0x0000005afde00000,0x0000005afdf00000)]
  0x000001fa70332370 JavaThread "Worker-1" [_thread_blocked, id=2652, stack(0x0000005afdf00000,0x0000005afe000000)]
=>0x000001fa6ffa0000 JavaThread "C2 CompilerThread1" daemon [_thread_in_native, id=4224, stack(0x0000005afe000000,0x0000005afe100000)]
  0x000001fa70332d90 JavaThread "Worker-2" [_thread_blocked, id=7132, stack(0x0000005afe100000,0x0000005afe200000)]
  0x000001fa70332880 JavaThread "Java indexing" daemon [_thread_blocked, id=8104, stack(0x0000005afe200000,0x0000005afe300000)]
  0x000001fa707a2000 JavaThread "JNA Cleaner" daemon [_thread_blocked, id=15916, stack(0x0000005afe300000,0x0000005afe400000)]

Other Threads:
  0x000001fa55d48790 VMThread "VM Thread" [stack: 0x0000005afc300000,0x0000005afc400000] [id=9952]
  0x000001fa6eef41f0 WatcherThread [stack: 0x0000005afcf00000,0x0000005afd000000] [id=5196]
  0x000001fa55cb38c0 GCTaskThread "GC Thread#0" [stack: 0x0000005afc200000,0x0000005afc300000] [id=7096]
  0x000001fa70471c60 GCTaskThread "GC Thread#1" [stack: 0x0000005afd000000,0x0000005afd100000] [id=10424]
  0x000001fa70522cb0 GCTaskThread "GC Thread#2" [stack: 0x0000005afd100000,0x0000005afd200000] [id=3960]
  0x000001fa6eef89e0 GCTaskThread "GC Thread#3" [stack: 0x0000005afd200000,0x0000005afd300000] [id=16996]
  0x000001fa6eef8ca0 GCTaskThread "GC Thread#4" [stack: 0x0000005afd300000,0x0000005afd400000] [id=14896]
  0x000001fa6eef8f60 GCTaskThread "GC Thread#5" [stack: 0x0000005afd400000,0x0000005afd500000] [id=4352]
  0x000001fa6eef9220 GCTaskThread "GC Thread#6" [stack: 0x0000005afd500000,0x0000005afd600000] [id=3216]
  0x000001fa70803b90 GCTaskThread "GC Thread#7" [stack: 0x0000005afdb00000,0x0000005afdc00000] [id=8776]

Threads with active compile tasks:
C2 CompilerThread0    12258 4672       4       java.util.HashSet::contains (9 bytes)
C2 CompilerThread1    12258 4609       4       org.eclipse.osgi.internal.loader.classpath.ClasspathManager::findLocalClassImpl (55 bytes)

VM state: not at safepoint (normal execution)

VM Mutex/Monitor currently owned by a thread: None

Heap address: 0x00000000c0000000, size: 1024 MB, Compressed Oops mode: 32-bit

CDS archive(s) not mapped
Compressed class space mapped at: 0x0000000100000000-0x0000000140000000, reserved size: 1073741824
Narrow klass base: 0x0000000000000000, Narrow klass shift: 3, Narrow klass range: 0x140000000

GC Precious Log:
 CPUs: 8 total, 8 available
 Memory: 7997M
 Large Page Support: Disabled
 NUMA Support: Disabled
 Compressed Oops: Enabled (32-bit)
 Alignments: Space 512K, Generation 512K, Heap 2M
 Heap Min Capacity: 100M
 Heap Initial Capacity: 100M
 Heap Max Capacity: 1G
 Pre-touch: Disabled
 Parallel Workers: 8

Heap:
 PSYoungGen      total 23040K, used 1406K [0x00000000eab00000, 0x00000000ec600000, 0x0000000100000000)
  eden space 22016K, 1% used [0x00000000eab00000,0x00000000eab65158,0x00000000ec080000)
  from space 1024K, 97% used [0x00000000ec500000,0x00000000ec5fa8b8,0x00000000ec600000)
  to   space 2048K, 0% used [0x00000000ec200000,0x00000000ec200000,0x00000000ec400000)
 ParOldGen       total 68608K, used 16386K [0x00000000c0000000, 0x00000000c4300000, 0x00000000eab00000)
  object space 68608K, 23% used [0x00000000c0000000,0x00000000c10008c8,0x00000000c4300000)
 Metaspace       used 42547K, committed 43456K, reserved 1114112K
  class space    used 4413K, committed 4800K, reserved 1048576K

Card table byte_map: [0x000001fa55630000,0x000001fa55840000] _byte_map_base: 0x000001fa55030000

Marking Bits: (ParMarkBitMap*) 0x00007ffb57abd820
 Begin Bits: [0x000001fa67930000, 0x000001fa68930000)
 End Bits:   [0x000001fa68930000, 0x000001fa69930000)

Polling page: 0x000001fa53c10000

Metaspace:

Usage:
  Non-class:     37.24 MB used.
      Class:      4.31 MB used.
       Both:     41.55 MB used.

Virtual space:
  Non-class space:       64.00 MB reserved,      37.75 MB ( 59%) committed,  1 nodes.
      Class space:        1.00 GB reserved,       4.69 MB ( <1%) committed,  1 nodes.
             Both:        1.06 GB reserved,      42.44 MB (  4%) committed. 

Chunk freelists:
   Non-Class:  9.66 MB
       Class:  11.16 MB
        Both:  20.81 MB

MaxMetaspaceSize: unlimited
CompressedClassSpaceSize: 1.00 GB
Initial GC threshold: 21.00 MB
Current GC threshold: 58.38 MB
CDS: off
MetaspaceReclaimPolicy: balanced
 - commit_granule_bytes: 65536.
 - commit_granule_words: 8192.
 - virtual_space_node_default_size: 8388608.
 - enlarge_chunks_in_place: 1.
 - new_chunks_are_fully_committed: 0.
 - uncommit_free_chunks: 1.
 - use_allocation_guard: 0.
 - handle_deallocations: 1.


Internal statistics:

num_allocs_failed_limit: 6.
num_arena_births: 628.
num_arena_deaths: 14.
num_vsnodes_births: 2.
num_vsnodes_deaths: 0.
num_space_committed: 679.
num_space_uncommitted: 0.
num_chunks_returned_to_freelist: 20.
num_chunks_taken_from_freelist: 2138.
num_chunk_merges: 5.
num_chunk_splits: 1324.
num_chunks_enlarged: 779.
num_inconsistent_stats: 0.

CodeHeap 'non-profiled nmethods': size=120000Kb used=2163Kb max_used=2163Kb free=117836Kb
 bounds [0x000001fa60400000, 0x000001fa60670000, 0x000001fa67930000]
CodeHeap 'profiled nmethods': size=120000Kb used=10310Kb max_used=10310Kb free=109689Kb
 bounds [0x000001fa58930000, 0x000001fa59350000, 0x000001fa5fe60000]
CodeHeap 'non-nmethods': size=5760Kb used=1284Kb max_used=1338Kb free=4475Kb
 bounds [0x000001fa5fe60000, 0x000001fa600d0000, 0x000001fa60400000]
 total_blobs=5297 nmethods=4701 adapters=509
 compilation: enabled
              stopped_count=0, restarted_count=0
 full_count=0

Compilation events (20 events):
Event: 12.159 Thread 0x000001fa6ec8a740 nmethod 4679 0x000001fa5931ad90 code [0x000001fa5931af40, 0x000001fa5931b088]
Event: 12.159 Thread 0x000001fa6ec8a740 4680       2       org.eclipse.osgi.container.ModuleDatabase::readUnlock (11 bytes)
Event: 12.160 Thread 0x000001fa6ec8a740 nmethod 4680 0x000001fa5931b190 code [0x000001fa5931b340, 0x000001fa5931b4f8]
Event: 12.161 Thread 0x000001fa6ec8a740 4681       3       org.apache.aries.spifly.BaseActivator::getAllHeaders (189 bytes)
Event: 12.165 Thread 0x000001fa6ec8a740 nmethod 4681 0x000001fa5931b690 code [0x000001fa5931bae0, 0x000001fa5931e2f8]
Event: 12.165 Thread 0x000001fa6ec8a740 4682       3       sun.reflect.annotation.AnnotationParser::parseAnnotations2 (135 bytes)
Event: 12.167 Thread 0x000001fa6ec8a740 nmethod 4682 0x000001fa5931f190 code [0x000001fa5931f4e0, 0x000001fa59320678]
Event: 12.167 Thread 0x000001fa6ec8a740 4683       3       aQute.bnd.stream.MapStream::empty (7 bytes)
Event: 12.168 Thread 0x000001fa6ec8a740 nmethod 4683 0x000001fa59320e10 code [0x000001fa59321000, 0x000001fa593215d8]
Event: 12.168 Thread 0x000001fa6ec8a740 4684       3       aQute.bnd.stream.MapStream::of (9 bytes)
Event: 12.168 Thread 0x000001fa6ec8a740 nmethod 4684 0x000001fa59321810 code [0x000001fa593219e0, 0x000001fa59321e48]
Event: 12.168 Thread 0x000001fa6ec8a740 4687       3       com.google.inject.TypeLiteral::getSupertype (35 bytes)
Event: 12.169 Thread 0x000001fa6ec8a740 nmethod 4687 0x000001fa59322010 code [0x000001fa59322200, 0x000001fa59322588]
Event: 12.169 Thread 0x000001fa6ec8a740 4686       3       java.lang.Boolean::equals (29 bytes)
Event: 12.169 Thread 0x000001fa6ec8a740 nmethod 4686 0x000001fa59322710 code [0x000001fa593228c0, 0x000001fa59322c98]
Event: 12.171 Thread 0x000001fa6ec8a740 4688       3       java.util.RegularEnumSet::isEmpty (15 bytes)
Event: 12.175 Thread 0x000001fa6ec8a740 nmethod 4688 0x000001fa59322d90 code [0x000001fa59322f20, 0x000001fa59323098]
Event: 12.175 Thread 0x000001fa6ec8a740 4690       3       aQute.bnd.header.OSGiHeader::parseHeader (532 bytes)
Event: 12.183 Thread 0x000001fa6ec8a740 nmethod 4690 0x000001fa59323110 code [0x000001fa59323800, 0x000001fa59328078]
Event: 12.183 Thread 0x000001fa6ec8a740 4696   !   3       org.eclipse.osgi.internal.framework.EquinoxBundle::adapt0 (939 bytes)

GC Heap History (20 events):
Event: 6.603 GC heap before
{Heap before GC invocations=6 (full 1):
 PSYoungGen      total 29696K, used 4081K [0x00000000eab00000, 0x00000000ece00000, 0x0000000100000000)
  eden space 25600K, 0% used [0x00000000eab00000,0x00000000eab00000,0x00000000ec400000)
  from space 4096K, 99% used [0x00000000ec400000,0x00000000ec7fc6c0,0x00000000ec800000)
  to   space 5120K, 0% used [0x00000000ec900000,0x00000000ec900000,0x00000000ece00000)
 ParOldGen       total 68608K, used 6921K [0x00000000c0000000, 0x00000000c4300000, 0x00000000eab00000)
  object space 68608K, 10% used [0x00000000c0000000,0x00000000c06c25e0,0x00000000c4300000)
 Metaspace       used 21112K, committed 21504K, reserved 1114112K
  class space    used 2123K, committed 2304K, reserved 1048576K
}
Event: 6.645 GC heap after
{Heap after GC invocations=6 (full 1):
 PSYoungGen      total 29696K, used 0K [0x00000000eab00000, 0x00000000ece00000, 0x0000000100000000)
  eden space 25600K, 0% used [0x00000000eab00000,0x00000000eab00000,0x00000000ec400000)
  from space 4096K, 0% used [0x00000000ec400000,0x00000000ec400000,0x00000000ec800000)
  to   space 5120K, 0% used [0x00000000ec900000,0x00000000ec900000,0x00000000ece00000)
 ParOldGen       total 68608K, used 10659K [0x00000000c0000000, 0x00000000c4300000, 0x00000000eab00000)
  object space 68608K, 15% used [0x00000000c0000000,0x00000000c0a68f50,0x00000000c4300000)
 Metaspace       used 21112K, committed 21504K, reserved 1114112K
  class space    used 2123K, committed 2304K, reserved 1048576K
}
Event: 7.819 GC heap before
{Heap before GC invocations=7 (full 1):
 PSYoungGen      total 29696K, used 25600K [0x00000000eab00000, 0x00000000ece00000, 0x0000000100000000)
  eden space 25600K, 100% used [0x00000000eab00000,0x00000000ec400000,0x00000000ec400000)
  from space 4096K, 0% used [0x00000000ec400000,0x00000000ec400000,0x00000000ec800000)
  to   space 5120K, 0% used [0x00000000ec900000,0x00000000ec900000,0x00000000ece00000)
 ParOldGen       total 68608K, used 10659K [0x00000000c0000000, 0x00000000c4300000, 0x00000000eab00000)
  object space 68608K, 15% used [0x00000000c0000000,0x00000000c0a68f50,0x00000000c4300000)
 Metaspace       used 24459K, committed 25024K, reserved 1114112K
  class space    used 2475K, committed 2688K, reserved 1048576K
}
Event: 7.824 GC heap after
{Heap after GC invocations=7 (full 1):
 PSYoungGen      total 26624K, used 1328K [0x00000000eab00000, 0x00000000eca80000, 0x0000000100000000)
  eden space 25088K, 0% used [0x00000000eab00000,0x00000000eab00000,0x00000000ec380000)
  from space 1536K, 86% used [0x00000000ec900000,0x00000000eca4c290,0x00000000eca80000)
  to   space 3072K, 0% used [0x00000000ec480000,0x00000000ec480000,0x00000000ec780000)
 ParOldGen       total 68608K, used 10667K [0x00000000c0000000, 0x00000000c4300000, 0x00000000eab00000)
  object space 68608K, 15% used [0x00000000c0000000,0x00000000c0a6af50,0x00000000c4300000)
 Metaspace       used 24459K, committed 25024K, reserved 1114112K
  class space    used 2475K, committed 2688K, reserved 1048576K
}
Event: 9.223 GC heap before
{Heap before GC invocations=8 (full 1):
 PSYoungGen      total 26624K, used 26416K [0x00000000eab00000, 0x00000000eca80000, 0x0000000100000000)
  eden space 25088K, 100% used [0x00000000eab00000,0x00000000ec380000,0x00000000ec380000)
  from space 1536K, 86% used [0x00000000ec900000,0x00000000eca4c290,0x00000000eca80000)
  to   space 3072K, 0% used [0x00000000ec480000,0x00000000ec480000,0x00000000ec780000)
 ParOldGen       total 68608K, used 10667K [0x00000000c0000000, 0x00000000c4300000, 0x00000000eab00000)
  object space 68608K, 15% used [0x00000000c0000000,0x00000000c0a6af50,0x00000000c4300000)
 Metaspace       used 27313K, committed 28032K, reserved 1114112K
  class space    used 2820K, committed 3136K, reserved 1048576K
}
Event: 9.227 GC heap after
{Heap after GC invocations=8 (full 1):
 PSYoungGen      total 27648K, used 2957K [0x00000000eab00000, 0x00000000eca00000, 0x0000000100000000)
  eden space 24576K, 0% used [0x00000000eab00000,0x00000000eab00000,0x00000000ec300000)
  from space 3072K, 96% used [0x00000000ec480000,0x00000000ec763740,0x00000000ec780000)
  to   space 2560K, 0% used [0x00000000ec780000,0x00000000ec780000,0x00000000eca00000)
 ParOldGen       total 68608K, used 10675K [0x00000000c0000000, 0x00000000c4300000, 0x00000000eab00000)
  object space 68608K, 15% used [0x00000000c0000000,0x00000000c0a6cf50,0x00000000c4300000)
 Metaspace       used 27313K, committed 28032K, reserved 1114112K
  class space    used 2820K, committed 3136K, reserved 1048576K
}
Event: 9.779 GC heap before
{Heap before GC invocations=9 (full 1):
 PSYoungGen      total 27648K, used 27427K [0x00000000eab00000, 0x00000000eca00000, 0x0000000100000000)
  eden space 24576K, 99% used [0x00000000eab00000,0x00000000ec2e5640,0x00000000ec300000)
  from space 3072K, 96% used [0x00000000ec480000,0x00000000ec763740,0x00000000ec780000)
  to   space 2560K, 0% used [0x00000000ec780000,0x00000000ec780000,0x00000000eca00000)
 ParOldGen       total 68608K, used 10675K [0x00000000c0000000, 0x00000000c4300000, 0x00000000eab00000)
  object space 68608K, 15% used [0x00000000c0000000,0x00000000c0a6cf50,0x00000000c4300000)
 Metaspace       used 29752K, committed 30528K, reserved 1114112K
  class space    used 2989K, committed 3328K, reserved 1048576K
}
Event: 9.783 GC heap after
{Heap after GC invocations=9 (full 1):
 PSYoungGen      total 26624K, used 2549K [0x00000000eab00000, 0x00000000eca80000, 0x0000000100000000)
  eden space 24064K, 0% used [0x00000000eab00000,0x00000000eab00000,0x00000000ec280000)
  from space 2560K, 99% used [0x00000000ec780000,0x00000000ec9fd518,0x00000000eca00000)
  to   space 4096K, 0% used [0x00000000ec280000,0x00000000ec280000,0x00000000ec680000)
 ParOldGen       total 68608K, used 11667K [0x00000000c0000000, 0x00000000c4300000, 0x00000000eab00000)
  object space 68608K, 17% used [0x00000000c0000000,0x00000000c0b64fa0,0x00000000c4300000)
 Metaspace       used 29752K, committed 30528K, reserved 1114112K
  class space    used 2989K, committed 3328K, reserved 1048576K
}
Event: 10.222 GC heap before
{Heap before GC invocations=10 (full 1):
 PSYoungGen      total 26624K, used 26613K [0x00000000eab00000, 0x00000000eca80000, 0x0000000100000000)
  eden space 24064K, 100% used [0x00000000eab00000,0x00000000ec280000,0x00000000ec280000)
  from space 2560K, 99% used [0x00000000ec780000,0x00000000ec9fd518,0x00000000eca00000)
  to   space 4096K, 0% used [0x00000000ec280000,0x00000000ec280000,0x00000000ec680000)
 ParOldGen       total 68608K, used 11667K [0x00000000c0000000, 0x00000000c4300000, 0x00000000eab00000)
  object space 68608K, 17% used [0x00000000c0000000,0x00000000c0b64fa0,0x00000000c4300000)
 Metaspace       used 32975K, committed 33792K, reserved 1114112K
  class space    used 3229K, committed 3584K, reserved 1048576K
}
Event: 10.225 GC heap after
{Heap after GC invocations=10 (full 1):
 PSYoungGen      total 27648K, used 3769K [0x00000000eab00000, 0x00000000eca00000, 0x0000000100000000)
  eden space 23552K, 0% used [0x00000000eab00000,0x00000000eab00000,0x00000000ec200000)
  from space 4096K, 92% used [0x00000000ec280000,0x00000000ec62e700,0x00000000ec680000)
  to   space 3584K, 0% used [0x00000000ec680000,0x00000000ec680000,0x00000000eca00000)
 ParOldGen       total 68608K, used 12215K [0x00000000c0000000, 0x00000000c4300000, 0x00000000eab00000)
  object space 68608K, 17% used [0x00000000c0000000,0x00000000c0bede98,0x00000000c4300000)
 Metaspace       used 32975K, committed 33792K, reserved 1114112K
  class space    used 3229K, committed 3584K, reserved 1048576K
}
Event: 10.547 GC heap before
{Heap before GC invocations=11 (full 1):
 PSYoungGen      total 27648K, used 27321K [0x00000000eab00000, 0x00000000eca00000, 0x0000000100000000)
  eden space 23552K, 100% used [0x00000000eab00000,0x00000000ec200000,0x00000000ec200000)
  from space 4096K, 92% used [0x00000000ec280000,0x00000000ec62e700,0x00000000ec680000)
  to   space 3584K, 0% used [0x00000000ec680000,0x00000000ec680000,0x00000000eca00000)
 ParOldGen       total 68608K, used 12215K [0x00000000c0000000, 0x00000000c4300000, 0x00000000eab00000)
  object space 68608K, 17% used [0x00000000c0000000,0x00000000c0bede98,0x00000000c4300000)
 Metaspace       used 34565K, committed 35392K, reserved 1114112K
  class space    used 3411K, committed 3776K, reserved 1048576K
}
Event: 10.550 GC heap after
{Heap after GC invocations=11 (full 1):
 PSYoungGen      total 25600K, used 2371K [0x00000000eab00000, 0x00000000ec900000, 0x0000000100000000)
  eden space 23040K, 0% used [0x00000000eab00000,0x00000000eab00000,0x00000000ec180000)
  from space 2560K, 92% used [0x00000000ec680000,0x00000000ec8d0ee8,0x00000000ec900000)
  to   space 3072K, 0% used [0x00000000ec300000,0x00000000ec300000,0x00000000ec600000)
 ParOldGen       total 68608K, used 14007K [0x00000000c0000000, 0x00000000c4300000, 0x00000000eab00000)
  object space 68608K, 20% used [0x00000000c0000000,0x00000000c0dadc98,0x00000000c4300000)
 Metaspace       used 34565K, committed 35392K, reserved 1114112K
  class space    used 3411K, committed 3776K, reserved 1048576K
}
Event: 10.616 GC heap before
{Heap before GC invocations=12 (full 1):
 PSYoungGen      total 25600K, used 5704K [0x00000000eab00000, 0x00000000ec900000, 0x0000000100000000)
  eden space 23040K, 14% used [0x00000000eab00000,0x00000000eae41508,0x00000000ec180000)
  from space 2560K, 92% used [0x00000000ec680000,0x00000000ec8d0ee8,0x00000000ec900000)
  to   space 3072K, 0% used [0x00000000ec300000,0x00000000ec300000,0x00000000ec600000)
 ParOldGen       total 68608K, used 14007K [0x00000000c0000000, 0x00000000c4300000, 0x00000000eab00000)
  object space 68608K, 20% used [0x00000000c0000000,0x00000000c0dadc98,0x00000000c4300000)
 Metaspace       used 35074K, committed 35840K, reserved 1114112K
  class space    used 3461K, committed 3776K, reserved 1048576K
}
Event: 10.620 GC heap after
{Heap after GC invocations=12 (full 1):
 PSYoungGen      total 23552K, used 288K [0x00000000eab00000, 0x00000000ec700000, 0x0000000100000000)
  eden space 23040K, 0% used [0x00000000eab00000,0x00000000eab00000,0x00000000ec180000)
  from space 512K, 56% used [0x00000000ec300000,0x00000000ec348000,0x00000000ec380000)
  to   space 1536K, 0% used [0x00000000ec580000,0x00000000ec580000,0x00000000ec700000)
 ParOldGen       total 68608K, used 16169K [0x00000000c0000000, 0x00000000c4300000, 0x00000000eab00000)
  object space 68608K, 23% used [0x00000000c0000000,0x00000000c0fca7a0,0x00000000c4300000)
 Metaspace       used 35074K, committed 35840K, reserved 1114112K
  class space    used 3461K, committed 3776K, reserved 1048576K
}
Event: 10.620 GC heap before
{Heap before GC invocations=13 (full 2):
 PSYoungGen      total 23552K, used 288K [0x00000000eab00000, 0x00000000ec700000, 0x0000000100000000)
  eden space 23040K, 0% used [0x00000000eab00000,0x00000000eab00000,0x00000000ec180000)
  from space 512K, 56% used [0x00000000ec300000,0x00000000ec348000,0x00000000ec380000)
  to   space 1536K, 0% used [0x00000000ec580000,0x00000000ec580000,0x00000000ec700000)
 ParOldGen       total 68608K, used 16169K [0x00000000c0000000, 0x00000000c4300000, 0x00000000eab00000)
  object space 68608K, 23% used [0x00000000c0000000,0x00000000c0fca7a0,0x00000000c4300000)
 Metaspace       used 35074K, committed 35840K, reserved 1114112K
  class space    used 3461K, committed 3776K, reserved 1048576K
}
Event: 10.676 GC heap after
{Heap after GC invocations=13 (full 2):
 PSYoungGen      total 23552K, used 0K [0x00000000eab00000, 0x00000000ec700000, 0x0000000100000000)
  eden space 23040K, 0% used [0x00000000eab00000,0x00000000eab00000,0x00000000ec180000)
  from space 512K, 0% used [0x00000000ec300000,0x00000000ec300000,0x00000000ec380000)
  to   space 1536K, 0% used [0x00000000ec580000,0x00000000ec580000,0x00000000ec700000)
 ParOldGen       total 68608K, used 14665K [0x00000000c0000000, 0x00000000c4300000, 0x00000000eab00000)
  object space 68608K, 21% used [0x00000000c0000000,0x00000000c0e52580,0x00000000c4300000)
 Metaspace       used 35061K, committed 35840K, reserved 1114112K
  class space    used 3458K, committed 3776K, reserved 1048576K
}
Event: 11.215 GC heap before
{Heap before GC invocations=14 (full 2):
 PSYoungGen      total 23552K, used 23040K [0x00000000eab00000, 0x00000000ec700000, 0x0000000100000000)
  eden space 23040K, 100% used [0x00000000eab00000,0x00000000ec180000,0x00000000ec180000)
  from space 512K, 0% used [0x00000000ec300000,0x00000000ec300000,0x00000000ec380000)
  to   space 1536K, 0% used [0x00000000ec580000,0x00000000ec580000,0x00000000ec700000)
 ParOldGen       total 68608K, used 14665K [0x00000000c0000000, 0x00000000c4300000, 0x00000000eab00000)
  object space 68608K, 21% used [0x00000000c0000000,0x00000000c0e52580,0x00000000c4300000)
 Metaspace       used 37423K, committed 38336K, reserved 1114112K
  class space    used 3785K, committed 4160K, reserved 1048576K
}
Event: 11.217 GC heap after
{Heap after GC invocations=14 (full 2):
 PSYoungGen      total 24064K, used 1238K [0x00000000eab00000, 0x00000000ec700000, 0x0000000100000000)
  eden space 22528K, 0% used [0x00000000eab00000,0x00000000eab00000,0x00000000ec100000)
  from space 1536K, 80% used [0x00000000ec580000,0x00000000ec6b5bf8,0x00000000ec700000)
  to   space 1536K, 0% used [0x00000000ec400000,0x00000000ec400000,0x00000000ec580000)
 ParOldGen       total 68608K, used 14673K [0x00000000c0000000, 0x00000000c4300000, 0x00000000eab00000)
  object space 68608K, 21% used [0x00000000c0000000,0x00000000c0e54580,0x00000000c4300000)
 Metaspace       used 37423K, committed 38336K, reserved 1114112K
  class space    used 3785K, committed 4160K, reserved 1048576K
}
Event: 11.680 GC heap before
{Heap before GC invocations=15 (full 2):
 PSYoungGen      total 24064K, used 23766K [0x00000000eab00000, 0x00000000ec700000, 0x0000000100000000)
  eden space 22528K, 100% used [0x00000000eab00000,0x00000000ec100000,0x00000000ec100000)
  from space 1536K, 80% used [0x00000000ec580000,0x00000000ec6b5bf8,0x00000000ec700000)
  to   space 1536K, 0% used [0x00000000ec400000,0x00000000ec400000,0x00000000ec580000)
 ParOldGen       total 68608K, used 14673K [0x00000000c0000000, 0x00000000c4300000, 0x00000000eab00000)
  object space 68608K, 21% used [0x00000000c0000000,0x00000000c0e54580,0x00000000c4300000)
 Metaspace       used 39773K, committed 40576K, reserved 1114112K
  class space    used 4078K, committed 4416K, reserved 1048576K
}
Event: 11.683 GC heap after
{Heap after GC invocations=15 (full 2):
 PSYoungGen      total 23040K, used 864K [0x00000000eab00000, 0x00000000ec600000, 0x0000000100000000)
  eden space 22016K, 0% used [0x00000000eab00000,0x00000000eab00000,0x00000000ec080000)
  from space 1024K, 84% used [0x00000000ec400000,0x00000000ec4d8000,0x00000000ec500000)
  to   space 1024K, 0% used [0x00000000ec500000,0x00000000ec500000,0x00000000ec600000)
 ParOldGen       total 68608K, used 15666K [0x00000000c0000000, 0x00000000c4300000, 0x00000000eab00000)
  object space 68608K, 22% used [0x00000000c0000000,0x00000000c0f4cb10,0x00000000c4300000)
 Metaspace       used 39773K, committed 40576K, reserved 1114112K
  class space    used 4078K, committed 4416K, reserved 1048576K
}

Dll operation events (10 events):
Event: 0.040 Loaded shared library c:\Users\thinkpad\.vscode\extensions\redhat.java-1.32.0-win32-x64\jre\17.0.11-win32-x86_64\bin\java.dll
Event: 0.499 Loaded shared library c:\Users\thinkpad\.vscode\extensions\redhat.java-1.32.0-win32-x64\jre\17.0.11-win32-x86_64\bin\zip.dll
Event: 0.505 Loaded shared library C:\Users\thinkpad\.vscode\extensions\redhat.java-1.32.0-win32-x64\jre\17.0.11-win32-x86_64\bin\instrument.dll
Event: 0.543 Loaded shared library C:\Users\thinkpad\.vscode\extensions\redhat.java-1.32.0-win32-x64\jre\17.0.11-win32-x86_64\bin\net.dll
Event: 0.546 Loaded shared library C:\Users\thinkpad\.vscode\extensions\redhat.java-1.32.0-win32-x64\jre\17.0.11-win32-x86_64\bin\nio.dll
Event: 0.566 Loaded shared library C:\Users\thinkpad\.vscode\extensions\redhat.java-1.32.0-win32-x64\jre\17.0.11-win32-x86_64\bin\zip.dll
Event: 0.626 Loaded shared library C:\Users\thinkpad\.vscode\extensions\redhat.java-1.32.0-win32-x64\jre\17.0.11-win32-x86_64\bin\jimage.dll
Event: 0.919 Loaded shared library c:\Users\thinkpad\.vscode\extensions\redhat.java-1.32.0-win32-x64\jre\17.0.11-win32-x86_64\bin\verify.dll
Event: 3.569 Loaded shared library C:\Users\thinkpad\AppData\Roaming\Code\User\globalStorage\redhat.java\1.32.0\config_win\org.eclipse.equinox.launcher\org.eclipse.equinox.launcher.win32.win32.x86_64_1.2.1100.v20240613-2013\eclipse_11903.dll
Event: 11.943 Loaded shared library C:\Users\thinkpad\AppData\Local\Temp\jna-1224584801\jna586252842374939174.dll

Deoptimization events (20 events):
Event: 11.118 Thread 0x000001fa70331e60 Uncommon trap: trap_request=0xffffff45 fr.pc=0x000001fa60506610 relative=0x00000000000000f0
Event: 11.118 Thread 0x000001fa70331e60 Uncommon trap: reason=unstable_if action=reinterpret pc=0x000001fa60506610 method=java.util.ArrayList.indexOfRange(Ljava/lang/Object;II)I @ 7 c2
Event: 11.118 Thread 0x000001fa70331e60 DEOPT PACKING pc=0x000001fa60506610 sp=0x0000005afdefe260
Event: 11.118 Thread 0x000001fa70331e60 DEOPT UNPACKING pc=0x000001fa5feb9ea3 sp=0x0000005afdefe200 mode 2
Event: 11.382 Thread 0x000001fa70794d70 Uncommon trap: trap_request=0xffffff45 fr.pc=0x000001fa6051c1f4 relative=0x0000000000000534
Event: 11.382 Thread 0x000001fa70794d70 Uncommon trap: reason=unstable_if action=reinterpret pc=0x000001fa6051c1f4 method=java.util.Properties.getProperty(Ljava/lang/String;)Ljava/lang/String; @ 36 c2
Event: 11.382 Thread 0x000001fa70794d70 DEOPT PACKING pc=0x000001fa6051c1f4 sp=0x0000005afdafe1b0
Event: 11.382 Thread 0x000001fa70794d70 DEOPT UNPACKING pc=0x000001fa5feb9ea3 sp=0x0000005afdafe168 mode 2
Event: 11.742 Thread 0x000001fa70794d70 Uncommon trap: trap_request=0xffffff45 fr.pc=0x000001fa6043f7f0 relative=0x0000000000000670
Event: 11.742 Thread 0x000001fa70794d70 Uncommon trap: reason=unstable_if action=reinterpret pc=0x000001fa6043f7f0 method=java.lang.String.replace(Ljava/lang/CharSequence;Ljava/lang/CharSequence;)Ljava/lang/String; @ 42 c2
Event: 11.742 Thread 0x000001fa70794d70 DEOPT PACKING pc=0x000001fa6043f7f0 sp=0x0000005afdafb750
Event: 11.742 Thread 0x000001fa70794d70 DEOPT UNPACKING pc=0x000001fa5feb9ea3 sp=0x0000005afdafb6d0 mode 2
Event: 12.022 Thread 0x000001fa70794d70 Uncommon trap: trap_request=0xffffff45 fr.pc=0x000001fa60527e34 relative=0x0000000000000ad4
Event: 12.022 Thread 0x000001fa70794d70 Uncommon trap: reason=unstable_if action=reinterpret pc=0x000001fa60527e34 method=jdk.internal.org.objectweb.asm.SymbolTable.put(Ljdk/internal/org/objectweb/asm/SymbolTable$Entry;)Ljdk/internal/org/objectweb/asm/SymbolTable$Entry; @ 13 c2
Event: 12.022 Thread 0x000001fa70794d70 DEOPT PACKING pc=0x000001fa60527e34 sp=0x0000005afdafba70
Event: 12.022 Thread 0x000001fa70794d70 DEOPT UNPACKING pc=0x000001fa5feb9ea3 sp=0x0000005afdafb9b8 mode 2
Event: 12.062 Thread 0x000001fa70794d70 Uncommon trap: trap_request=0xffffff45 fr.pc=0x000001fa60507bb8 relative=0x0000000000000378
Event: 12.062 Thread 0x000001fa70794d70 Uncommon trap: reason=unstable_if action=reinterpret pc=0x000001fa60507bb8 method=java.lang.Integer.parseInt(Ljava/lang/String;I)I @ 119 c2
Event: 12.062 Thread 0x000001fa70794d70 DEOPT PACKING pc=0x000001fa60507bb8 sp=0x0000005afdafc9e0
Event: 12.062 Thread 0x000001fa70794d70 DEOPT UNPACKING pc=0x000001fa5feb9ea3 sp=0x0000005afdafc948 mode 2

Classes unloaded (7 events):
Event: 10.629 Thread 0x000001fa55d48790 Unloading class 0x000000010024a400 'java/lang/invoke/LambdaForm$MH+0x000000010024a400'
Event: 10.629 Thread 0x000001fa55d48790 Unloading class 0x000000010024a000 'java/lang/invoke/LambdaForm$MH+0x000000010024a000'
Event: 10.629 Thread 0x000001fa55d48790 Unloading class 0x0000000100249c00 'java/lang/invoke/LambdaForm$MH+0x0000000100249c00'
Event: 10.629 Thread 0x000001fa55d48790 Unloading class 0x0000000100249800 'java/lang/invoke/LambdaForm$MH+0x0000000100249800'
Event: 10.629 Thread 0x000001fa55d48790 Unloading class 0x0000000100249400 'java/lang/invoke/LambdaForm$BMH+0x0000000100249400'
Event: 10.629 Thread 0x000001fa55d48790 Unloading class 0x0000000100249000 'java/lang/invoke/LambdaForm$DMH+0x0000000100249000'
Event: 10.629 Thread 0x000001fa55d48790 Unloading class 0x0000000100244400 'java/lang/invoke/LambdaForm$DMH+0x0000000100244400'

Classes redefined (0 events):
No events

Internal exceptions (20 events):
Event: 8.875 Thread 0x000001fa70794d70 Exception <a 'java/lang/NoSuchMethodError'{0x00000000ebfe5168}: 'java.lang.Object java.lang.invoke.Invokers$Holder.invoker(java.lang.Object, java.lang.Object, java.lang.Object, java.lang.Object, java.lang.Object, java.lang.Object, java.lang.Object, java.lang.Object, java.lang.Object, java.lang.Object, java.lang.Object, java.lang.Object, java.lang.Object)'> (0x00000000ebfe5168) 
thrown [s\src\hotspot\share\interpreter\linkResolver.cpp, line 759]
Event: 8.914 Thread 0x000001fa70794d70 Exception <a 'java/lang/NoSuchMethodError'{0x00000000ebfebe68}: 'java.lang.Object java.lang.invoke.DirectMethodHandle$Holder.invokeSpecial(java.lang.Object, java.lang.Object, java.lang.Object, java.lang.Object, java.lang.Object, java.lang.Object, java.lang.Object, java.lang.Object, java.lang.Object, java.lang.Object, java.lang.Object, java.lang.Object, java.lang.Object, java.lang.Object)'> (0x00000000ebfebe68) 
thrown [s\src\hotspot\share\interpreter\linkResolver.cpp, line 759]
Event: 8.956 Thread 0x000001fa70794d70 Exception <a 'java/lang/NoSuchMethodError'{0x00000000ec057bf0}: static Lorg/eclipse/m2e/core/internal/lifecyclemapping/model/PluginExecutionMetadata;.<clinit>()V> (0x00000000ec057bf0) 
thrown [s\src\hotspot\share\prims\jni.cpp, line 1112]
Event: 8.984 Thread 0x000001fa70794d70 Exception <a 'java/lang/NoSuchMethodError'{0x00000000ec0b6c18}: static Lorg/eclipse/m2e/core/internal/lifecyclemapping/model/PluginExecutionFilter;.<clinit>()V> (0x00000000ec0b6c18) 
thrown [s\src\hotspot\share\prims\jni.cpp, line 1112]
Event: 9.071 Thread 0x000001fa70794d70 Exception <a 'java/lang/NoSuchMethodError'{0x00000000ec0ed548}: static Lorg/eclipse/m2e/core/internal/project/registry/MavenProjectFacade$MavenProjectConfiguration;.<clinit>()V> (0x00000000ec0ed548) 
thrown [s\src\hotspot\share\prims\jni.cpp, line 1112]
Event: 10.033 Thread 0x000001fa70794d70 Implicit null exception at 0x000001fa605a33c8 to 0x000001fa605a34b4
Event: 10.241 Thread 0x000001fa70794d70 Exception <a 'java/lang/NoSuchMethodError'{0x00000000eb3290b8}: 'java.lang.Object java.lang.invoke.DirectMethodHandle$Holder.newInvokeSpecial(java.lang.Object, int, java.lang.Object, java.lang.Object)'> (0x00000000eb3290b8) 
thrown [s\src\hotspot\share\interpreter\linkResolver.cpp, line 759]
Event: 10.302 Thread 0x000001fa70331e60 Exception <a 'java/lang/NoSuchMethodError'{0x00000000eb5d0698}: 'java.lang.Object java.lang.invoke.DirectMethodHandle$Holder.invokeSpecialIFC(java.lang.Object, java.lang.Object, java.lang.Object, java.lang.Object)'> (0x00000000eb5d0698) 
thrown [s\src\hotspot\share\interpreter\linkResolver.cpp, line 759]
Event: 10.699 Thread 0x000001fa70794d70 Exception <a 'java/lang/ClassNotFoundException'{0x00000000eabfca20}: com/sun/org/apache/xerces/internal/impl/msg/spi/DOMMessagesProvider> (0x00000000eabfca20) 
thrown [s\src\hotspot\share\classfile\systemDictionary.cpp, line 256]
Event: 10.705 Thread 0x000001fa70794d70 Exception <a 'java/lang/ClassNotFoundException'{0x00000000eac68d30}: com/sun/org/apache/xerces/internal/impl/msg/spi/XMLSerializerMessagesProvider> (0x00000000eac68d30) 
thrown [s\src\hotspot\share\classfile\systemDictionary.cpp, line 256]
Event: 10.708 Thread 0x000001fa70794d70 Exception <a 'java/lang/ClassNotFoundException'{0x00000000eac81328}: com/sun/org/apache/xerces/internal/impl/msg/spi/XMLMessagesProvider> (0x00000000eac81328) 
thrown [s\src\hotspot\share\classfile\systemDictionary.cpp, line 256]
Event: 10.729 Thread 0x000001fa70331e60 Exception <a 'java/lang/NoSuchMethodError'{0x00000000eadd1ba8}: 'int java.lang.invoke.DirectMethodHandle$Holder.invokeSpecialIFC(java.lang.Object, java.lang.Object, java.lang.Object, java.lang.Object, java.lang.Object)'> (0x00000000eadd1ba8) 
thrown [s\src\hotspot\share\interpreter\linkResolver.cpp, line 759]
Event: 10.902 Thread 0x000001fa70794d70 Exception <a 'java/lang/NoSuchMethodError'{0x00000000eb538b20}: 'java.lang.Object java.lang.invoke.DirectMethodHandle$Holder.invokeStaticInit(java.lang.Object, int, int, int, int)'> (0x00000000eb538b20) 
thrown [s\src\hotspot\share\interpreter\linkResolver.cpp, line 759]
Event: 11.024 Thread 0x000001fa70331e60 Exception <a 'java/lang/NoClassDefFoundError'{0x00000000eb8dda00}: javax/enterprise/inject/Typed> (0x00000000eb8dda00) 
thrown [s\src\hotspot\share\classfile\systemDictionary.cpp, line 245]
Event: 11.191 Thread 0x000001fa70794d70 Exception <a 'java/lang/NoSuchMethodError'{0x00000000ebf3b270}: 'java.lang.Object java.lang.invoke.DirectMethodHandle$Holder.invokeStaticInit(java.lang.Object, java.lang.Object, int, int, int, int)'> (0x00000000ebf3b270) 
thrown [s\src\hotspot\share\interpreter\linkResolver.cpp, line 759]
Event: 11.397 Thread 0x000001fa70794d70 Exception <a 'java/lang/ClassNotFoundException'{0x00000000eb295708}: com/sun/org/apache/xml/internal/serializer/spi/XMLEntitiesProvider> (0x00000000eb295708) 
thrown [s\src\hotspot\share\classfile\systemDictionary.cpp, line 256]
Event: 11.645 Thread 0x000001fa70794d70 Exception <a 'java/io/FileNotFoundException'{0x00000000ebf1a018}> (0x00000000ebf1a018) 
thrown [s\src\hotspot\share\prims\jni.cpp, line 516]
Event: 12.040 Thread 0x000001fa70794d70 Exception <a 'java/lang/UnsatisfiedLinkError'{0x00000000eb76b9b0}: La procédure spécifiée est introuvable.
> (0x00000000eb76b9b0) 
thrown [s\src\hotspot\share\prims\jni.cpp, line 535]
Event: 12.061 Thread 0x000001fa70794d70 Exception <a 'java/io/FileNotFoundException'{0x00000000eb7f9338}> (0x00000000eb7f9338) 
thrown [s\src\hotspot\share\prims\jni.cpp, line 516]
Event: 12.108 Thread 0x000001fa70794d70 Exception <a 'java/lang/UnsatisfiedLinkError'{0x00000000eba92f20}: La procédure spécifiée est introuvable.
> (0x00000000eba92f20) 
thrown [s\src\hotspot\share\prims\jni.cpp, line 535]

VM Operations (20 events):
Event: 11.176 Executing VM operation: HandshakeAllThreads
Event: 11.176 Executing VM operation: HandshakeAllThreads done
Event: 11.215 Executing VM operation: ParallelGCFailedAllocation
Event: 11.217 Executing VM operation: ParallelGCFailedAllocation done
Event: 11.294 Executing VM operation: HandshakeAllThreads
Event: 11.294 Executing VM operation: HandshakeAllThreads done
Event: 11.395 Executing VM operation: HandshakeAllThreads
Event: 11.395 Executing VM operation: HandshakeAllThreads done
Event: 11.401 Executing VM operation: HandshakeAllThreads
Event: 11.401 Executing VM operation: HandshakeAllThreads done
Event: 11.489 Executing VM operation: HandshakeAllThreads
Event: 11.489 Executing VM operation: HandshakeAllThreads done
Event: 11.680 Executing VM operation: ParallelGCFailedAllocation
Event: 11.683 Executing VM operation: ParallelGCFailedAllocation done
Event: 11.885 Executing VM operation: HandshakeAllThreads
Event: 11.885 Executing VM operation: HandshakeAllThreads done
Event: 11.992 Executing VM operation: HandshakeAllThreads
Event: 11.992 Executing VM operation: HandshakeAllThreads done
Event: 12.109 Executing VM operation: HandshakeAllThreads
Event: 12.109 Executing VM operation: HandshakeAllThreads done

Events (20 events):
Event: 12.079 loading class java/security/spec/InvalidParameterSpecException
Event: 12.079 loading class java/security/spec/InvalidParameterSpecException done
Event: 12.080 loading class javax/crypto/spec/PBEKeySpec
Event: 12.080 loading class javax/crypto/spec/PBEKeySpec done
Event: 12.081 loading class sun/net/ProgressMonitor
Event: 12.081 loading class sun/net/ProgressMonitor done
Event: 12.081 loading class sun/net/DefaultProgressMeteringPolicy
Event: 12.081 loading class sun/net/ProgressMeteringPolicy
Event: 12.081 loading class sun/net/ProgressMeteringPolicy done
Event: 12.081 loading class sun/net/DefaultProgressMeteringPolicy done
Event: 12.095 loading class sun/reflect/generics/scope/ConstructorScope
Event: 12.095 loading class sun/reflect/generics/scope/ConstructorScope done
Event: 12.095 loading class sun/reflect/generics/repository/ConstructorRepository
Event: 12.096 loading class sun/reflect/generics/repository/ConstructorRepository done
Event: 12.096 loading class sun/reflect/generics/tree/VoidDescriptor
Event: 12.096 loading class sun/reflect/generics/tree/VoidDescriptor done
Event: 12.096 loading class sun/reflect/generics/tree/MethodTypeSignature
Event: 12.096 loading class sun/reflect/generics/tree/MethodTypeSignature done
Event: 12.106 loading class jdk/internal/reflect/UnsafeBooleanFieldAccessorImpl
Event: 12.106 loading class jdk/internal/reflect/UnsafeBooleanFieldAccessorImpl done


Dynamic libraries:
0x00007ff6b8980000 - 0x00007ff6b898e000 	c:\Users\thinkpad\.vscode\extensions\redhat.java-1.32.0-win32-x64\jre\17.0.11-win32-x86_64\bin\java.exe
0x00007ffba3630000 - 0x00007ffba3847000 	C:\WINDOWS\SYSTEM32\ntdll.dll
0x00007ffba1b20000 - 0x00007ffba1be4000 	C:\WINDOWS\System32\KERNEL32.DLL
0x00007ffba0bf0000 - 0x00007ffba0f9c000 	C:\WINDOWS\System32\KERNELBASE.dll
0x00007ffba0ad0000 - 0x00007ffba0be1000 	C:\WINDOWS\System32\ucrtbase.dll
0x00007ffb9abc0000 - 0x00007ffb9abd7000 	c:\Users\thinkpad\.vscode\extensions\redhat.java-1.32.0-win32-x64\jre\17.0.11-win32-x86_64\bin\jli.dll
0x00007ffba1790000 - 0x00007ffba193e000 	C:\WINDOWS\System32\USER32.dll
0x00007ffba10b0000 - 0x00007ffba10d6000 	C:\WINDOWS\System32\win32u.dll
0x00007ffba1370000 - 0x00007ffba1399000 	C:\WINDOWS\System32\GDI32.dll
0x00007ffba11a0000 - 0x00007ffba12b9000 	C:\WINDOWS\System32\gdi32full.dll
0x00007ffb9b440000 - 0x00007ffb9b45b000 	c:\Users\thinkpad\.vscode\extensions\redhat.java-1.32.0-win32-x64\jre\17.0.11-win32-x86_64\bin\VCRUNTIME140.dll
0x00007ffba1010000 - 0x00007ffba10aa000 	C:\WINDOWS\System32\msvcp_win.dll
0x00007ffb8a520000 - 0x00007ffb8a7b3000 	C:\WINDOWS\WinSxS\amd64_microsoft.windows.common-controls_6595b64144ccf1df_6.0.22621.3672_none_2713b9d173822955\COMCTL32.dll
0x00007ffba13b0000 - 0x00007ffba1457000 	C:\WINDOWS\System32\msvcrt.dll
0x00007ffba1750000 - 0x00007ffba1781000 	C:\WINDOWS\System32\IMM32.DLL
0x00007ffb9b530000 - 0x00007ffb9b53c000 	c:\Users\thinkpad\.vscode\extensions\redhat.java-1.32.0-win32-x64\jre\17.0.11-win32-x86_64\bin\vcruntime140_1.dll
0x00007ffb89350000 - 0x00007ffb893dd000 	c:\Users\thinkpad\.vscode\extensions\redhat.java-1.32.0-win32-x64\jre\17.0.11-win32-x86_64\bin\msvcp140.dll
0x00007ffb56f20000 - 0x00007ffb57b82000 	c:\Users\thinkpad\.vscode\extensions\redhat.java-1.32.0-win32-x64\jre\17.0.11-win32-x86_64\bin\server\jvm.dll
0x00007ffba3530000 - 0x00007ffba35e2000 	C:\WINDOWS\System32\ADVAPI32.dll
0x00007ffba30b0000 - 0x00007ffba315a000 	C:\WINDOWS\System32\sechost.dll
0x00007ffba12c0000 - 0x00007ffba12e8000 	C:\WINDOWS\System32\bcrypt.dll
0x00007ffba3410000 - 0x00007ffba3525000 	C:\WINDOWS\System32\RPCRT4.dll
0x00007ffb9f950000 - 0x00007ffb9f99d000 	C:\WINDOWS\SYSTEM32\POWRPROF.dll
0x00007ffb88fe0000 - 0x00007ffb88fe9000 	C:\WINDOWS\SYSTEM32\WSOCK32.dll
0x00007ffba1940000 - 0x00007ffba19b1000 	C:\WINDOWS\System32\WS2_32.dll
0x00007ffb9b3a0000 - 0x00007ffb9b3d4000 	C:\WINDOWS\SYSTEM32\WINMM.dll
0x00007ffb90f50000 - 0x00007ffb90f5a000 	C:\WINDOWS\SYSTEM32\VERSION.dll
0x00007ffb9f8e0000 - 0x00007ffb9f8f3000 	C:\WINDOWS\SYSTEM32\UMPDC.dll
0x00007ffb9fa40000 - 0x00007ffb9fa58000 	C:\WINDOWS\SYSTEM32\kernel.appcore.dll
0x00007ffb9a8d0000 - 0x00007ffb9a8da000 	c:\Users\thinkpad\.vscode\extensions\redhat.java-1.32.0-win32-x64\jre\17.0.11-win32-x86_64\bin\jimage.dll
0x00007ffb9e1b0000 - 0x00007ffb9e3e2000 	C:\WINDOWS\SYSTEM32\DBGHELP.DLL
0x00007ffba2c90000 - 0x00007ffba3018000 	C:\WINDOWS\System32\combase.dll
0x00007ffba3330000 - 0x00007ffba3407000 	C:\WINDOWS\System32\OLEAUT32.dll
0x00007ffb82770000 - 0x00007ffb827a2000 	C:\WINDOWS\SYSTEM32\dbgcore.DLL
0x00007ffba12f0000 - 0x00007ffba136b000 	C:\WINDOWS\System32\bcryptPrimitives.dll
0x00007ffb9a4b0000 - 0x00007ffb9a4be000 	c:\Users\thinkpad\.vscode\extensions\redhat.java-1.32.0-win32-x64\jre\17.0.11-win32-x86_64\bin\instrument.dll
0x00007ffb89320000 - 0x00007ffb89345000 	c:\Users\thinkpad\.vscode\extensions\redhat.java-1.32.0-win32-x64\jre\17.0.11-win32-x86_64\bin\java.dll
0x00007ffb8b030000 - 0x00007ffb8b048000 	c:\Users\thinkpad\.vscode\extensions\redhat.java-1.32.0-win32-x64\jre\17.0.11-win32-x86_64\bin\zip.dll
0x00007ffba1c10000 - 0x00007ffba246c000 	C:\WINDOWS\System32\SHELL32.dll
0x00007ffb9e860000 - 0x00007ffb9f157000 	C:\WINDOWS\SYSTEM32\windows.storage.dll
0x00007ffb9e720000 - 0x00007ffb9e85f000 	C:\WINDOWS\SYSTEM32\wintypes.dll
0x00007ffba2470000 - 0x00007ffba2564000 	C:\WINDOWS\System32\SHCORE.dll
0x00007ffba14e0000 - 0x00007ffba153e000 	C:\WINDOWS\System32\shlwapi.dll
0x00007ffba0890000 - 0x00007ffba08b1000 	C:\WINDOWS\SYSTEM32\profapi.dll
0x00007ffb89850000 - 0x00007ffb89869000 	C:\Users\thinkpad\.vscode\extensions\redhat.java-1.32.0-win32-x64\jre\17.0.11-win32-x86_64\bin\net.dll
0x00007ffb9b610000 - 0x00007ffb9b746000 	C:\WINDOWS\SYSTEM32\WINHTTP.dll
0x00007ffb9fea0000 - 0x00007ffb9ff09000 	C:\WINDOWS\system32\mswsock.dll
0x00007ffb88fc0000 - 0x00007ffb88fd6000 	C:\Users\thinkpad\.vscode\extensions\redhat.java-1.32.0-win32-x64\jre\17.0.11-win32-x86_64\bin\nio.dll
0x00007ffb98b80000 - 0x00007ffb98b90000 	c:\Users\thinkpad\.vscode\extensions\redhat.java-1.32.0-win32-x64\jre\17.0.11-win32-x86_64\bin\verify.dll
0x00007ffb888f0000 - 0x00007ffb88934000 	C:\Users\thinkpad\AppData\Roaming\Code\User\globalStorage\redhat.java\1.32.0\config_win\org.eclipse.equinox.launcher\org.eclipse.equinox.launcher.win32.win32.x86_64_1.2.1100.v20240613-2013\eclipse_11903.dll
0x00007ffba3180000 - 0x00007ffba3325000 	C:\WINDOWS\System32\ole32.dll
0x00007ffba01f0000 - 0x00007ffba020b000 	C:\WINDOWS\SYSTEM32\CRYPTSP.dll
0x00007ffb9f9a0000 - 0x00007ffb9f9d5000 	C:\WINDOWS\system32\rsaenh.dll
0x00007ffb9ff40000 - 0x00007ffb9ff68000 	C:\WINDOWS\SYSTEM32\USERENV.dll
0x00007ffba01d0000 - 0x00007ffba01dc000 	C:\WINDOWS\SYSTEM32\CRYPTBASE.dll
0x00007ffb9f3c0000 - 0x00007ffb9f3ed000 	C:\WINDOWS\SYSTEM32\IPHLPAPI.DLL
0x00007ffba13a0000 - 0x00007ffba13a9000 	C:\WINDOWS\System32\NSI.dll
0x00007ffb9b790000 - 0x00007ffb9b7a9000 	C:\WINDOWS\SYSTEM32\dhcpcsvc6.DLL
0x00007ffb9b240000 - 0x00007ffb9b25f000 	C:\WINDOWS\SYSTEM32\dhcpcsvc.DLL
0x00007ffb9f430000 - 0x00007ffb9f528000 	C:\WINDOWS\SYSTEM32\DNSAPI.dll
0x00007ffb7ae60000 - 0x00007ffb7aea5000 	C:\Users\thinkpad\AppData\Local\Temp\jna-1224584801\jna586252842374939174.dll
0x00007ffba2c80000 - 0x00007ffba2c88000 	C:\WINDOWS\System32\PSAPI.DLL

dbghelp: loaded successfully - version: 4.0.5 - missing functions: none
symbol engine: initialized successfully - sym options: 0x614 - pdb path: .;c:\Users\thinkpad\.vscode\extensions\redhat.java-1.32.0-win32-x64\jre\17.0.11-win32-x86_64\bin;C:\WINDOWS\SYSTEM32;C:\WINDOWS\WinSxS\amd64_microsoft.windows.common-controls_6595b64144ccf1df_6.0.22621.3672_none_2713b9d173822955;c:\Users\thinkpad\.vscode\extensions\redhat.java-1.32.0-win32-x64\jre\17.0.11-win32-x86_64\bin\server;C:\Users\thinkpad\AppData\Roaming\Code\User\globalStorage\redhat.java\1.32.0\config_win\org.eclipse.equinox.launcher\org.eclipse.equinox.launcher.win32.win32.x86_64_1.2.1100.v20240613-2013;C:\Users\thinkpad\AppData\Local\Temp\jna-1224584801

VM Arguments:
jvm_args: --add-modules=ALL-SYSTEM --add-opens=java.base/java.util=ALL-UNNAMED --add-opens=java.base/java.lang=ALL-UNNAMED --add-opens=java.base/sun.nio.fs=ALL-UNNAMED -Declipse.application=org.eclipse.jdt.ls.core.id1 -Dosgi.bundles.defaultStartLevel=4 -Declipse.product=org.eclipse.jdt.ls.core.product -Djava.import.generatesMetadataFilesAtProjectRoot=false -DDetectVMInstallationsJob.disabled=true -Dfile.encoding=utf8 -XX:+UseParallelGC -XX:GCTimeRatio=4 -XX:AdaptiveSizePolicyWeight=90 -Dsun.zip.disableMemoryMapping=true -Xmx1G -Xms100m -Xlog:disable -javaagent:c:\Users\thinkpad\.vscode\extensions\redhat.java-1.32.0-win32-x64\lombok\lombok-1.18.33.jar -XX:+HeapDumpOnOutOfMemoryError -XX:HeapDumpPath=c:\Users\thinkpad\AppData\Roaming\Code\User\workspaceStorage\51565181f65691b3f7f12234beb67880\redhat.java -Daether.dependencyCollector.impl=bf 
java_command: c:\Users\thinkpad\.vscode\extensions\redhat.java-1.32.0-win32-x64\server\plugins\org.eclipse.equinox.launcher_1.6.900.v20240613-2009.jar -configuration c:\Users\thinkpad\AppData\Roaming\Code\User\globalStorage\redhat.java\1.32.0\config_win -data c:\Users\thinkpad\AppData\Roaming\Code\User\workspaceStorage\51565181f65691b3f7f12234beb67880\redhat.java\jdt_ws --pipe=\\.\pipe\lsp-3ec41213c07ecd17af9c6e0a8c13efda-sock
java_class_path (initial): c:\Users\thinkpad\.vscode\extensions\redhat.java-1.32.0-win32-x64\server\plugins\org.eclipse.equinox.launcher_1.6.900.v20240613-2009.jar
Launcher Type: SUN_STANDARD

[Global flags]
    uintx AdaptiveSizePolicyWeight                 = 90                                        {product} {command line}
     intx CICompilerCount                          = 4                                         {product} {ergonomic}
    uintx GCTimeRatio                              = 4                                         {product} {command line}
     bool HeapDumpOnOutOfMemoryError               = true                                   {manageable} {command line}
    ccstr HeapDumpPath                             = c:\Users\thinkpad\AppData\Roaming\Code\User\workspaceStorage\51565181f65691b3f7f12234beb67880\redhat.java         {manageable} {command line}
   size_t InitialHeapSize                          = 104857600                                 {product} {command line}
   size_t MaxHeapSize                              = 1073741824                                {product} {command line}
   size_t MaxNewSize                               = 357564416                                 {product} {ergonomic}
   size_t MinHeapDeltaBytes                        = 524288                                    {product} {ergonomic}
   size_t MinHeapSize                              = 104857600                                 {product} {command line}
   size_t NewSize                                  = 34603008                                  {product} {ergonomic}
    uintx NonNMethodCodeHeapSize                   = 5839372                                {pd product} {ergonomic}
    uintx NonProfiledCodeHeapSize                  = 122909434                              {pd product} {ergonomic}
   size_t OldSize                                  = 70254592                                  {product} {ergonomic}
    uintx ProfiledCodeHeapSize                     = 122909434                              {pd product} {ergonomic}
    uintx ReservedCodeCacheSize                    = 251658240                              {pd product} {ergonomic}
     bool SegmentedCodeCache                       = true                                      {product} {ergonomic}
   size_t SoftMaxHeapSize                          = 1073741824                             {manageable} {ergonomic}
     bool UseCompressedClassPointers               = true                           {product lp64_product} {ergonomic}
     bool UseCompressedOops                        = true                           {product lp64_product} {ergonomic}
     bool UseLargePagesIndividualAllocation        = false                                  {pd product} {ergonomic}
     bool UseParallelGC                            = true                                      {product} {command line}

Logging:
Log output configuration:
 #0: stdout all=off uptime,level,tags
 #1: stderr all=off uptime,level,tags

Environment Variables:
JAVA_HOME=C:\Program Files\Java\jdk-11
PATH=C:\Program Files\Common Files\Oracle\Java\javapath;C:\WINDOWS\system32;C:\WINDOWS;C:\WINDOWS\System32\Wbem;C:\WINDOWS\System32\WindowsPowerShell\v1.0\;C:\WINDOWS\System32\OpenSSH\;C:\xampp\php;C:\Program Files\Java\jdk-11\bin;C:\ProgramData\ComposerSetup\bin;C:\xampp\php;C:\Program Files\Docker\Docker\resources\bin;C:\Program Files\nodejs\;C:\Program Files\Java\jdk-21\bin;C:\Program Files\Java\jdk-11\bin;C:\Program Files\Git\cmd;C:\Users\thinkpad\scoop\shims;C:\Program Files\Elixir\bin;C:\Program Files\Erlang OTP\bin;C:\Users\thinkpad\AppData\Local\Programs\Python\Python310\Scripts\;C:\Users\thinkpad\AppData\Local\Programs\Python\Python310\;C:\Users\thinkpad\AppData\Local\Microsoft\WindowsApps;C:\Users\thinkpad\AppData\Local\Programs\Microsoft VS Code\bin;C:\xampp\htdocs\server\php;C:\Users\thinkpad\AppData\Local\Programs\mongosh\;C:\Users\thinkpad\AppData\Roaming\Composer\vendor\bin;C:\Users\thinkpad\AppData\Roaming\npm
USERNAME=thinkpad
OS=Windows_NT
PROCESSOR_IDENTIFIER=Intel64 Family 6 Model 126 Stepping 5, GenuineIntel
TMP=C:\Users\thinkpad\AppData\Local\Temp
TEMP=C:\Users\thinkpad\AppData\Local\Temp



Periodic native trim disabled


---------------  S Y S T E M  ---------------

OS:
 Windows 11 , 64 bit Build 22621 (10.0.22621.3672)
OS uptime: 0 days 0:52 hours
Hyper-V role detected

CPU: total 8 (initial active 8) (4 cores per cpu, 2 threads per core) family 6 model 126 stepping 5 microcode 0xa6, cx8, cmov, fxsr, ht, mmx, 3dnowpref, sse, sse2, sse3, ssse3, sse4.1, sse4.2, popcnt, lzcnt, tsc, tscinvbit, avx, avx2, aes, erms, clmul, bmi1, bmi2, adx, avx512f, avx512dq, avx512cd, avx512bw, avx512vl, sha, fma, vzeroupper, avx512_vpopcntdq, avx512_vpclmulqdq, avx512_vaes, avx512_vnni, clflush, clflushopt, avx512_vbmi2, avx512_vbmi, hv
Processor Information for all 8 processors :
  Max Mhz: 1190, Current Mhz: 991, Mhz Limit: 987

Memory: 4k page, system-wide physical 7997M (383M free)
TotalPageFile size 10045M (AvailPageFile size 0M)
current process WorkingSet (physical memory assigned to process): 187M, peak: 190M
current process commit charge ("private bytes"): 284M, peak: 286M

vm_info: OpenJDK 64-Bit Server VM (17.0.11+9) for windows-amd64 JRE (17.0.11+9), built on Apr 17 2024 06:07:48 by "admin" with MS VC++ 16.10 / 16.11 (VS2019)

END.
