#
# There is insufficient memory for the Java Runtime Environment to continue.
# Native memory allocation (malloc) failed to allocate 619936 bytes. Error detail: Chunk::new
# Possible reasons:
#   The system is out of physical RAM or swap space
#   This process is running with CompressedOops enabled, and the Java Heap may be blocking the growth of the native heap
# Possible solutions:
#   Reduce memory load on the system
#   Increase physical memory or swap space
#   Check if swap backing store is full
#   Decrease Java heap size (-Xmx/-Xms)
#   Decrease number of Java threads
#   Decrease Java thread stack sizes (-Xss)
#   Set larger code cache with -XX:ReservedCodeCacheSize=
#   JVM is running with Unscaled Compressed Oops mode in which the Java heap is
#     placed in the first 4GB address space. The Java Heap base address is the
#     maximum limit for the native heap growth. Please use -XX:HeapBaseMinAddress
#     to set the Java Heap base and to place the Java Heap above 4GB virtual address.
# This output file may be truncated or incomplete.
#
#  Out of Memory Error (arena.cpp:191), pid=8432, tid=15864
#
# JRE version: OpenJDK Runtime Environment Temurin-17.0.11+9 (17.0.11+9) (build 17.0.11+9)
# Java VM: OpenJDK 64-Bit Server VM Temurin-17.0.11+9 (17.0.11+9, mixed mode, tiered, compressed oops, compressed class ptrs, parallel gc, windows-amd64)
# No core dump will be written. Minidumps are not enabled by default on client versions of Windows
#

---------------  S U M M A R Y ------------

Command Line: --add-modules=ALL-SYSTEM --add-opens=java.base/java.util=ALL-UNNAMED --add-opens=java.base/java.lang=ALL-UNNAMED --add-opens=java.base/sun.nio.fs=ALL-UNNAMED -Declipse.application=org.eclipse.jdt.ls.core.id1 -Dosgi.bundles.defaultStartLevel=4 -Declipse.product=org.eclipse.jdt.ls.core.product -Djava.import.generatesMetadataFilesAtProjectRoot=false -DDetectVMInstallationsJob.disabled=true -Dfile.encoding=utf8 -XX:+UseParallelGC -XX:GCTimeRatio=4 -XX:AdaptiveSizePolicyWeight=90 -Dsun.zip.disableMemoryMapping=true -Xmx1G -Xms100m -Xlog:disable -javaagent:c:\Users\thinkpad\.vscode\extensions\redhat.java-1.32.0-win32-x64\lombok\lombok-1.18.33.jar c:\Users\thinkpad\.vscode\extensions\redhat.java-1.32.0-win32-x64\server\plugins\org.eclipse.equinox.launcher_1.6.900.v20240613-2009.jar -configuration c:\Users\thinkpad\AppData\Roaming\Code\User\globalStorage\redhat.java\1.32.0\config_ss_win -data c:\Users\thinkpad\AppData\Roaming\Code\User\workspaceStorage\51565181f65691b3f7f12234beb67880\redhat.java\ss_ws --pipe=\\.\pipe\lsp-7a62e73e048613745c790ee1a51fc1b1-sock

Host: Intel(R) Core(TM) i5-1035G1 CPU @ 1.00GHz, 8 cores, 7G,  Windows 11 , 64 bit Build 22621 (10.0.22621.3672)
Time: Mon Jul  8 00:49:53 2024 Maroc (heure d64 bit Build 22621 (10.0.22621.3672) elapsed time: 5.447012 seconds (0d 0h 0m 5s)

---------------  T H R E A D  ---------------

Current thread (0x0000024247c1b260):  JavaThread "C2 CompilerThread0" daemon [_thread_in_native, id=15864, stack(0x000000da34f00000,0x000000da35000000)]


Current CompileTask:
C2:   5447 2463       4       org.lombokweb.asm.ClassReader::readMethod (1066 bytes)

Stack: [0x000000da34f00000,0x000000da35000000]
Native frames: (J=compiled Java code, j=interpreted, Vv=VM code, C=native code)
V  [jvm.dll+0x67d429]
V  [jvm.dll+0x834b7a]
V  [jvm.dll+0x83663e]
V  [jvm.dll+0x836ca3]
V  [jvm.dll+0x247dbf]
V  [jvm.dll+0xac534]
V  [jvm.dll+0xacb7c]
V  [jvm.dll+0x2af2cf]
V  [jvm.dll+0x5848b7]
V  [jvm.dll+0x222d82]
V  [jvm.dll+0x22317f]
V  [jvm.dll+0x21c2a0]
V  [jvm.dll+0x2197a1]
V  [jvm.dll+0x1a534d]
V  [jvm.dll+0x2295cd]
V  [jvm.dll+0x22779c]
V  [jvm.dll+0x7e9d07]
V  [jvm.dll+0x7e410a]
V  [jvm.dll+0x67c315]
C  [ucrtbase.dll+0x29333]
C  [KERNEL32.DLL+0x1257d]
C  [ntdll.dll+0x5af28]


---------------  P R O C E S S  ---------------

Threads class SMR info:
_java_thread_list=0x0000024249a3b3a0, length=20, elements={
0x000002422ecf1fe0, 0x000002422ed9bfe0, 0x000002422ed9d250, 0x0000024247c14a20,
0x0000024247c152f0, 0x0000024247c15bc0, 0x0000024247c16590, 0x0000024247c1b260,
0x0000024247c60e20, 0x0000024247c902a0, 0x0000024247d8b000, 0x0000024247f5ef60,
0x00000242493efaf0, 0x0000024249af9440, 0x000002424944fa20, 0x000002424943be80,
0x0000024247db36b0, 0x00000242499c8350, 0x00000242499c6a00, 0x00000242499c7420
}

Java Threads: ( => current thread )
  0x000002422ecf1fe0 JavaThread "main" [_thread_blocked, id=14216, stack(0x000000da34600000,0x000000da34700000)]
  0x000002422ed9bfe0 JavaThread "Reference Handler" daemon [_thread_blocked, id=17336, stack(0x000000da34900000,0x000000da34a00000)]
  0x000002422ed9d250 JavaThread "Finalizer" daemon [_thread_blocked, id=14380, stack(0x000000da34a00000,0x000000da34b00000)]
  0x0000024247c14a20 JavaThread "Signal Dispatcher" daemon [_thread_blocked, id=9480, stack(0x000000da34b00000,0x000000da34c00000)]
  0x0000024247c152f0 JavaThread "Attach Listener" daemon [_thread_blocked, id=17260, stack(0x000000da34c00000,0x000000da34d00000)]
  0x0000024247c15bc0 JavaThread "Service Thread" daemon [_thread_blocked, id=10012, stack(0x000000da34d00000,0x000000da34e00000)]
  0x0000024247c16590 JavaThread "Monitor Deflation Thread" daemon [_thread_blocked, id=7216, stack(0x000000da34e00000,0x000000da34f00000)]
=>0x0000024247c1b260 JavaThread "C2 CompilerThread0" daemon [_thread_in_native, id=15864, stack(0x000000da34f00000,0x000000da35000000)]
  0x0000024247c60e20 JavaThread "C1 CompilerThread0" daemon [_thread_blocked, id=16840, stack(0x000000da35000000,0x000000da35100000)]
  0x0000024247c902a0 JavaThread "Sweeper thread" daemon [_thread_blocked, id=112, stack(0x000000da35100000,0x000000da35200000)]
  0x0000024247d8b000 JavaThread "Common-Cleaner" daemon [_thread_blocked, id=5032, stack(0x000000da35200000,0x000000da35300000)]
  0x0000024247f5ef60 JavaThread "Notification Thread" daemon [_thread_blocked, id=15124, stack(0x000000da35400000,0x000000da35500000)]
  0x00000242493efaf0 JavaThread "Active Thread: Equinox Container: 020b2baa-b5e7-465f-bd17-3975c0862d4d" [_thread_blocked, id=16096, stack(0x000000da35600000,0x000000da35700000)]
  0x0000024249af9440 JavaThread "Framework Event Dispatcher: Equinox Container: 020b2baa-b5e7-465f-bd17-3975c0862d4d" daemon [_thread_blocked, id=15028, stack(0x000000da35d00000,0x000000da35e00000)]
  0x000002424944fa20 JavaThread "Start Level: Equinox Container: 020b2baa-b5e7-465f-bd17-3975c0862d4d" daemon [_thread_in_native, id=16292, stack(0x000000da35e00000,0x000000da35f00000)]
  0x000002424943be80 JavaThread "SCR Component Actor" daemon [_thread_blocked, id=16364, stack(0x000000da35f00000,0x000000da36000000)]
  0x0000024247db36b0 JavaThread "SCR Component Registry" daemon [_thread_blocked, id=2888, stack(0x000000da35300000,0x000000da35400000)]
  0x00000242499c8350 JavaThread "Worker-JM" [_thread_blocked, id=10760, stack(0x000000da36100000,0x000000da36200000)]
  0x00000242499c6a00 JavaThread "Worker-0" [_thread_blocked, id=1200, stack(0x000000da36300000,0x000000da36400000)]
  0x00000242499c7420 JavaThread "Worker-1" [_thread_blocked, id=8016, stack(0x000000da36400000,0x000000da36500000)]

Other Threads:
  0x0000024247bf2930 VMThread "VM Thread" [stack: 0x000000da34800000,0x000000da34900000] [id=16932]
  0x0000024247f5fd40 WatcherThread [stack: 0x000000da35500000,0x000000da35600000] [id=4708]
  0x000002422ed05450 GCTaskThread "GC Thread#0" [stack: 0x000000da34700000,0x000000da34800000] [id=15980]
  0x000002424950e1a0 GCTaskThread "GC Thread#1" [stack: 0x000000da35700000,0x000000da35800000] [id=120]
  0x000002424950d960 GCTaskThread "GC Thread#2" [stack: 0x000000da35800000,0x000000da35900000] [id=6500]
  0x00000242491cc040 GCTaskThread "GC Thread#3" [stack: 0x000000da35900000,0x000000da35a00000] [id=4808]
  0x00000242491cc300 GCTaskThread "GC Thread#4" [stack: 0x000000da35a00000,0x000000da35b00000] [id=3824]
  0x00000242491cc5c0 GCTaskThread "GC Thread#5" [stack: 0x000000da35b00000,0x000000da35c00000] [id=15876]
  0x00000242491cc880 GCTaskThread "GC Thread#6" [stack: 0x000000da35c00000,0x000000da35d00000] [id=4604]
  0x0000024249254c00 GCTaskThread "GC Thread#7" [stack: 0x000000da36000000,0x000000da36100000] [id=2628]

Threads with active compile tasks:
C2 CompilerThread0     5486 2463       4       org.lombokweb.asm.ClassReader::readMethod (1066 bytes)

VM state: not at safepoint (normal execution)

VM Mutex/Monitor currently owned by a thread: None

Heap address: 0x00000000c0000000, size: 1024 MB, Compressed Oops mode: 32-bit

CDS archive(s) not mapped
Compressed class space mapped at: 0x0000000100000000-0x0000000140000000, reserved size: 1073741824
Narrow klass base: 0x0000000000000000, Narrow klass shift: 3, Narrow klass range: 0x140000000

GC Precious Log:
 CPUs: 8 total, 8 available
 Memory: 7997M
 Large Page Support: Disabled
 NUMA Support: Disabled
 Compressed Oops: Enabled (32-bit)
 Alignments: Space 512K, Generation 512K, Heap 2M
 Heap Min Capacity: 100M
 Heap Initial Capacity: 100M
 Heap Max Capacity: 1G
 Pre-touch: Disabled
 Parallel Workers: 8

Heap:
 PSYoungGen      total 26112K, used 13067K [0x00000000eab00000, 0x00000000ec980000, 0x0000000100000000)
  eden space 25088K, 48% used [0x00000000eab00000,0x00000000eb6eb8b8,0x00000000ec380000)
  from space 1024K, 84% used [0x00000000ec400000,0x00000000ec4d7688,0x00000000ec500000)
  to   space 3072K, 0% used [0x00000000ec680000,0x00000000ec680000,0x00000000ec980000)
 ParOldGen       total 68608K, used 8873K [0x00000000c0000000, 0x00000000c4300000, 0x00000000eab00000)
  object space 68608K, 12% used [0x00000000c0000000,0x00000000c08aa600,0x00000000c4300000)
 Metaspace       used 26158K, committed 26688K, reserved 1114112K
  class space    used 2566K, committed 2816K, reserved 1048576K

Card table byte_map: [0x000002422e680000,0x000002422e890000] _byte_map_base: 0x000002422e080000

Marking Bits: (ParMarkBitMap*) 0x00007ffb57abd820
 Begin Bits: [0x0000024240980000, 0x0000024241980000)
 End Bits:   [0x0000024241980000, 0x0000024242980000)

Polling page: 0x000002422cc80000

Metaspace:

Usage:
  Non-class:     23.04 MB used.
      Class:      2.51 MB used.
       Both:     25.55 MB used.

Virtual space:
  Non-class space:       64.00 MB reserved,      23.31 MB ( 36%) committed,  1 nodes.
      Class space:        1.00 GB reserved,       2.75 MB ( <1%) committed,  1 nodes.
             Both:        1.06 GB reserved,      26.06 MB (  2%) committed. 

Chunk freelists:
   Non-Class:  8.55 MB
       Class:  13.23 MB
        Both:  21.78 MB

MaxMetaspaceSize: unlimited
CompressedClassSpaceSize: 1.00 GB
Initial GC threshold: 21.00 MB
Current GC threshold: 35.00 MB
CDS: off
MetaspaceReclaimPolicy: balanced
 - commit_granule_bytes: 65536.
 - commit_granule_words: 8192.
 - virtual_space_node_default_size: 8388608.
 - enlarge_chunks_in_place: 1.
 - new_chunks_are_fully_committed: 0.
 - uncommit_free_chunks: 1.
 - use_allocation_guard: 0.
 - handle_deallocations: 1.


Internal statistics:

num_allocs_failed_limit: 3.
num_arena_births: 280.
num_arena_deaths: 14.
num_vsnodes_births: 2.
num_vsnodes_deaths: 0.
num_space_committed: 417.
num_space_uncommitted: 0.
num_chunks_returned_to_freelist: 17.
num_chunks_taken_from_freelist: 972.
num_chunk_merges: 4.
num_chunk_splits: 634.
num_chunks_enlarged: 441.
num_inconsistent_stats: 0.

CodeHeap 'non-profiled nmethods': size=120000Kb used=1080Kb max_used=1080Kb free=118919Kb
 bounds [0x0000024239450000, 0x00000242396c0000, 0x0000024240980000]
CodeHeap 'profiled nmethods': size=120000Kb used=4803Kb max_used=4803Kb free=115196Kb
 bounds [0x0000024231980000, 0x0000024231e40000, 0x0000024238eb0000]
CodeHeap 'non-nmethods': size=5760Kb used=1234Kb max_used=1237Kb free=4525Kb
 bounds [0x0000024238eb0000, 0x0000024239120000, 0x0000024239450000]
 total_blobs=3006 nmethods=2470 adapters=450
 compilation: enabled
              stopped_count=0, restarted_count=0
 full_count=0

Compilation events (20 events):
Event: 5.265 Thread 0x0000024247c60e20 nmethod 2458 0x0000024231e23490 code [0x0000024231e23660, 0x0000024231e23ae8]
Event: 5.265 Thread 0x0000024247c60e20 2461       3       org.lombokweb.asm.MethodVisitor::visitFieldInsn (20 bytes)
Event: 5.265 Thread 0x0000024247c60e20 nmethod 2461 0x0000024231e23c90 code [0x0000024231e23e40, 0x0000024231e24048]
Event: 5.265 Thread 0x0000024247c60e20 2462       3       org.lombokweb.asm.MethodWriter::putFrameType (84 bytes)
Event: 5.266 Thread 0x0000024247c60e20 nmethod 2462 0x0000024231e24110 code [0x0000024231e24380, 0x0000024231e24d68]
Event: 5.266 Thread 0x0000024247c60e20 2460       3       org.lombokweb.asm.ClassReader::readVerificationTypeInfo (184 bytes)
Event: 5.268 Thread 0x0000024247c60e20 nmethod 2460 0x0000024231e25090 code [0x0000024231e253e0, 0x0000024231e26c88]
Event: 5.283 Thread 0x0000024247c60e20 2465       3       org.lombokweb.asm.ClassReader::readLong (29 bytes)
Event: 5.283 Thread 0x0000024247c60e20 nmethod 2465 0x0000024231e27510 code [0x0000024231e276c0, 0x0000024231e27878]
Event: 5.380 Thread 0x0000024247c60e20 2468       3       lombok.patcher.scripts.AddFieldScript$1::visitField (35 bytes)
Event: 5.380 Thread 0x0000024247c60e20 nmethod 2468 0x0000024231e27990 code [0x0000024231e27b40, 0x0000024231e27db8]
Event: 5.381 Thread 0x0000024247c60e20 2469 %     3       org.lombokweb.asm.ClassReader::<init> @ 110 (371 bytes)
Event: 5.383 Thread 0x0000024247c60e20 nmethod 2469% 0x0000024231e27f10 code [0x0000024231e28200, 0x0000024231e29558]
Event: 5.383 Thread 0x0000024247c60e20 2470       3       java.util.regex.Pattern$GroupTail::match (111 bytes)
Event: 5.384 Thread 0x0000024247c60e20 nmethod 2470 0x0000024231e29b10 code [0x0000024231e29ce0, 0x0000024231e2a088]
Event: 5.384 Thread 0x0000024247c60e20 2471       3       java.util.regex.Pattern$BmpCharPropertyGreedy::match (89 bytes)
Event: 5.384 Thread 0x0000024247c60e20 nmethod 2471 0x0000024231e2a290 code [0x0000024231e2a480, 0x0000024231e2aac8]
Event: 5.384 Thread 0x0000024247c60e20 2472   !   3       java.util.regex.Pattern::matcher (44 bytes)
Event: 5.385 Thread 0x0000024247c60e20 nmethod 2472 0x0000024231e2ad10 code [0x0000024231e2aec0, 0x0000024231e2b218]
Event: 5.440 Thread 0x0000024247c60e20 2473 %     3       org.lombokweb.asm.SymbolTable::<init> @ 98 (536 bytes)

GC Heap History (12 events):
Event: 1.827 GC heap before
{Heap before GC invocations=1 (full 0):
 PSYoungGen      total 29696K, used 25600K [0x00000000eab00000, 0x00000000ecc00000, 0x0000000100000000)
  eden space 25600K, 100% used [0x00000000eab00000,0x00000000ec400000,0x00000000ec400000)
  from space 4096K, 0% used [0x00000000ec800000,0x00000000ec800000,0x00000000ecc00000)
  to   space 4096K, 0% used [0x00000000ec400000,0x00000000ec400000,0x00000000ec800000)
 ParOldGen       total 68608K, used 0K [0x00000000c0000000, 0x00000000c4300000, 0x00000000eab00000)
  object space 68608K, 0% used [0x00000000c0000000,0x00000000c0000000,0x00000000c4300000)
 Metaspace       used 10944K, committed 11136K, reserved 1114112K
  class space    used 1089K, committed 1216K, reserved 1048576K
}
Event: 1.842 GC heap after
{Heap after GC invocations=1 (full 0):
 PSYoungGen      total 29696K, used 3140K [0x00000000eab00000, 0x00000000ecc00000, 0x0000000100000000)
  eden space 25600K, 0% used [0x00000000eab00000,0x00000000eab00000,0x00000000ec400000)
  from space 4096K, 76% used [0x00000000ec400000,0x00000000ec711278,0x00000000ec800000)
  to   space 4096K, 0% used [0x00000000ec800000,0x00000000ec800000,0x00000000ecc00000)
 ParOldGen       total 68608K, used 8K [0x00000000c0000000, 0x00000000c4300000, 0x00000000eab00000)
  object space 68608K, 0% used [0x00000000c0000000,0x00000000c0002000,0x00000000c4300000)
 Metaspace       used 10944K, committed 11136K, reserved 1114112K
  class space    used 1089K, committed 1216K, reserved 1048576K
}
Event: 3.085 GC heap before
{Heap before GC invocations=2 (full 0):
 PSYoungGen      total 29696K, used 28740K [0x00000000eab00000, 0x00000000ecc00000, 0x0000000100000000)
  eden space 25600K, 100% used [0x00000000eab00000,0x00000000ec400000,0x00000000ec400000)
  from space 4096K, 76% used [0x00000000ec400000,0x00000000ec711278,0x00000000ec800000)
  to   space 4096K, 0% used [0x00000000ec800000,0x00000000ec800000,0x00000000ecc00000)
 ParOldGen       total 68608K, used 8K [0x00000000c0000000, 0x00000000c4300000, 0x00000000eab00000)
  object space 68608K, 0% used [0x00000000c0000000,0x00000000c0002000,0x00000000c4300000)
 Metaspace       used 14757K, committed 14976K, reserved 1114112K
  class space    used 1493K, committed 1600K, reserved 1048576K
}
Event: 3.093 GC heap after
{Heap after GC invocations=2 (full 0):
 PSYoungGen      total 29696K, used 4067K [0x00000000eab00000, 0x00000000ecc00000, 0x0000000100000000)
  eden space 25600K, 0% used [0x00000000eab00000,0x00000000eab00000,0x00000000ec400000)
  from space 4096K, 99% used [0x00000000ec800000,0x00000000ecbf8f28,0x00000000ecc00000)
  to   space 4096K, 0% used [0x00000000ec400000,0x00000000ec400000,0x00000000ec800000)
 ParOldGen       total 68608K, used 811K [0x00000000c0000000, 0x00000000c4300000, 0x00000000eab00000)
  object space 68608K, 1% used [0x00000000c0000000,0x00000000c00caee8,0x00000000c4300000)
 Metaspace       used 14757K, committed 14976K, reserved 1114112K
  class space    used 1493K, committed 1600K, reserved 1048576K
}
Event: 4.276 GC heap before
{Heap before GC invocations=3 (full 0):
 PSYoungGen      total 29696K, used 29667K [0x00000000eab00000, 0x00000000ecc00000, 0x0000000100000000)
  eden space 25600K, 100% used [0x00000000eab00000,0x00000000ec400000,0x00000000ec400000)
  from space 4096K, 99% used [0x00000000ec800000,0x00000000ecbf8f28,0x00000000ecc00000)
  to   space 4096K, 0% used [0x00000000ec400000,0x00000000ec400000,0x00000000ec800000)
 ParOldGen       total 68608K, used 811K [0x00000000c0000000, 0x00000000c4300000, 0x00000000eab00000)
  object space 68608K, 1% used [0x00000000c0000000,0x00000000c00caee8,0x00000000c4300000)
 Metaspace       used 19799K, committed 20224K, reserved 1114112K
  class space    used 2018K, committed 2176K, reserved 1048576K
}
Event: 4.283 GC heap after
{Heap after GC invocations=3 (full 0):
 PSYoungGen      total 29696K, used 4083K [0x00000000eab00000, 0x00000000ecc00000, 0x0000000100000000)
  eden space 25600K, 0% used [0x00000000eab00000,0x00000000eab00000,0x00000000ec400000)
  from space 4096K, 99% used [0x00000000ec400000,0x00000000ec7fcf38,0x00000000ec800000)
  to   space 4096K, 0% used [0x00000000ec800000,0x00000000ec800000,0x00000000ecc00000)
 ParOldGen       total 68608K, used 2489K [0x00000000c0000000, 0x00000000c4300000, 0x00000000eab00000)
  object space 68608K, 3% used [0x00000000c0000000,0x00000000c026e768,0x00000000c4300000)
 Metaspace       used 19799K, committed 20224K, reserved 1114112K
  class space    used 2018K, committed 2176K, reserved 1048576K
}
Event: 4.642 GC heap before
{Heap before GC invocations=4 (full 0):
 PSYoungGen      total 29696K, used 14833K [0x00000000eab00000, 0x00000000ecc00000, 0x0000000100000000)
  eden space 25600K, 41% used [0x00000000eab00000,0x00000000eb57f578,0x00000000ec400000)
  from space 4096K, 99% used [0x00000000ec400000,0x00000000ec7fcf38,0x00000000ec800000)
  to   space 4096K, 0% used [0x00000000ec800000,0x00000000ec800000,0x00000000ecc00000)
 ParOldGen       total 68608K, used 2489K [0x00000000c0000000, 0x00000000c4300000, 0x00000000eab00000)
  object space 68608K, 3% used [0x00000000c0000000,0x00000000c026e768,0x00000000c4300000)
 Metaspace       used 21043K, committed 21504K, reserved 1114112K
  class space    used 2149K, committed 2368K, reserved 1048576K
}
Event: 4.647 GC heap after
{Heap after GC invocations=4 (full 0):
 PSYoungGen      total 29696K, used 4080K [0x00000000eab00000, 0x00000000ecc00000, 0x0000000100000000)
  eden space 25600K, 0% used [0x00000000eab00000,0x00000000eab00000,0x00000000ec400000)
  from space 4096K, 99% used [0x00000000ec800000,0x00000000ecbfc2d0,0x00000000ecc00000)
  to   space 4096K, 0% used [0x00000000ec400000,0x00000000ec400000,0x00000000ec800000)
 ParOldGen       total 68608K, used 4977K [0x00000000c0000000, 0x00000000c4300000, 0x00000000eab00000)
  object space 68608K, 7% used [0x00000000c0000000,0x00000000c04dc768,0x00000000c4300000)
 Metaspace       used 21043K, committed 21504K, reserved 1114112K
  class space    used 2149K, committed 2368K, reserved 1048576K
}
Event: 4.647 GC heap before
{Heap before GC invocations=5 (full 1):
 PSYoungGen      total 29696K, used 4080K [0x00000000eab00000, 0x00000000ecc00000, 0x0000000100000000)
  eden space 25600K, 0% used [0x00000000eab00000,0x00000000eab00000,0x00000000ec400000)
  from space 4096K, 99% used [0x00000000ec800000,0x00000000ecbfc2d0,0x00000000ecc00000)
  to   space 4096K, 0% used [0x00000000ec400000,0x00000000ec400000,0x00000000ec800000)
 ParOldGen       total 68608K, used 4977K [0x00000000c0000000, 0x00000000c4300000, 0x00000000eab00000)
  object space 68608K, 7% used [0x00000000c0000000,0x00000000c04dc768,0x00000000c4300000)
 Metaspace       used 21043K, committed 21504K, reserved 1114112K
  class space    used 2149K, committed 2368K, reserved 1048576K
}
Event: 4.684 GC heap after
{Heap after GC invocations=5 (full 1):
 PSYoungGen      total 29696K, used 0K [0x00000000eab00000, 0x00000000ecc00000, 0x0000000100000000)
  eden space 25600K, 0% used [0x00000000eab00000,0x00000000eab00000,0x00000000ec400000)
  from space 4096K, 0% used [0x00000000ec800000,0x00000000ec800000,0x00000000ecc00000)
  to   space 4096K, 0% used [0x00000000ec400000,0x00000000ec400000,0x00000000ec800000)
 ParOldGen       total 68608K, used 8865K [0x00000000c0000000, 0x00000000c4300000, 0x00000000eab00000)
  object space 68608K, 12% used [0x00000000c0000000,0x00000000c08a8600,0x00000000c4300000)
 Metaspace       used 21030K, committed 21504K, reserved 1114112K
  class space    used 2145K, committed 2368K, reserved 1048576K
}
Event: 5.145 GC heap before
{Heap before GC invocations=6 (full 1):
 PSYoungGen      total 29696K, used 25600K [0x00000000eab00000, 0x00000000ecc00000, 0x0000000100000000)
  eden space 25600K, 100% used [0x00000000eab00000,0x00000000ec400000,0x00000000ec400000)
  from space 4096K, 0% used [0x00000000ec800000,0x00000000ec800000,0x00000000ecc00000)
  to   space 4096K, 0% used [0x00000000ec400000,0x00000000ec400000,0x00000000ec800000)
 ParOldGen       total 68608K, used 8865K [0x00000000c0000000, 0x00000000c4300000, 0x00000000eab00000)
  object space 68608K, 12% used [0x00000000c0000000,0x00000000c08a8600,0x00000000c4300000)
 Metaspace       used 24054K, committed 24576K, reserved 1114112K
  class space    used 2385K, committed 2624K, reserved 1048576K
}
Event: 5.147 GC heap after
{Heap after GC invocations=6 (full 1):
 PSYoungGen      total 26112K, used 861K [0x00000000eab00000, 0x00000000ec980000, 0x0000000100000000)
  eden space 25088K, 0% used [0x00000000eab00000,0x00000000eab00000,0x00000000ec380000)
  from space 1024K, 84% used [0x00000000ec400000,0x00000000ec4d7688,0x00000000ec500000)
  to   space 3072K, 0% used [0x00000000ec680000,0x00000000ec680000,0x00000000ec980000)
 ParOldGen       total 68608K, used 8873K [0x00000000c0000000, 0x00000000c4300000, 0x00000000eab00000)
  object space 68608K, 12% used [0x00000000c0000000,0x00000000c08aa600,0x00000000c4300000)
 Metaspace       used 24054K, committed 24576K, reserved 1114112K
  class space    used 2385K, committed 2624K, reserved 1048576K
}

Dll operation events (9 events):
Event: 0.026 Loaded shared library c:\Users\thinkpad\.vscode\extensions\redhat.java-1.32.0-win32-x64\jre\17.0.11-win32-x86_64\bin\java.dll
Event: 0.398 Loaded shared library c:\Users\thinkpad\.vscode\extensions\redhat.java-1.32.0-win32-x64\jre\17.0.11-win32-x86_64\bin\zip.dll
Event: 0.410 Loaded shared library C:\Users\thinkpad\.vscode\extensions\redhat.java-1.32.0-win32-x64\jre\17.0.11-win32-x86_64\bin\instrument.dll
Event: 0.450 Loaded shared library C:\Users\thinkpad\.vscode\extensions\redhat.java-1.32.0-win32-x64\jre\17.0.11-win32-x86_64\bin\net.dll
Event: 0.454 Loaded shared library C:\Users\thinkpad\.vscode\extensions\redhat.java-1.32.0-win32-x64\jre\17.0.11-win32-x86_64\bin\nio.dll
Event: 0.468 Loaded shared library C:\Users\thinkpad\.vscode\extensions\redhat.java-1.32.0-win32-x64\jre\17.0.11-win32-x86_64\bin\zip.dll
Event: 0.505 Loaded shared library C:\Users\thinkpad\.vscode\extensions\redhat.java-1.32.0-win32-x64\jre\17.0.11-win32-x86_64\bin\jimage.dll
Event: 0.658 Loaded shared library c:\Users\thinkpad\.vscode\extensions\redhat.java-1.32.0-win32-x64\jre\17.0.11-win32-x86_64\bin\verify.dll
Event: 2.840 Loaded shared library C:\Users\thinkpad\AppData\Roaming\Code\User\globalStorage\redhat.java\1.32.0\config_ss_win\org.eclipse.equinox.launcher\org.eclipse.equinox.launcher.win32.win32.x86_64_1.2.1100.v20240613-2013\eclipse_11903.dll

Deoptimization events (20 events):
Event: 4.736 Thread 0x000002424944fa20 Uncommon trap: trap_request=0xffffff45 fr.pc=0x000002423947be48 relative=0x0000000000000048
Event: 4.736 Thread 0x000002424944fa20 Uncommon trap: reason=unstable_if action=reinterpret pc=0x000002423947be48 method=java.lang.CharacterData.of(I)Ljava/lang/CharacterData; @ 4 c2
Event: 4.736 Thread 0x000002424944fa20 DEOPT PACKING pc=0x000002423947be48 sp=0x000000da35ef8ec0
Event: 4.736 Thread 0x000002424944fa20 DEOPT UNPACKING pc=0x0000024238f09ea3 sp=0x000000da35ef8e58 mode 2
Event: 4.740 Thread 0x000002424944fa20 Uncommon trap: trap_request=0xffffff45 fr.pc=0x000002423946adb0 relative=0x0000000000000390
Event: 4.740 Thread 0x000002424944fa20 Uncommon trap: reason=unstable_if action=reinterpret pc=0x000002423946adb0 method=java.lang.StringLatin1.canEncode(I)Z @ 4 c2
Event: 4.740 Thread 0x000002424944fa20 DEOPT PACKING pc=0x000002423946adb0 sp=0x000000da35ef96a0
Event: 4.740 Thread 0x000002424944fa20 DEOPT UNPACKING pc=0x0000024238f09ea3 sp=0x000000da35ef95c8 mode 2
Event: 4.741 Thread 0x000002424944fa20 Uncommon trap: trap_request=0xffffff45 fr.pc=0x0000024239497b7c relative=0x000000000000035c
Event: 4.741 Thread 0x000002424944fa20 Uncommon trap: reason=unstable_if action=reinterpret pc=0x0000024239497b7c method=java.lang.StringLatin1.canEncode(I)Z @ 4 c2
Event: 4.741 Thread 0x000002424944fa20 DEOPT PACKING pc=0x0000024239497b7c sp=0x000000da35ef9630
Event: 4.741 Thread 0x000002424944fa20 DEOPT UNPACKING pc=0x0000024238f09ea3 sp=0x000000da35ef95c0 mode 2
Event: 4.741 Thread 0x000002424944fa20 Uncommon trap: trap_request=0xffffff45 fr.pc=0x0000024239472538 relative=0x0000000000000038
Event: 4.741 Thread 0x000002424944fa20 Uncommon trap: reason=unstable_if action=reinterpret pc=0x0000024239472538 method=java.lang.StringLatin1.canEncode(I)Z @ 4 c2
Event: 4.741 Thread 0x000002424944fa20 DEOPT PACKING pc=0x0000024239472538 sp=0x000000da35ef9630
Event: 4.741 Thread 0x000002424944fa20 DEOPT UNPACKING pc=0x0000024238f09ea3 sp=0x000000da35ef95c0 mode 2
Event: 4.971 Thread 0x000002424944fa20 Uncommon trap: trap_request=0xffffff45 fr.pc=0x00000242395540ec relative=0x00000000000007ac
Event: 4.971 Thread 0x000002424944fa20 Uncommon trap: reason=unstable_if action=reinterpret pc=0x00000242395540ec method=org.lombokweb.asm.ClassReader.readUTF8(I[C)Ljava/lang/String; @ 11 c2
Event: 4.971 Thread 0x000002424944fa20 DEOPT PACKING pc=0x00000242395540ec sp=0x000000da35eefa40
Event: 4.971 Thread 0x000002424944fa20 DEOPT UNPACKING pc=0x0000024238f09ea3 sp=0x000000da35eefa38 mode 2

Classes unloaded (7 events):
Event: 4.655 Thread 0x0000024247bf2930 Unloading class 0x000000010021e000 'java/lang/invoke/LambdaForm$MH+0x000000010021e000'
Event: 4.655 Thread 0x0000024247bf2930 Unloading class 0x000000010021dc00 'java/lang/invoke/LambdaForm$MH+0x000000010021dc00'
Event: 4.655 Thread 0x0000024247bf2930 Unloading class 0x000000010021d800 'java/lang/invoke/LambdaForm$MH+0x000000010021d800'
Event: 4.655 Thread 0x0000024247bf2930 Unloading class 0x000000010021d400 'java/lang/invoke/LambdaForm$MH+0x000000010021d400'
Event: 4.655 Thread 0x0000024247bf2930 Unloading class 0x000000010021d000 'java/lang/invoke/LambdaForm$BMH+0x000000010021d000'
Event: 4.655 Thread 0x0000024247bf2930 Unloading class 0x000000010021cc00 'java/lang/invoke/LambdaForm$DMH+0x000000010021cc00'
Event: 4.655 Thread 0x0000024247bf2930 Unloading class 0x000000010021a000 'java/lang/invoke/LambdaForm$DMH+0x000000010021a000'

Classes redefined (0 events):
No events

Internal exceptions (20 events):
Event: 4.127 Thread 0x000002424944fa20 Exception <a 'java/lang/NoSuchMethodError'{0x00000000ec0a8538}: 'int java.lang.invoke.DirectMethodHandle$Holder.invokeSpecial(java.lang.Object, java.lang.Object, java.lang.Object, int)'> (0x00000000ec0a8538) 
thrown [s\src\hotspot\share\interpreter\linkResolver.cpp, line 759]
Event: 4.131 Thread 0x000002424944fa20 Exception <a 'java/lang/NoSuchMethodError'{0x00000000ec0c4c70}: 'java.lang.Object java.lang.invoke.DirectMethodHandle$Holder.invokeStatic(java.lang.Object, java.lang.Object, java.lang.Object, java.lang.Object, int)'> (0x00000000ec0c4c70) 
thrown [s\src\hotspot\share\interpreter\linkResolver.cpp, line 759]
Event: 4.134 Thread 0x000002424944fa20 Exception <a 'java/lang/NoSuchMethodError'{0x00000000ec0d0c68}: 'java.lang.Object java.lang.invoke.DelegatingMethodHandle$Holder.reinvoke_L(java.lang.Object, java.lang.Object, java.lang.Object, java.lang.Object, int, int)'> (0x00000000ec0d0c68) 
thrown [s\src\hotspot\share\interpreter\linkResolver.cpp, line 759]
Event: 4.142 Thread 0x000002424944fa20 Exception <a 'java/lang/NoSuchMethodError'{0x00000000ec0e57c0}: 'java.lang.Object java.lang.invoke.Invokers$Holder.invokeExact_MT(java.lang.Object, java.lang.Object, java.lang.Object, java.lang.Object)'> (0x00000000ec0e57c0) 
thrown [s\src\hotspot\share\interpreter\linkResolver.cpp, line 759]
Event: 4.262 Thread 0x000002424944fa20 Exception <a 'java/io/FileNotFoundException'{0x00000000ec35e468}> (0x00000000ec35e468) 
thrown [s\src\hotspot\share\prims\jni.cpp, line 516]
Event: 4.264 Thread 0x000002424944fa20 Exception <a 'java/io/FileNotFoundException'{0x00000000ec37dc28}> (0x00000000ec37dc28) 
thrown [s\src\hotspot\share\prims\jni.cpp, line 516]
Event: 4.440 Thread 0x000002424944fa20 Exception <a 'java/lang/NoSuchMethodError'{0x00000000eb0d0548}: 'java.lang.Object java.lang.invoke.DirectMethodHandle$Holder.newInvokeSpecial(java.lang.Object, java.lang.Object, java.lang.Object, java.lang.Object, java.lang.Object)'> (0x00000000eb0d0548) 
thrown [s\src\hotspot\share\interpreter\linkResolver.cpp, line 759]
Event: 4.493 Thread 0x000002424944fa20 Exception <a 'java/lang/NoSuchMethodError'{0x00000000eb269b00}: 'java.lang.Object java.lang.invoke.DirectMethodHandle$Holder.invokeStaticInit(java.lang.Object, int)'> (0x00000000eb269b00) 
thrown [s\src\hotspot\share\interpreter\linkResolver.cpp, line 759]
Event: 4.614 Thread 0x000002424944fa20 Exception <a 'java/lang/NoSuchMethodError'{0x00000000eb4a88d0}: 'java.lang.Object java.lang.invoke.DirectMethodHandle$Holder.invokeSpecial(java.lang.Object, java.lang.Object, java.lang.Object, long, java.lang.Object)'> (0x00000000eb4a88d0) 
thrown [s\src\hotspot\share\interpreter\linkResolver.cpp, line 759]
Event: 4.616 Thread 0x000002424944fa20 Exception <a 'java/lang/NoSuchMethodError'{0x00000000eb4b0a88}: 'java.lang.Object java.lang.invoke.DirectMethodHandle$Holder.newInvokeSpecial(java.lang.Object, java.lang.Object, java.lang.Object, long)'> (0x00000000eb4b0a88) 
thrown [s\src\hotspot\share\interpreter\linkResolver.cpp, line 759]
Event: 4.616 Thread 0x000002424944fa20 Exception <a 'java/lang/NoSuchMethodError'{0x00000000eb4b5028}: 'java.lang.Object java.lang.invoke.DirectMethodHandle$Holder.invokeSpecial(java.lang.Object, java.lang.Object, java.lang.Object, java.lang.Object, long)'> (0x00000000eb4b5028) 
thrown [s\src\hotspot\share\interpreter\linkResolver.cpp, line 759]
Event: 4.617 Thread 0x000002424944fa20 Exception <a 'java/lang/NoSuchMethodError'{0x00000000eb4b8ea0}: 'java.lang.Object java.lang.invoke.Invokers$Holder.linkToTargetMethod(java.lang.Object, java.lang.Object, long, java.lang.Object)'> (0x00000000eb4b8ea0) 
thrown [s\src\hotspot\share\interpreter\linkResolver.cpp, line 759]
Event: 4.635 Thread 0x000002424944fa20 Exception <a 'java/lang/NoSuchMethodError'{0x00000000eb50c9f0}: 'int java.lang.invoke.DirectMethodHandle$Holder.invokeStaticInit(java.lang.Object, java.lang.Object, java.lang.Object)'> (0x00000000eb50c9f0) 
thrown [s\src\hotspot\share\interpreter\linkResolver.cpp, line 759]
Event: 4.761 Thread 0x000002424944fa20 Exception <a 'java/lang/IncompatibleClassChangeError'{0x00000000ead664a8}: Found class java.lang.Object, but interface was expected> (0x00000000ead664a8) 
thrown [s\src\hotspot\share\interpreter\linkResolver.cpp, line 826]
Event: 4.768 Thread 0x000002424944fa20 Exception <a 'java/lang/NoSuchMethodError'{0x00000000ead7ab58}: 'java.lang.Object java.lang.invoke.DirectMethodHandle$Holder.invokeSpecial(java.lang.Object, java.lang.Object, java.lang.Object, int, java.lang.Object, java.lang.Object)'> (0x00000000ead7ab58) 
thrown [s\src\hotspot\share\interpreter\linkResolver.cpp, line 759]
Event: 4.769 Thread 0x000002424944fa20 Exception <a 'java/lang/NoSuchMethodError'{0x00000000ead832e0}: 'java.lang.Object java.lang.invoke.DirectMethodHandle$Holder.newInvokeSpecial(java.lang.Object, java.lang.Object, java.lang.Object, int, java.lang.Object)'> (0x00000000ead832e0) 
thrown [s\src\hotspot\share\interpreter\linkResolver.cpp, line 759]
Event: 4.771 Thread 0x000002424944fa20 Exception <a 'java/lang/NoSuchMethodError'{0x00000000ead87738}: 'java.lang.Object java.lang.invoke.DirectMethodHandle$Holder.invokeSpecial(java.lang.Object, java.lang.Object, java.lang.Object, java.lang.Object, int, java.lang.Object)'> (0x00000000ead87738) 
thrown [s\src\hotspot\share\interpreter\linkResolver.cpp, line 759]
Event: 4.773 Thread 0x00000242499c6a00 Exception <a 'java/lang/NoSuchMethodError'{0x00000000eadae570}: 'java.lang.Object java.lang.invoke.DirectMethodHandle$Holder.invokeSpecial(java.lang.Object, java.lang.Object, int, java.lang.Object, java.lang.Object)'> (0x00000000eadae570) 
thrown [s\src\hotspot\share\interpreter\linkResolver.cpp, line 759]
Event: 4.774 Thread 0x00000242499c6a00 Exception <a 'java/lang/NoSuchMethodError'{0x00000000eadb5c40}: 'java.lang.Object java.lang.invoke.DirectMethodHandle$Holder.newInvokeSpecial(java.lang.Object, java.lang.Object, int, java.lang.Object)'> (0x00000000eadb5c40) 
thrown [s\src\hotspot\share\interpreter\linkResolver.cpp, line 759]
Event: 4.775 Thread 0x00000242499c6a00 Exception <a 'java/lang/NoSuchMethodError'{0x00000000eadb9750}: 'java.lang.Object java.lang.invoke.DirectMethodHandle$Holder.invokeSpecial(java.lang.Object, java.lang.Object, java.lang.Object, int, java.lang.Object)'> (0x00000000eadb9750) 
thrown [s\src\hotspot\share\interpreter\linkResolver.cpp, line 759]

VM Operations (20 events):
Event: 3.085 Executing VM operation: ParallelGCFailedAllocation
Event: 3.093 Executing VM operation: ParallelGCFailedAllocation done
Event: 3.813 Executing VM operation: HandshakeAllThreads
Event: 3.813 Executing VM operation: HandshakeAllThreads done
Event: 4.117 Executing VM operation: HandshakeAllThreads
Event: 4.117 Executing VM operation: HandshakeAllThreads done
Event: 4.118 Executing VM operation: Cleanup
Event: 4.118 Executing VM operation: Cleanup done
Event: 4.276 Executing VM operation: ParallelGCFailedAllocation
Event: 4.283 Executing VM operation: ParallelGCFailedAllocation done
Event: 4.642 Executing VM operation: CollectForMetadataAllocation
Event: 4.684 Executing VM operation: CollectForMetadataAllocation done
Event: 4.698 Executing VM operation: HandshakeAllThreads
Event: 4.698 Executing VM operation: HandshakeAllThreads done
Event: 4.738 Executing VM operation: HandshakeAllThreads
Event: 4.738 Executing VM operation: HandshakeAllThreads done
Event: 4.796 Executing VM operation: HandshakeAllThreads
Event: 4.796 Executing VM operation: HandshakeAllThreads done
Event: 5.145 Executing VM operation: ParallelGCFailedAllocation
Event: 5.147 Executing VM operation: ParallelGCFailedAllocation done

Events (20 events):
Event: 4.887 loading class java/io/StringReader done
Event: 4.892 loading class java/util/zip/GZIPInputStream
Event: 4.893 loading class java/util/zip/GZIPInputStream done
Event: 4.900 loading class java/net/SocketTimeoutException
Event: 4.900 loading class java/io/InterruptedIOException
Event: 4.901 loading class java/io/InterruptedIOException done
Event: 4.901 loading class java/net/SocketTimeoutException done
Event: 4.901 loading class java/net/SocketException
Event: 4.901 loading class java/net/SocketException done
Event: 4.901 loading class java/net/UnknownHostException
Event: 4.901 loading class java/net/UnknownHostException done
Event: 4.901 loading class java/net/ProtocolException
Event: 4.901 loading class java/net/ProtocolException done
Event: 4.938 loading class java/lang/ThreadLocal$SuppliedThreadLocal
Event: 4.938 loading class java/lang/ThreadLocal$SuppliedThreadLocal done
Event: 4.949 loading class java/lang/NegativeArraySizeException
Event: 4.949 loading class java/lang/NegativeArraySizeException done
Event: 4.957 loading class java/io/FileWriter
Event: 4.957 loading class java/io/FileWriter done
Event: 5.174 Thread 0x00000242498968b0 Thread exited: 0x00000242498968b0


Dynamic libraries:
0x00007ff6b8980000 - 0x00007ff6b898e000 	c:\Users\thinkpad\.vscode\extensions\redhat.java-1.32.0-win32-x64\jre\17.0.11-win32-x86_64\bin\java.exe
0x00007ffba3630000 - 0x00007ffba3847000 	C:\WINDOWS\SYSTEM32\ntdll.dll
0x00007ffba1b20000 - 0x00007ffba1be4000 	C:\WINDOWS\System32\KERNEL32.DLL
0x00007ffba0bf0000 - 0x00007ffba0f9c000 	C:\WINDOWS\System32\KERNELBASE.dll
0x00007ffba0ad0000 - 0x00007ffba0be1000 	C:\WINDOWS\System32\ucrtbase.dll
0x00007ffb9b440000 - 0x00007ffb9b45b000 	c:\Users\thinkpad\.vscode\extensions\redhat.java-1.32.0-win32-x64\jre\17.0.11-win32-x86_64\bin\VCRUNTIME140.dll
0x00007ffb9abc0000 - 0x00007ffb9abd7000 	c:\Users\thinkpad\.vscode\extensions\redhat.java-1.32.0-win32-x64\jre\17.0.11-win32-x86_64\bin\jli.dll
0x00007ffba1790000 - 0x00007ffba193e000 	C:\WINDOWS\System32\USER32.dll
0x00007ffb8a520000 - 0x00007ffb8a7b3000 	C:\WINDOWS\WinSxS\amd64_microsoft.windows.common-controls_6595b64144ccf1df_6.0.22621.3672_none_2713b9d173822955\COMCTL32.dll
0x00007ffba10b0000 - 0x00007ffba10d6000 	C:\WINDOWS\System32\win32u.dll
0x00007ffba1370000 - 0x00007ffba1399000 	C:\WINDOWS\System32\GDI32.dll
0x00007ffba13b0000 - 0x00007ffba1457000 	C:\WINDOWS\System32\msvcrt.dll
0x00007ffba11a0000 - 0x00007ffba12b9000 	C:\WINDOWS\System32\gdi32full.dll
0x00007ffba1010000 - 0x00007ffba10aa000 	C:\WINDOWS\System32\msvcp_win.dll
0x00007ffba1750000 - 0x00007ffba1781000 	C:\WINDOWS\System32\IMM32.DLL
0x00007ffb9b530000 - 0x00007ffb9b53c000 	c:\Users\thinkpad\.vscode\extensions\redhat.java-1.32.0-win32-x64\jre\17.0.11-win32-x86_64\bin\vcruntime140_1.dll
0x00007ffb89350000 - 0x00007ffb893dd000 	c:\Users\thinkpad\.vscode\extensions\redhat.java-1.32.0-win32-x64\jre\17.0.11-win32-x86_64\bin\msvcp140.dll
0x00007ffb56f20000 - 0x00007ffb57b82000 	c:\Users\thinkpad\.vscode\extensions\redhat.java-1.32.0-win32-x64\jre\17.0.11-win32-x86_64\bin\server\jvm.dll
0x00007ffba3530000 - 0x00007ffba35e2000 	C:\WINDOWS\System32\ADVAPI32.dll
0x00007ffba30b0000 - 0x00007ffba315a000 	C:\WINDOWS\System32\sechost.dll
0x00007ffba12c0000 - 0x00007ffba12e8000 	C:\WINDOWS\System32\bcrypt.dll
0x00007ffba3410000 - 0x00007ffba3525000 	C:\WINDOWS\System32\RPCRT4.dll
0x00007ffb9f950000 - 0x00007ffb9f99d000 	C:\WINDOWS\SYSTEM32\POWRPROF.dll
0x00007ffb9b3a0000 - 0x00007ffb9b3d4000 	C:\WINDOWS\SYSTEM32\WINMM.dll
0x00007ffb88fe0000 - 0x00007ffb88fe9000 	C:\WINDOWS\SYSTEM32\WSOCK32.dll
0x00007ffb90f50000 - 0x00007ffb90f5a000 	C:\WINDOWS\SYSTEM32\VERSION.dll
0x00007ffba1940000 - 0x00007ffba19b1000 	C:\WINDOWS\System32\WS2_32.dll
0x00007ffb9f8e0000 - 0x00007ffb9f8f3000 	C:\WINDOWS\SYSTEM32\UMPDC.dll
0x00007ffb9fa40000 - 0x00007ffb9fa58000 	C:\WINDOWS\SYSTEM32\kernel.appcore.dll
0x00007ffb9a8d0000 - 0x00007ffb9a8da000 	c:\Users\thinkpad\.vscode\extensions\redhat.java-1.32.0-win32-x64\jre\17.0.11-win32-x86_64\bin\jimage.dll
0x00007ffb9e1b0000 - 0x00007ffb9e3e2000 	C:\WINDOWS\SYSTEM32\DBGHELP.DLL
0x00007ffba2c90000 - 0x00007ffba3018000 	C:\WINDOWS\System32\combase.dll
0x00007ffba3330000 - 0x00007ffba3407000 	C:\WINDOWS\System32\OLEAUT32.dll
0x00007ffb82770000 - 0x00007ffb827a2000 	C:\WINDOWS\SYSTEM32\dbgcore.DLL
0x00007ffba12f0000 - 0x00007ffba136b000 	C:\WINDOWS\System32\bcryptPrimitives.dll
0x00007ffb9a4b0000 - 0x00007ffb9a4be000 	c:\Users\thinkpad\.vscode\extensions\redhat.java-1.32.0-win32-x64\jre\17.0.11-win32-x86_64\bin\instrument.dll
0x00007ffb89320000 - 0x00007ffb89345000 	c:\Users\thinkpad\.vscode\extensions\redhat.java-1.32.0-win32-x64\jre\17.0.11-win32-x86_64\bin\java.dll
0x00007ffb8b030000 - 0x00007ffb8b048000 	c:\Users\thinkpad\.vscode\extensions\redhat.java-1.32.0-win32-x64\jre\17.0.11-win32-x86_64\bin\zip.dll
0x00007ffba1c10000 - 0x00007ffba246c000 	C:\WINDOWS\System32\SHELL32.dll
0x00007ffb9e860000 - 0x00007ffb9f157000 	C:\WINDOWS\SYSTEM32\windows.storage.dll
0x00007ffb9e720000 - 0x00007ffb9e85f000 	C:\WINDOWS\SYSTEM32\wintypes.dll
0x00007ffba2470000 - 0x00007ffba2564000 	C:\WINDOWS\System32\SHCORE.dll
0x00007ffba14e0000 - 0x00007ffba153e000 	C:\WINDOWS\System32\shlwapi.dll
0x00007ffba0890000 - 0x00007ffba08b1000 	C:\WINDOWS\SYSTEM32\profapi.dll
0x00007ffb89850000 - 0x00007ffb89869000 	C:\Users\thinkpad\.vscode\extensions\redhat.java-1.32.0-win32-x64\jre\17.0.11-win32-x86_64\bin\net.dll
0x00007ffb9b610000 - 0x00007ffb9b746000 	C:\WINDOWS\SYSTEM32\WINHTTP.dll
0x00007ffb9fea0000 - 0x00007ffb9ff09000 	C:\WINDOWS\system32\mswsock.dll
0x00007ffb88fc0000 - 0x00007ffb88fd6000 	C:\Users\thinkpad\.vscode\extensions\redhat.java-1.32.0-win32-x64\jre\17.0.11-win32-x86_64\bin\nio.dll
0x00007ffb98b80000 - 0x00007ffb98b90000 	c:\Users\thinkpad\.vscode\extensions\redhat.java-1.32.0-win32-x64\jre\17.0.11-win32-x86_64\bin\verify.dll
0x00007ffb88d80000 - 0x00007ffb88dc4000 	C:\Users\thinkpad\AppData\Roaming\Code\User\globalStorage\redhat.java\1.32.0\config_ss_win\org.eclipse.equinox.launcher\org.eclipse.equinox.launcher.win32.win32.x86_64_1.2.1100.v20240613-2013\eclipse_11903.dll
0x00007ffba3180000 - 0x00007ffba3325000 	C:\WINDOWS\System32\ole32.dll

dbghelp: loaded successfully - version: 4.0.5 - missing functions: none
symbol engine: initialized successfully - sym options: 0x614 - pdb path: .;c:\Users\thinkpad\.vscode\extensions\redhat.java-1.32.0-win32-x64\jre\17.0.11-win32-x86_64\bin;C:\WINDOWS\SYSTEM32;C:\WINDOWS\WinSxS\amd64_microsoft.windows.common-controls_6595b64144ccf1df_6.0.22621.3672_none_2713b9d173822955;c:\Users\thinkpad\.vscode\extensions\redhat.java-1.32.0-win32-x64\jre\17.0.11-win32-x86_64\bin\server;C:\Users\thinkpad\AppData\Roaming\Code\User\globalStorage\redhat.java\1.32.0\config_ss_win\org.eclipse.equinox.launcher\org.eclipse.equinox.launcher.win32.win32.x86_64_1.2.1100.v20240613-2013

VM Arguments:
jvm_args: --add-modules=ALL-SYSTEM --add-opens=java.base/java.util=ALL-UNNAMED --add-opens=java.base/java.lang=ALL-UNNAMED --add-opens=java.base/sun.nio.fs=ALL-UNNAMED -Declipse.application=org.eclipse.jdt.ls.core.id1 -Dosgi.bundles.defaultStartLevel=4 -Declipse.product=org.eclipse.jdt.ls.core.product -Djava.import.generatesMetadataFilesAtProjectRoot=false -DDetectVMInstallationsJob.disabled=true -Dfile.encoding=utf8 -XX:+UseParallelGC -XX:GCTimeRatio=4 -XX:AdaptiveSizePolicyWeight=90 -Dsun.zip.disableMemoryMapping=true -Xmx1G -Xms100m -Xlog:disable -javaagent:c:\Users\thinkpad\.vscode\extensions\redhat.java-1.32.0-win32-x64\lombok\lombok-1.18.33.jar 
java_command: c:\Users\thinkpad\.vscode\extensions\redhat.java-1.32.0-win32-x64\server\plugins\org.eclipse.equinox.launcher_1.6.900.v20240613-2009.jar -configuration c:\Users\thinkpad\AppData\Roaming\Code\User\globalStorage\redhat.java\1.32.0\config_ss_win -data c:\Users\thinkpad\AppData\Roaming\Code\User\workspaceStorage\51565181f65691b3f7f12234beb67880\redhat.java\ss_ws --pipe=\\.\pipe\lsp-7a62e73e048613745c790ee1a51fc1b1-sock
java_class_path (initial): c:\Users\thinkpad\.vscode\extensions\redhat.java-1.32.0-win32-x64\server\plugins\org.eclipse.equinox.launcher_1.6.900.v20240613-2009.jar
Launcher Type: SUN_STANDARD

[Global flags]
    uintx AdaptiveSizePolicyWeight                 = 90                                        {product} {command line}
     intx CICompilerCount                          = 4                                         {product} {ergonomic}
    uintx GCTimeRatio                              = 4                                         {product} {command line}
   size_t InitialHeapSize                          = 104857600                                 {product} {command line}
   size_t MaxHeapSize                              = 1073741824                                {product} {command line}
   size_t MaxNewSize                               = 357564416                                 {product} {ergonomic}
   size_t MinHeapDeltaBytes                        = 524288                                    {product} {ergonomic}
   size_t MinHeapSize                              = 104857600                                 {product} {command line}
   size_t NewSize                                  = 34603008                                  {product} {ergonomic}
    uintx NonNMethodCodeHeapSize                   = 5839372                                {pd product} {ergonomic}
    uintx NonProfiledCodeHeapSize                  = 122909434                              {pd product} {ergonomic}
   size_t OldSize                                  = 70254592                                  {product} {ergonomic}
    uintx ProfiledCodeHeapSize                     = 122909434                              {pd product} {ergonomic}
    uintx ReservedCodeCacheSize                    = 251658240                              {pd product} {ergonomic}
     bool SegmentedCodeCache                       = true                                      {product} {ergonomic}
   size_t SoftMaxHeapSize                          = 1073741824                             {manageable} {ergonomic}
     bool UseCompressedClassPointers               = true                           {product lp64_product} {ergonomic}
     bool UseCompressedOops                        = true                           {product lp64_product} {ergonomic}
     bool UseLargePagesIndividualAllocation        = false                                  {pd product} {ergonomic}
     bool UseParallelGC                            = true                                      {product} {command line}

Logging:
Log output configuration:
 #0: stdout all=off uptime,level,tags
 #1: stderr all=off uptime,level,tags

Environment Variables:
JAVA_HOME=C:\Program Files\Java\jdk-11
PATH=C:\Program Files\Common Files\Oracle\Java\javapath;C:\WINDOWS\system32;C:\WINDOWS;C:\WINDOWS\System32\Wbem;C:\WINDOWS\System32\WindowsPowerShell\v1.0\;C:\WINDOWS\System32\OpenSSH\;C:\xampp\php;C:\Program Files\Java\jdk-11\bin;C:\ProgramData\ComposerSetup\bin;C:\xampp\php;C:\Program Files\Docker\Docker\resources\bin;C:\Program Files\nodejs\;C:\Program Files\Java\jdk-21\bin;C:\Program Files\Java\jdk-11\bin;C:\Program Files\Git\cmd;C:\Users\thinkpad\scoop\shims;C:\Program Files\Elixir\bin;C:\Program Files\Erlang OTP\bin;C:\Users\thinkpad\AppData\Local\Programs\Python\Python310\Scripts\;C:\Users\thinkpad\AppData\Local\Programs\Python\Python310\;C:\Users\thinkpad\AppData\Local\Microsoft\WindowsApps;C:\Users\thinkpad\AppData\Local\Programs\Microsoft VS Code\bin;C:\xampp\htdocs\server\php;C:\Users\thinkpad\AppData\Local\Programs\mongosh\;C:\Users\thinkpad\AppData\Roaming\Composer\vendor\bin;C:\Users\thinkpad\AppData\Roaming\npm
USERNAME=thinkpad
OS=Windows_NT
PROCESSOR_IDENTIFIER=Intel64 Family 6 Model 126 Stepping 5, GenuineIntel
TMP=C:\Users\thinkpad\AppData\Local\Temp
TEMP=C:\Users\thinkpad\AppData\Local\Temp



Periodic native trim disabled


---------------  S Y S T E M  ---------------

OS:
 Windows 11 , 64 bit Build 22621 (10.0.22621.3672)
OS uptime: 0 days 0:52 hours
Hyper-V role detected

CPU: total 8 (initial active 8) (4 cores per cpu, 2 threads per core) family 6 model 126 stepping 5 microcode 0xa6, cx8, cmov, fxsr, ht, mmx, 3dnowpref, sse, sse2, sse3, ssse3, sse4.1, sse4.2, popcnt, lzcnt, tsc, tscinvbit, avx, avx2, aes, erms, clmul, bmi1, bmi2, adx, avx512f, avx512dq, avx512cd, avx512bw, avx512vl, sha, fma, vzeroupper, avx512_vpopcntdq, avx512_vpclmulqdq, avx512_vaes, avx512_vnni, clflush, clflushopt, avx512_vbmi2, avx512_vbmi, hv
Processor Information for all 8 processors :
  Max Mhz: 1190, Current Mhz: 991, Mhz Limit: 987

Memory: 4k page, system-wide physical 7997M (460M free)
TotalPageFile size 10045M (AvailPageFile size 0M)
current process WorkingSet (physical memory assigned to process): 124M, peak: 124M
current process commit charge ("private bytes"): 229M, peak: 229M

vm_info: OpenJDK 64-Bit Server VM (17.0.11+9) for windows-amd64 JRE (17.0.11+9), built on Apr 17 2024 06:07:48 by "admin" with MS VC++ 16.10 / 16.11 (VS2019)

END.
