#
# There is insufficient memory for the Java Runtime Environment to continue.
# Native memory allocation (malloc) failed to allocate 1518256 bytes. Error detail: Chunk::new
# Possible reasons:
#   The system is out of physical RAM or swap space
#   This process is running with CompressedOops enabled, and the Java Heap may be blocking the growth of the native heap
# Possible solutions:
#   Reduce memory load on the system
#   Increase physical memory or swap space
#   Check if swap backing store is full
#   Decrease Java heap size (-Xmx/-Xms)
#   Decrease number of Java threads
#   Decrease Java thread stack sizes (-Xss)
#   Set larger code cache with -XX:ReservedCodeCacheSize=
#   JVM is running with Unscaled Compressed Oops mode in which the Java heap is
#     placed in the first 4GB address space. The Java Heap base address is the
#     maximum limit for the native heap growth. Please use -XX:HeapBaseMinAddress
#     to set the Java Heap base and to place the Java Heap above 4GB virtual address.
# This output file may be truncated or incomplete.
#
#  Out of Memory Error (arena.cpp:191), pid=13780, tid=13876
#
# JRE version: OpenJDK Runtime Environment Temurin-17.0.11+9 (17.0.11+9) (build 17.0.11+9)
# Java VM: OpenJDK 64-Bit Server VM Temurin-17.0.11+9 (17.0.11+9, mixed mode, tiered, compressed oops, compressed class ptrs, parallel gc, windows-amd64)
# No core dump will be written. Minidumps are not enabled by default on client versions of Windows
#

---------------  S U M M A R Y ------------

Command Line: --add-modules=ALL-SYSTEM --add-opens=java.base/java.util=ALL-UNNAMED --add-opens=java.base/java.lang=ALL-UNNAMED --add-opens=java.base/sun.nio.fs=ALL-UNNAMED -Declipse.application=org.eclipse.jdt.ls.core.id1 -Dosgi.bundles.defaultStartLevel=4 -Declipse.product=org.eclipse.jdt.ls.core.product -Djava.import.generatesMetadataFilesAtProjectRoot=false -DDetectVMInstallationsJob.disabled=true -Dfile.encoding=utf8 -XX:+UseParallelGC -XX:GCTimeRatio=4 -XX:AdaptiveSizePolicyWeight=90 -Dsun.zip.disableMemoryMapping=true -Xmx1G -Xms100m -Xlog:disable -javaagent:c:\Users\thinkpad\.vscode\extensions\redhat.java-1.32.0-win32-x64\lombok\lombok-1.18.33.jar -XX:+HeapDumpOnOutOfMemoryError -XX:HeapDumpPath=c:\Users\thinkpad\AppData\Roaming\Code\User\workspaceStorage\51565181f65691b3f7f12234beb67880\redhat.java -Daether.dependencyCollector.impl=bf c:\Users\thinkpad\.vscode\extensions\redhat.java-1.32.0-win32-x64\server\plugins\org.eclipse.equinox.launcher_1.6.900.v20240613-2009.jar -configuration c:\Users\thinkpad\AppData\Roaming\Code\User\globalStorage\redhat.java\1.32.0\config_win -data c:\Users\thinkpad\AppData\Roaming\Code\User\workspaceStorage\51565181f65691b3f7f12234beb67880\redhat.java\jdt_ws --pipe=\\.\pipe\lsp-d3a86408c138e5771e2e62614c06dc53-sock

Host: Intel(R) Core(TM) i5-1035G1 CPU @ 1.00GHz, 8 cores, 7G,  Windows 11 , 64 bit Build 22621 (10.0.22621.3672)
Time: Sun Jul  7 23:55:27 2024 Maroc (heure d64 bit Build 22621 (10.0.22621.3672) elapsed time: 6.149563 seconds (0d 0h 0m 6s)

---------------  T H R E A D  ---------------

Current thread (0x000002aab57dd490):  JavaThread "C2 CompilerThread1" daemon [_thread_in_native, id=13876, stack(0x000000d477a00000,0x000000d477b00000)]


Current CompileTask:
C2:   6149 5089       4       org.eclipse.osgi.internal.loader.classpath.ClasspathManager::findLocalClassImpl (55 bytes)

Stack: [0x000000d477a00000,0x000000d477b00000]
Native frames: (J=compiled Java code, j=interpreted, Vv=VM code, C=native code)
V  [jvm.dll+0x67d429]
V  [jvm.dll+0x834b7a]
V  [jvm.dll+0x83663e]
V  [jvm.dll+0x836ca3]
V  [jvm.dll+0x247dbf]
V  [jvm.dll+0xac534]
V  [jvm.dll+0xacb7c]
V  [jvm.dll+0x3665f2]
V  [jvm.dll+0x1bd086]
V  [jvm.dll+0x21a5c9]
V  [jvm.dll+0x2198b1]
V  [jvm.dll+0x1a534d]
V  [jvm.dll+0x2295cd]
V  [jvm.dll+0x22779c]
V  [jvm.dll+0x7e9d07]
V  [jvm.dll+0x7e410a]
V  [jvm.dll+0x67c315]
C  [ucrtbase.dll+0x29333]
C  [KERNEL32.DLL+0x1257d]
C  [ntdll.dll+0x5af28]


---------------  P R O C E S S  ---------------

Threads class SMR info:
_java_thread_list=0x000002aab71840b0, length=39, elements={
0x000002aa9c4f14e0, 0x000002aab037e010, 0x000002aab037e9e0, 0x000002aab54b2320,
0x000002aab54b2bf0, 0x000002aab54b36c0, 0x000002aab54b4190, 0x000002aab54b5040,
0x000002aab551c940, 0x000002aab5527600, 0x000002aab55ec240, 0x000002aab57e0190,
0x000002aab57dd490, 0x000002aab6b1dbc0, 0x000002aab714d240, 0x000002aab718bb50,
0x000002aab74441a0, 0x000002aab78d3910, 0x000002aab6d179a0, 0x000002aab7697ea0,
0x000002aab7311410, 0x000002aab7311e30, 0x000002aab7310f00, 0x000002aab73141a0,
0x000002aab7312d60, 0x000002aab7313270, 0x000002aab7313780, 0x000002aab7313c90,
0x000002aab73146b0, 0x000002aab7d9b670, 0x000002aab7d9ac50, 0x000002aab7d9e400,
0x000002aab7d99810, 0x000002aab7d9a230, 0x000002aab7d9e910, 0x000002aab7d9bb80,
0x000002aab7d9b160, 0x000002aab7d97ec0, 0x000002aab7d9c090
}

Java Threads: ( => current thread )
  0x000002aa9c4f14e0 JavaThread "main" [_thread_blocked, id=15140, stack(0x000000d476a00000,0x000000d476b00000)]
  0x000002aab037e010 JavaThread "Reference Handler" daemon [_thread_blocked, id=5892, stack(0x000000d476d00000,0x000000d476e00000)]
  0x000002aab037e9e0 JavaThread "Finalizer" daemon [_thread_blocked, id=6260, stack(0x000000d476e00000,0x000000d476f00000)]
  0x000002aab54b2320 JavaThread "Signal Dispatcher" daemon [_thread_blocked, id=5212, stack(0x000000d476f00000,0x000000d477000000)]
  0x000002aab54b2bf0 JavaThread "Attach Listener" daemon [_thread_blocked, id=15352, stack(0x000000d477000000,0x000000d477100000)]
  0x000002aab54b36c0 JavaThread "Service Thread" daemon [_thread_blocked, id=9128, stack(0x000000d477100000,0x000000d477200000)]
  0x000002aab54b4190 JavaThread "Monitor Deflation Thread" daemon [_thread_blocked, id=10140, stack(0x000000d477200000,0x000000d477300000)]
  0x000002aab54b5040 JavaThread "C2 CompilerThread0" daemon [_thread_in_native, id=13660, stack(0x000000d477300000,0x000000d477400000)]
  0x000002aab551c940 JavaThread "C1 CompilerThread0" daemon [_thread_in_native, id=6140, stack(0x000000d477400000,0x000000d477500000)]
  0x000002aab5527600 JavaThread "Sweeper thread" daemon [_thread_blocked, id=14364, stack(0x000000d477500000,0x000000d477600000)]
  0x000002aab55ec240 JavaThread "Common-Cleaner" daemon [_thread_blocked, id=3672, stack(0x000000d477600000,0x000000d477700000)]
  0x000002aab57e0190 JavaThread "Notification Thread" daemon [_thread_blocked, id=15032, stack(0x000000d477800000,0x000000d477900000)]
=>0x000002aab57dd490 JavaThread "C2 CompilerThread1" daemon [_thread_in_native, id=13876, stack(0x000000d477a00000,0x000000d477b00000)]
  0x000002aab6b1dbc0 JavaThread "Active Thread: Equinox Container: 61d5d6a2-235d-4bdd-8d79-e779cb85ef24" [_thread_blocked, id=14876, stack(0x000000d478200000,0x000000d478300000)]
  0x000002aab714d240 JavaThread "C2 CompilerThread2" daemon [_thread_in_native, id=1388, stack(0x000000d477b00000,0x000000d477c00000)]
  0x000002aab718bb50 JavaThread "Framework Event Dispatcher: Equinox Container: 61d5d6a2-235d-4bdd-8d79-e779cb85ef24" daemon [_thread_blocked, id=12212, stack(0x000000d478300000,0x000000d478400000)]
  0x000002aab74441a0 JavaThread "Start Level: Equinox Container: 61d5d6a2-235d-4bdd-8d79-e779cb85ef24" daemon [_thread_blocked, id=2680, stack(0x000000d478400000,0x000000d478500000)]
  0x000002aab78d3910 JavaThread "Bundle File Closer" daemon [_thread_blocked, id=14508, stack(0x000000d478600000,0x000000d478700000)]
  0x000002aab6d179a0 JavaThread "SCR Component Actor" daemon [_thread_blocked, id=8632, stack(0x000000d478700000,0x000000d478800000)]
  0x000002aab7697ea0 JavaThread "SCR Component Registry" daemon [_thread_blocked, id=13396, stack(0x000000d478800000,0x000000d478900000)]
  0x000002aab7311410 JavaThread "Worker-JM" [_thread_blocked, id=10188, stack(0x000000d478900000,0x000000d478a00000)]
  0x000002aab7311e30 JavaThread "Worker-0" [_thread_blocked, id=3804, stack(0x000000d478a00000,0x000000d478b00000)]
  0x000002aab7310f00 JavaThread "Worker-1: Repository registry initialization" [_thread_in_Java, id=10308, stack(0x000000d478b00000,0x000000d478c00000)]
  0x000002aab73141a0 JavaThread "Java indexing" daemon [_thread_blocked, id=8628, stack(0x000000d478c00000,0x000000d478d00000)]
  0x000002aab7312d60 JavaThread "JNA Cleaner" daemon [_thread_blocked, id=9140, stack(0x000000d478d00000,0x000000d478e00000)]
  0x000002aab7313270 JavaThread "Worker-2" [_thread_blocked, id=11960, stack(0x000000d479000000,0x000000d479100000)]
  0x000002aab7313780 JavaThread "Thread-2" daemon [_thread_in_native, id=14944, stack(0x000000d479100000,0x000000d479200000)]
  0x000002aab7313c90 JavaThread "Thread-3" daemon [_thread_in_native, id=1552, stack(0x000000d479200000,0x000000d479300000)]
  0x000002aab73146b0 JavaThread "Thread-4" daemon [_thread_in_native, id=2272, stack(0x000000d479300000,0x000000d479400000)]
  0x000002aab7d9b670 JavaThread "Thread-5" daemon [_thread_in_native, id=2612, stack(0x000000d479400000,0x000000d479500000)]
  0x000002aab7d9ac50 JavaThread "Thread-6" daemon [_thread_in_native, id=11104, stack(0x000000d479500000,0x000000d479600000)]
  0x000002aab7d9e400 JavaThread "Thread-7" daemon [_thread_in_native, id=10104, stack(0x000000d479600000,0x000000d479700000)]
  0x000002aab7d99810 JavaThread "Thread-8" daemon [_thread_in_native, id=276, stack(0x000000d479700000,0x000000d479800000)]
  0x000002aab7d9a230 JavaThread "Thread-9" daemon [_thread_in_native, id=4560, stack(0x000000d479800000,0x000000d479900000)]
  0x000002aab7d9e910 JavaThread "Thread-10" daemon [_thread_in_native, id=10652, stack(0x000000d479900000,0x000000d479a00000)]
  0x000002aab7d9bb80 JavaThread "pool-2-thread-1" [_thread_blocked, id=12520, stack(0x000000d479a00000,0x000000d479b00000)]
  0x000002aab7d9b160 JavaThread "WorkspaceEventsHandler" [_thread_blocked, id=4640, stack(0x000000d479b00000,0x000000d479c00000)]
  0x000002aab7d97ec0 JavaThread "pool-1-thread-1" [_thread_blocked, id=13360, stack(0x000000d479c00000,0x000000d479d00000)]
  0x000002aab7d9c090 JavaThread "Worker-3" [_thread_blocked, id=8336, stack(0x000000d479d00000,0x000000d479e00000)]

Other Threads:
  0x000002aa9c59e980 VMThread "VM Thread" [stack: 0x000000d476c00000,0x000000d476d00000] [id=6780]
  0x000002aab57d9980 WatcherThread [stack: 0x000000d477900000,0x000000d477a00000] [id=10288]
  0x000002aa9c505030 GCTaskThread "GC Thread#0" [stack: 0x000000d476b00000,0x000000d476c00000] [id=8588]
  0x000002aab6b1b770 GCTaskThread "GC Thread#1" [stack: 0x000000d477c00000,0x000000d477d00000] [id=4300]
  0x000002aab6b1ba30 GCTaskThread "GC Thread#2" [stack: 0x000000d477d00000,0x000000d477e00000] [id=8460]
  0x000002aab69e6820 GCTaskThread "GC Thread#3" [stack: 0x000000d477e00000,0x000000d477f00000] [id=1416]
  0x000002aab69e6ae0 GCTaskThread "GC Thread#4" [stack: 0x000000d477f00000,0x000000d478000000] [id=3820]
  0x000002aab69e6da0 GCTaskThread "GC Thread#5" [stack: 0x000000d478000000,0x000000d478100000] [id=3980]
  0x000002aab6d7cec0 GCTaskThread "GC Thread#6" [stack: 0x000000d478100000,0x000000d478200000] [id=11672]
  0x000002aab786ed00 GCTaskThread "GC Thread#7" [stack: 0x000000d478500000,0x000000d478600000] [id=10516]

Threads with active compile tasks:
C2 CompilerThread0     6172 4920   !   4       org.eclipse.osgi.internal.loader.classpath.ClasspathManager::defineClass (636 bytes)
C1 CompilerThread0     6172 5317   !   3       org.eclipse.sisu.space.URLClassSpace::loadClass (31 bytes)
C2 CompilerThread1     6172 5089       4       org.eclipse.osgi.internal.loader.classpath.ClasspathManager::findLocalClassImpl (55 bytes)
C2 CompilerThread2     6172 4979       4       org.osgi.framework.Version::toString0 (102 bytes)

VM state: not at safepoint (normal execution)

VM Mutex/Monitor currently owned by a thread: None

Heap address: 0x00000000c0000000, size: 1024 MB, Compressed Oops mode: 32-bit

CDS archive(s) not mapped
Compressed class space mapped at: 0x0000000100000000-0x0000000140000000, reserved size: 1073741824
Narrow klass base: 0x0000000000000000, Narrow klass shift: 3, Narrow klass range: 0x140000000

GC Precious Log:
 CPUs: 8 total, 8 available
 Memory: 7997M
 Large Page Support: Disabled
 NUMA Support: Disabled
 Compressed Oops: Enabled (32-bit)
 Alignments: Space 512K, Generation 512K, Heap 2M
 Heap Min Capacity: 100M
 Heap Initial Capacity: 100M
 Heap Max Capacity: 1G
 Pre-touch: Disabled
 Parallel Workers: 8

Heap:
 PSYoungGen      total 22528K, used 19181K [0x00000000eab00000, 0x00000000ec580000, 0x0000000100000000)
  eden space 22016K, 84% used [0x00000000eab00000,0x00000000ebd3b518,0x00000000ec080000)
  from space 512K, 100% used [0x00000000ec500000,0x00000000ec580000,0x00000000ec580000)
  to   space 2560K, 0% used [0x00000000ec080000,0x00000000ec080000,0x00000000ec300000)
 ParOldGen       total 68608K, used 19161K [0x00000000c0000000, 0x00000000c4300000, 0x00000000eab00000)
  object space 68608K, 27% used [0x00000000c0000000,0x00000000c12b6648,0x00000000c4300000)
 Metaspace       used 48599K, committed 49600K, reserved 1114112K
  class space    used 5219K, committed 5632K, reserved 1048576K

Card table byte_map: [0x000002aa9be80000,0x000002aa9c090000] _byte_map_base: 0x000002aa9b880000

Marking Bits: (ParMarkBitMap*) 0x00007ffaff5ed820
 Begin Bits: [0x000002aaae180000, 0x000002aaaf180000)
 End Bits:   [0x000002aaaf180000, 0x000002aab0180000)

Polling page: 0x000002aa9a450000

Metaspace:

Usage:
  Non-class:     42.36 MB used.
      Class:      5.10 MB used.
       Both:     47.46 MB used.

Virtual space:
  Non-class space:       64.00 MB reserved,      42.94 MB ( 67%) committed,  1 nodes.
      Class space:        1.00 GB reserved,       5.50 MB ( <1%) committed,  1 nodes.
             Both:        1.06 GB reserved,      48.44 MB (  4%) committed. 

Chunk freelists:
   Non-Class:  5.03 MB
       Class:  10.45 MB
        Both:  15.48 MB

MaxMetaspaceSize: unlimited
CompressedClassSpaceSize: 1.00 GB
Initial GC threshold: 21.00 MB
Current GC threshold: 58.38 MB
CDS: off
MetaspaceReclaimPolicy: balanced
 - commit_granule_bytes: 65536.
 - commit_granule_words: 8192.
 - virtual_space_node_default_size: 8388608.
 - enlarge_chunks_in_place: 1.
 - new_chunks_are_fully_committed: 0.
 - uncommit_free_chunks: 1.
 - use_allocation_guard: 0.
 - handle_deallocations: 1.


Internal statistics:

num_allocs_failed_limit: 6.
num_arena_births: 696.
num_arena_deaths: 14.
num_vsnodes_births: 2.
num_vsnodes_deaths: 0.
num_space_committed: 775.
num_space_uncommitted: 0.
num_chunks_returned_to_freelist: 20.
num_chunks_taken_from_freelist: 2521.
num_chunk_merges: 8.
num_chunk_splits: 1567.
num_chunks_enlarged: 907.
num_inconsistent_stats: 0.

CodeHeap 'non-profiled nmethods': size=120000Kb used=2212Kb max_used=2427Kb free=117787Kb
 bounds [0x000002aaa6c50000, 0x000002aaa6ed0000, 0x000002aaae180000]
CodeHeap 'profiled nmethods': size=120000Kb used=8593Kb max_used=10237Kb free=111406Kb
 bounds [0x000002aa9f180000, 0x000002aa9fb80000, 0x000002aaa66b0000]
CodeHeap 'non-nmethods': size=5760Kb used=1306Kb max_used=1372Kb free=4453Kb
 bounds [0x000002aaa66b0000, 0x000002aaa6920000, 0x000002aaa6c50000]
 total_blobs=5118 nmethods=4494 adapters=538
 compilation: enabled
              stopped_count=0, restarted_count=0
 full_count=0

Compilation events (20 events):
Event: 6.132 Thread 0x000002aab551c940 nmethod 5263 0x000002aa9f2e4390 code [0x000002aa9f2e4540, 0x000002aa9f2e4838]
Event: 6.133 Thread 0x000002aab551c940 5264       3       com.google.inject.internal.KotlinSupport$KotlinUnsupported$$Lambda$269/0x0000000100475ff0::test (8 bytes)
Event: 6.133 Thread 0x000002aab551c940 nmethod 5264 0x000002aa9f254e10 code [0x000002aa9f254fc0, 0x000002aa9f255218]
Event: 6.133 Thread 0x000002aab551c940 5269   !   3       com.google.inject.spi.InjectionPoint::forMember (174 bytes)
Event: 6.134 Thread 0x000002aab551c940 nmethod 5269 0x000002aa9f1e9010 code [0x000002aa9f1e93c0, 0x000002aa9f1eafa8]
Event: 6.134 Thread 0x000002aab551c940 5271       3       com.google.inject.TypeLiteral::resolveAll (35 bytes)
Event: 6.135 Thread 0x000002aab551c940 nmethod 5271 0x000002aa9f2d8910 code [0x000002aa9f2d8b00, 0x000002aa9f2d90a8]
Event: 6.135 Thread 0x000002aab551c940 5272       3       sun.reflect.annotation.TypeAnnotationParser::buildAnnotatedTypes (307 bytes)
Event: 6.136 Thread 0x000002aab551c940 nmethod 5272 0x000002aa9f299890 code [0x000002aa9f299be0, 0x000002aa9f29b598]
Event: 6.136 Thread 0x000002aab551c940 5266       3       com.google.inject.internal.Scoping::makeInjectable (45 bytes)
Event: 6.137 Thread 0x000002aab551c940 nmethod 5266 0x000002aa9f31da90 code [0x000002aa9f31dca0, 0x000002aa9f31e308]
Event: 6.137 Thread 0x000002aab551c940 5268       3       java.lang.reflect.Executable::sharedGetParameterAnnotations (96 bytes)
Event: 6.138 Thread 0x000002aab551c940 nmethod 5268 0x000002aa9f780890 code [0x000002aa9f780b20, 0x000002aa9f7817d8]
Event: 6.138 Thread 0x000002aab551c940 5270       3       com.google.inject.TypeLiteral::getParameterTypes (115 bytes)
Event: 6.140 Thread 0x000002aab551c940 nmethod 5270 0x000002aa9f3aa010 code [0x000002aa9f3aa460, 0x000002aa9f3ac7d8]
Event: 6.140 Thread 0x000002aab551c940 5273       1       com.google.inject.internal.KotlinSupport$KotlinUnsupported::isLocalClass (2 bytes)
Event: 6.140 Thread 0x000002aab551c940 nmethod 5273 0x000002aaa6c88b10 code [0x000002aaa6c88ca0, 0x000002aaa6c88d78]
Event: 6.143 Thread 0x000002aab551c940 5275       3       sun.reflect.generics.reflectiveObjects.ParameterizedTypeImpl::validateConstructorArguments (82 bytes)
Event: 6.145 Thread 0x000002aab551c940 nmethod 5275 0x000002aa9f69a790 code [0x000002aa9f69aae0, 0x000002aa9f69c2b8]
Event: 6.146 Thread 0x000002aab551c940 5274       3       sun.reflect.generics.reflectiveObjects.ParameterizedTypeImpl::<init> (35 bytes)

GC Heap History (20 events):
Event: 3.957 GC heap before
{Heap before GC invocations=9 (full 1):
 PSYoungGen      total 27136K, used 27092K [0x00000000eab00000, 0x00000000eca00000, 0x0000000100000000)
  eden space 24576K, 99% used [0x00000000eab00000,0x00000000ec2f9700,0x00000000ec300000)
  from space 2560K, 99% used [0x00000000ec580000,0x00000000ec7fbc60,0x00000000ec800000)
  to   space 2048K, 0% used [0x00000000ec800000,0x00000000ec800000,0x00000000eca00000)
 ParOldGen       total 68608K, used 11053K [0x00000000c0000000, 0x00000000c4300000, 0x00000000eab00000)
  object space 68608K, 16% used [0x00000000c0000000,0x00000000c0acb4d0,0x00000000c4300000)
 Metaspace       used 29752K, committed 30464K, reserved 1114112K
  class space    used 2986K, committed 3264K, reserved 1048576K
}
Event: 3.959 GC heap after
{Heap after GC invocations=9 (full 1):
 PSYoungGen      total 26112K, used 2025K [0x00000000eab00000, 0x00000000eca00000, 0x0000000100000000)
  eden space 24064K, 0% used [0x00000000eab00000,0x00000000eab00000,0x00000000ec280000)
  from space 2048K, 98% used [0x00000000ec800000,0x00000000ec9fa688,0x00000000eca00000)
  to   space 3584K, 0% used [0x00000000ec300000,0x00000000ec300000,0x00000000ec680000)
 ParOldGen       total 68608K, used 12083K [0x00000000c0000000, 0x00000000c4300000, 0x00000000eab00000)
  object space 68608K, 17% used [0x00000000c0000000,0x00000000c0bcce20,0x00000000c4300000)
 Metaspace       used 29752K, committed 30464K, reserved 1114112K
  class space    used 2986K, committed 3264K, reserved 1048576K
}
Event: 4.171 GC heap before
{Heap before GC invocations=10 (full 1):
 PSYoungGen      total 26112K, used 26089K [0x00000000eab00000, 0x00000000eca00000, 0x0000000100000000)
  eden space 24064K, 100% used [0x00000000eab00000,0x00000000ec280000,0x00000000ec280000)
  from space 2048K, 98% used [0x00000000ec800000,0x00000000ec9fa688,0x00000000eca00000)
  to   space 3584K, 0% used [0x00000000ec300000,0x00000000ec300000,0x00000000ec680000)
 ParOldGen       total 68608K, used 12083K [0x00000000c0000000, 0x00000000c4300000, 0x00000000eab00000)
  object space 68608K, 17% used [0x00000000c0000000,0x00000000c0bcce20,0x00000000c4300000)
 Metaspace       used 32994K, committed 33792K, reserved 1114112K
  class space    used 3234K, committed 3584K, reserved 1048576K
}
Event: 4.174 GC heap after
{Heap after GC invocations=10 (full 1):
 PSYoungGen      total 26624K, used 2916K [0x00000000eab00000, 0x00000000ec880000, 0x0000000100000000)
  eden space 23552K, 0% used [0x00000000eab00000,0x00000000eab00000,0x00000000ec200000)
  from space 3072K, 94% used [0x00000000ec300000,0x00000000ec5d9270,0x00000000ec600000)
  to   space 2560K, 0% used [0x00000000ec600000,0x00000000ec600000,0x00000000ec880000)
 ParOldGen       total 68608K, used 13296K [0x00000000c0000000, 0x00000000c4300000, 0x00000000eab00000)
  object space 68608K, 19% used [0x00000000c0000000,0x00000000c0cfc208,0x00000000c4300000)
 Metaspace       used 32994K, committed 33792K, reserved 1114112K
  class space    used 3234K, committed 3584K, reserved 1048576K
}
Event: 4.517 GC heap before
{Heap before GC invocations=11 (full 1):
 PSYoungGen      total 26624K, used 26468K [0x00000000eab00000, 0x00000000ec880000, 0x0000000100000000)
  eden space 23552K, 100% used [0x00000000eab00000,0x00000000ec200000,0x00000000ec200000)
  from space 3072K, 94% used [0x00000000ec300000,0x00000000ec5d9270,0x00000000ec600000)
  to   space 2560K, 0% used [0x00000000ec600000,0x00000000ec600000,0x00000000ec880000)
 ParOldGen       total 68608K, used 13296K [0x00000000c0000000, 0x00000000c4300000, 0x00000000eab00000)
  object space 68608K, 19% used [0x00000000c0000000,0x00000000c0cfc208,0x00000000c4300000)
 Metaspace       used 34923K, committed 35648K, reserved 1114112K
  class space    used 3417K, committed 3712K, reserved 1048576K
}
Event: 4.518 GC heap after
{Heap after GC invocations=11 (full 1):
 PSYoungGen      total 25600K, used 2106K [0x00000000eab00000, 0x00000000ec880000, 0x0000000100000000)
  eden space 23040K, 0% used [0x00000000eab00000,0x00000000eab00000,0x00000000ec180000)
  from space 2560K, 82% used [0x00000000ec600000,0x00000000ec80ebe8,0x00000000ec880000)
  to   space 2560K, 0% used [0x00000000ec380000,0x00000000ec380000,0x00000000ec600000)
 ParOldGen       total 68608K, used 14924K [0x00000000c0000000, 0x00000000c4300000, 0x00000000eab00000)
  object space 68608K, 21% used [0x00000000c0000000,0x00000000c0e933a8,0x00000000c4300000)
 Metaspace       used 34923K, committed 35648K, reserved 1114112K
  class space    used 3417K, committed 3712K, reserved 1048576K
}
Event: 4.533 GC heap before
{Heap before GC invocations=12 (full 1):
 PSYoungGen      total 25600K, used 3002K [0x00000000eab00000, 0x00000000ec880000, 0x0000000100000000)
  eden space 23040K, 3% used [0x00000000eab00000,0x00000000eabdff10,0x00000000ec180000)
  from space 2560K, 82% used [0x00000000ec600000,0x00000000ec80ebe8,0x00000000ec880000)
  to   space 2560K, 0% used [0x00000000ec380000,0x00000000ec380000,0x00000000ec600000)
 ParOldGen       total 68608K, used 14924K [0x00000000c0000000, 0x00000000c4300000, 0x00000000eab00000)
  object space 68608K, 21% used [0x00000000c0000000,0x00000000c0e933a8,0x00000000c4300000)
 Metaspace       used 35022K, committed 35840K, reserved 1114112K
  class space    used 3432K, committed 3776K, reserved 1048576K
}
Event: 4.536 GC heap after
{Heap after GC invocations=12 (full 1):
 PSYoungGen      total 23552K, used 224K [0x00000000eab00000, 0x00000000ec680000, 0x0000000100000000)
  eden space 23040K, 0% used [0x00000000eab00000,0x00000000eab00000,0x00000000ec180000)
  from space 512K, 43% used [0x00000000ec380000,0x00000000ec3b8000,0x00000000ec400000)
  to   space 1024K, 0% used [0x00000000ec580000,0x00000000ec580000,0x00000000ec680000)
 ParOldGen       total 68608K, used 16924K [0x00000000c0000000, 0x00000000c4300000, 0x00000000eab00000)
  object space 68608K, 24% used [0x00000000c0000000,0x00000000c10871a0,0x00000000c4300000)
 Metaspace       used 35022K, committed 35840K, reserved 1114112K
  class space    used 3432K, committed 3776K, reserved 1048576K
}
Event: 4.536 GC heap before
{Heap before GC invocations=13 (full 2):
 PSYoungGen      total 23552K, used 224K [0x00000000eab00000, 0x00000000ec680000, 0x0000000100000000)
  eden space 23040K, 0% used [0x00000000eab00000,0x00000000eab00000,0x00000000ec180000)
  from space 512K, 43% used [0x00000000ec380000,0x00000000ec3b8000,0x00000000ec400000)
  to   space 1024K, 0% used [0x00000000ec580000,0x00000000ec580000,0x00000000ec680000)
 ParOldGen       total 68608K, used 16924K [0x00000000c0000000, 0x00000000c4300000, 0x00000000eab00000)
  object space 68608K, 24% used [0x00000000c0000000,0x00000000c10871a0,0x00000000c4300000)
 Metaspace       used 35022K, committed 35840K, reserved 1114112K
  class space    used 3432K, committed 3776K, reserved 1048576K
}
Event: 4.569 GC heap after
{Heap after GC invocations=13 (full 2):
 PSYoungGen      total 23552K, used 0K [0x00000000eab00000, 0x00000000ec680000, 0x0000000100000000)
  eden space 23040K, 0% used [0x00000000eab00000,0x00000000eab00000,0x00000000ec180000)
  from space 512K, 0% used [0x00000000ec380000,0x00000000ec380000,0x00000000ec400000)
  to   space 1024K, 0% used [0x00000000ec580000,0x00000000ec580000,0x00000000ec680000)
 ParOldGen       total 68608K, used 15217K [0x00000000c0000000, 0x00000000c4300000, 0x00000000eab00000)
  object space 68608K, 22% used [0x00000000c0000000,0x00000000c0edc7a0,0x00000000c4300000)
 Metaspace       used 35009K, committed 35840K, reserved 1114112K
  class space    used 3429K, committed 3776K, reserved 1048576K
}
Event: 4.927 GC heap before
{Heap before GC invocations=14 (full 2):
 PSYoungGen      total 23552K, used 23039K [0x00000000eab00000, 0x00000000ec680000, 0x0000000100000000)
  eden space 23040K, 99% used [0x00000000eab00000,0x00000000ec17fff8,0x00000000ec180000)
  from space 512K, 0% used [0x00000000ec380000,0x00000000ec380000,0x00000000ec400000)
  to   space 1024K, 0% used [0x00000000ec580000,0x00000000ec580000,0x00000000ec680000)
 ParOldGen       total 68608K, used 15217K [0x00000000c0000000, 0x00000000c4300000, 0x00000000eab00000)
  object space 68608K, 22% used [0x00000000c0000000,0x00000000c0edc7a0,0x00000000c4300000)
 Metaspace       used 38338K, committed 39232K, reserved 1114112K
  class space    used 3851K, committed 4224K, reserved 1048576K
}
Event: 4.929 GC heap after
{Heap after GC invocations=14 (full 2):
 PSYoungGen      total 23552K, used 1023K [0x00000000eab00000, 0x00000000ec680000, 0x0000000100000000)
  eden space 22528K, 0% used [0x00000000eab00000,0x00000000eab00000,0x00000000ec100000)
  from space 1024K, 99% used [0x00000000ec580000,0x00000000ec67fc30,0x00000000ec680000)
  to   space 1536K, 0% used [0x00000000ec380000,0x00000000ec380000,0x00000000ec500000)
 ParOldGen       total 68608K, used 15249K [0x00000000c0000000, 0x00000000c4300000, 0x00000000eab00000)
  object space 68608K, 22% used [0x00000000c0000000,0x00000000c0ee47a0,0x00000000c4300000)
 Metaspace       used 38338K, committed 39232K, reserved 1114112K
  class space    used 3851K, committed 4224K, reserved 1048576K
}
Event: 5.157 GC heap before
{Heap before GC invocations=15 (full 2):
 PSYoungGen      total 23552K, used 23526K [0x00000000eab00000, 0x00000000ec680000, 0x0000000100000000)
  eden space 22528K, 99% used [0x00000000eab00000,0x00000000ec0f9e18,0x00000000ec100000)
  from space 1024K, 99% used [0x00000000ec580000,0x00000000ec67fc30,0x00000000ec680000)
  to   space 1536K, 0% used [0x00000000ec380000,0x00000000ec380000,0x00000000ec500000)
 ParOldGen       total 68608K, used 15249K [0x00000000c0000000, 0x00000000c4300000, 0x00000000eab00000)
  object space 68608K, 22% used [0x00000000c0000000,0x00000000c0ee47a0,0x00000000c4300000)
 Metaspace       used 40927K, committed 41920K, reserved 1114112K
  class space    used 4221K, committed 4672K, reserved 1048576K
}
Event: 5.159 GC heap after
{Heap after GC invocations=15 (full 2):
 PSYoungGen      total 23552K, used 640K [0x00000000eab00000, 0x00000000ec600000, 0x0000000100000000)
  eden space 22016K, 0% used [0x00000000eab00000,0x00000000eab00000,0x00000000ec080000)
  from space 1536K, 41% used [0x00000000ec380000,0x00000000ec420000,0x00000000ec500000)
  to   space 1024K, 0% used [0x00000000ec500000,0x00000000ec500000,0x00000000ec600000)
 ParOldGen       total 68608K, used 16190K [0x00000000c0000000, 0x00000000c4300000, 0x00000000eab00000)
  object space 68608K, 23% used [0x00000000c0000000,0x00000000c0fcfb90,0x00000000c4300000)
 Metaspace       used 40927K, committed 41920K, reserved 1114112K
  class space    used 4221K, committed 4672K, reserved 1048576K
}
Event: 5.333 GC heap before
{Heap before GC invocations=16 (full 2):
 PSYoungGen      total 23552K, used 22656K [0x00000000eab00000, 0x00000000ec600000, 0x0000000100000000)
  eden space 22016K, 100% used [0x00000000eab00000,0x00000000ec080000,0x00000000ec080000)
  from space 1536K, 41% used [0x00000000ec380000,0x00000000ec420000,0x00000000ec500000)
  to   space 1024K, 0% used [0x00000000ec500000,0x00000000ec500000,0x00000000ec600000)
 ParOldGen       total 68608K, used 16190K [0x00000000c0000000, 0x00000000c4300000, 0x00000000eab00000)
  object space 68608K, 23% used [0x00000000c0000000,0x00000000c0fcfba8,0x00000000c4300000)
 Metaspace       used 42779K, committed 43776K, reserved 1114112K
  class space    used 4463K, committed 4928K, reserved 1048576K
}
Event: 5.335 GC heap after
{Heap after GC invocations=16 (full 2):
 PSYoungGen      total 23040K, used 832K [0x00000000eab00000, 0x00000000ec600000, 0x0000000100000000)
  eden space 22016K, 0% used [0x00000000eab00000,0x00000000eab00000,0x00000000ec080000)
  from space 1024K, 81% used [0x00000000ec500000,0x00000000ec5d0000,0x00000000ec600000)
  to   space 1024K, 0% used [0x00000000ec400000,0x00000000ec400000,0x00000000ec500000)
 ParOldGen       total 68608K, used 16784K [0x00000000c0000000, 0x00000000c4300000, 0x00000000eab00000)
  object space 68608K, 24% used [0x00000000c0000000,0x00000000c10643e8,0x00000000c4300000)
 Metaspace       used 42779K, committed 43776K, reserved 1114112K
  class space    used 4463K, committed 4928K, reserved 1048576K
}
Event: 5.453 GC heap before
{Heap before GC invocations=17 (full 2):
 PSYoungGen      total 23040K, used 22848K [0x00000000eab00000, 0x00000000ec600000, 0x0000000100000000)
  eden space 22016K, 100% used [0x00000000eab00000,0x00000000ec080000,0x00000000ec080000)
  from space 1024K, 81% used [0x00000000ec500000,0x00000000ec5d0000,0x00000000ec600000)
  to   space 1024K, 0% used [0x00000000ec400000,0x00000000ec400000,0x00000000ec500000)
 ParOldGen       total 68608K, used 16800K [0x00000000c0000000, 0x00000000c4300000, 0x00000000eab00000)
  object space 68608K, 24% used [0x00000000c0000000,0x00000000c1068060,0x00000000c4300000)
 Metaspace       used 43972K, committed 44992K, reserved 1114112K
  class space    used 4618K, committed 5056K, reserved 1048576K
}
Event: 5.456 GC heap after
{Heap after GC invocations=17 (full 2):
 PSYoungGen      total 23040K, used 964K [0x00000000eab00000, 0x00000000ec580000, 0x0000000100000000)
  eden space 22016K, 0% used [0x00000000eab00000,0x00000000eab00000,0x00000000ec080000)
  from space 1024K, 94% used [0x00000000ec400000,0x00000000ec4f1140,0x00000000ec500000)
  to   space 512K, 0% used [0x00000000ec500000,0x00000000ec500000,0x00000000ec580000)
 ParOldGen       total 68608K, used 17454K [0x00000000c0000000, 0x00000000c4300000, 0x00000000eab00000)
  object space 68608K, 25% used [0x00000000c0000000,0x00000000c110ba60,0x00000000c4300000)
 Metaspace       used 43972K, committed 44992K, reserved 1114112K
  class space    used 4618K, committed 5056K, reserved 1048576K
}
Event: 5.766 GC heap before
{Heap before GC invocations=18 (full 2):
 PSYoungGen      total 23040K, used 22980K [0x00000000eab00000, 0x00000000ec580000, 0x0000000100000000)
  eden space 22016K, 100% used [0x00000000eab00000,0x00000000ec080000,0x00000000ec080000)
  from space 1024K, 94% used [0x00000000ec400000,0x00000000ec4f1140,0x00000000ec500000)
  to   space 512K, 0% used [0x00000000ec500000,0x00000000ec500000,0x00000000ec580000)
 ParOldGen       total 68608K, used 17454K [0x00000000c0000000, 0x00000000c4300000, 0x00000000eab00000)
  object space 68608K, 25% used [0x00000000c0000000,0x00000000c110ba60,0x00000000c4300000)
 Metaspace       used 46434K, committed 47424K, reserved 1114112K
  class space    used 4931K, committed 5376K, reserved 1048576K
}
Event: 5.768 GC heap after
{Heap after GC invocations=18 (full 2):
 PSYoungGen      total 22528K, used 512K [0x00000000eab00000, 0x00000000ec580000, 0x0000000100000000)
  eden space 22016K, 0% used [0x00000000eab00000,0x00000000eab00000,0x00000000ec080000)
  from space 512K, 100% used [0x00000000ec500000,0x00000000ec580000,0x00000000ec580000)
  to   space 2560K, 0% used [0x00000000ec080000,0x00000000ec080000,0x00000000ec300000)
 ParOldGen       total 68608K, used 19161K [0x00000000c0000000, 0x00000000c4300000, 0x00000000eab00000)
  object space 68608K, 27% used [0x00000000c0000000,0x00000000c12b6648,0x00000000c4300000)
 Metaspace       used 46434K, committed 47424K, reserved 1114112K
  class space    used 4931K, committed 5376K, reserved 1048576K
}

Dll operation events (10 events):
Event: 0.018 Loaded shared library c:\Users\thinkpad\.vscode\extensions\redhat.java-1.32.0-win32-x64\jre\17.0.11-win32-x86_64\bin\java.dll
Event: 0.257 Loaded shared library c:\Users\thinkpad\.vscode\extensions\redhat.java-1.32.0-win32-x64\jre\17.0.11-win32-x86_64\bin\zip.dll
Event: 0.263 Loaded shared library C:\Users\thinkpad\.vscode\extensions\redhat.java-1.32.0-win32-x64\jre\17.0.11-win32-x86_64\bin\instrument.dll
Event: 0.301 Loaded shared library C:\Users\thinkpad\.vscode\extensions\redhat.java-1.32.0-win32-x64\jre\17.0.11-win32-x86_64\bin\net.dll
Event: 0.304 Loaded shared library C:\Users\thinkpad\.vscode\extensions\redhat.java-1.32.0-win32-x64\jre\17.0.11-win32-x86_64\bin\nio.dll
Event: 0.315 Loaded shared library C:\Users\thinkpad\.vscode\extensions\redhat.java-1.32.0-win32-x64\jre\17.0.11-win32-x86_64\bin\zip.dll
Event: 0.338 Loaded shared library C:\Users\thinkpad\.vscode\extensions\redhat.java-1.32.0-win32-x64\jre\17.0.11-win32-x86_64\bin\jimage.dll
Event: 0.430 Loaded shared library c:\Users\thinkpad\.vscode\extensions\redhat.java-1.32.0-win32-x64\jre\17.0.11-win32-x86_64\bin\verify.dll
Event: 1.675 Loaded shared library C:\Users\thinkpad\AppData\Roaming\Code\User\globalStorage\redhat.java\1.32.0\config_win\org.eclipse.equinox.launcher\org.eclipse.equinox.launcher.win32.win32.x86_64_1.2.1100.v20240613-2013\eclipse_11903.dll
Event: 4.790 Loaded shared library C:\Users\thinkpad\AppData\Local\Temp\jna-1224584801\jna14113141011766523676.dll

Deoptimization events (20 events):
Event: 6.021 Thread 0x000002aab7310f00 Uncommon trap: trap_request=0xffffffde fr.pc=0x000002aaa6e41b64 relative=0x0000000000000784
Event: 6.021 Thread 0x000002aab7310f00 Uncommon trap: reason=class_check action=maybe_recompile pc=0x000002aaa6e41b64 method=java.util.TreeMap.put(Ljava/lang/Object;Ljava/lang/Object;Z)Ljava/lang/Object; @ 118 c2
Event: 6.021 Thread 0x000002aab7310f00 DEOPT PACKING pc=0x000002aaa6e41b64 sp=0x000000d478bfdb70
Event: 6.021 Thread 0x000002aab7310f00 DEOPT UNPACKING pc=0x000002aaa6709ea3 sp=0x000000d478bfda98 mode 2
Event: 6.021 Thread 0x000002aab7310f00 Uncommon trap: trap_request=0xffffffde fr.pc=0x000002aaa6e41b64 relative=0x0000000000000784
Event: 6.021 Thread 0x000002aab7310f00 Uncommon trap: reason=class_check action=maybe_recompile pc=0x000002aaa6e41b64 method=java.util.TreeMap.put(Ljava/lang/Object;Ljava/lang/Object;Z)Ljava/lang/Object; @ 118 c2
Event: 6.021 Thread 0x000002aab7310f00 DEOPT PACKING pc=0x000002aaa6e41b64 sp=0x000000d478bfdb70
Event: 6.021 Thread 0x000002aab7310f00 DEOPT UNPACKING pc=0x000002aaa6709ea3 sp=0x000000d478bfda98 mode 2
Event: 6.021 Thread 0x000002aab7310f00 Uncommon trap: trap_request=0xffffffde fr.pc=0x000002aaa6e41b64 relative=0x0000000000000784
Event: 6.021 Thread 0x000002aab7310f00 Uncommon trap: reason=class_check action=maybe_recompile pc=0x000002aaa6e41b64 method=java.util.TreeMap.put(Ljava/lang/Object;Ljava/lang/Object;Z)Ljava/lang/Object; @ 118 c2
Event: 6.021 Thread 0x000002aab7310f00 DEOPT PACKING pc=0x000002aaa6e41b64 sp=0x000000d478bfdb70
Event: 6.021 Thread 0x000002aab7310f00 DEOPT UNPACKING pc=0x000002aaa6709ea3 sp=0x000000d478bfda98 mode 2
Event: 6.051 Thread 0x000002aab7310f00 Uncommon trap: trap_request=0xffffff45 fr.pc=0x000002aaa6d7f148 relative=0x00000000000001a8
Event: 6.051 Thread 0x000002aab7310f00 Uncommon trap: reason=unstable_if action=reinterpret pc=0x000002aaa6d7f148 method=java.lang.ClassLoader.checkName(Ljava/lang/String;)Z @ 1 c2
Event: 6.051 Thread 0x000002aab7310f00 DEOPT PACKING pc=0x000002aaa6d7f148 sp=0x000000d478bfd910
Event: 6.051 Thread 0x000002aab7310f00 DEOPT UNPACKING pc=0x000002aaa6709ea3 sp=0x000000d478bfd8a8 mode 2
Event: 6.051 Thread 0x000002aab7310f00 Uncommon trap: trap_request=0xffffff45 fr.pc=0x000002aaa6ce87c4 relative=0x0000000000001404
Event: 6.051 Thread 0x000002aab7310f00 Uncommon trap: reason=unstable_if action=reinterpret pc=0x000002aaa6ce87c4 method=lombok.patcher.ScriptManager$OurClassFileTransformer.transform(Ljava/lang/ClassLoader;Ljava/lang/String;Ljava/lang/Class;Ljava/security/ProtectionDomain;[B)[B @ 1 c2
Event: 6.051 Thread 0x000002aab7310f00 DEOPT PACKING pc=0x000002aaa6ce87c4 sp=0x000000d478bfc400
Event: 6.051 Thread 0x000002aab7310f00 DEOPT UNPACKING pc=0x000002aaa6709ea3 sp=0x000000d478bfc388 mode 2

Classes unloaded (7 events):
Event: 4.542 Thread 0x000002aa9c59e980 Unloading class 0x000000010024b400 'java/lang/invoke/LambdaForm$MH+0x000000010024b400'
Event: 4.542 Thread 0x000002aa9c59e980 Unloading class 0x000000010024b000 'java/lang/invoke/LambdaForm$MH+0x000000010024b000'
Event: 4.542 Thread 0x000002aa9c59e980 Unloading class 0x000000010024ac00 'java/lang/invoke/LambdaForm$MH+0x000000010024ac00'
Event: 4.542 Thread 0x000002aa9c59e980 Unloading class 0x000000010024a800 'java/lang/invoke/LambdaForm$MH+0x000000010024a800'
Event: 4.542 Thread 0x000002aa9c59e980 Unloading class 0x000000010024a400 'java/lang/invoke/LambdaForm$BMH+0x000000010024a400'
Event: 4.542 Thread 0x000002aa9c59e980 Unloading class 0x000000010024a000 'java/lang/invoke/LambdaForm$DMH+0x000000010024a000'
Event: 4.542 Thread 0x000002aa9c59e980 Unloading class 0x0000000100244400 'java/lang/invoke/LambdaForm$DMH+0x0000000100244400'

Classes redefined (0 events):
No events

Internal exceptions (20 events):
Event: 4.836 Thread 0x000002aab74441a0 Exception <a 'java/io/FileNotFoundException'{0x00000000eb6930f0}> (0x00000000eb6930f0) 
thrown [s\src\hotspot\share\prims\jni.cpp, line 516]
Event: 4.861 Thread 0x000002aab74441a0 Exception <a 'java/lang/UnsatisfiedLinkError'{0x00000000eb9ef708}: La procédure spécifiée est introuvable.
> (0x00000000eb9ef708) 
thrown [s\src\hotspot\share\prims\jni.cpp, line 535]
Event: 4.963 Thread 0x000002aab7310f00 Exception <a 'java/lang/NoSuchMethodError'{0x00000000eae6ff18}: 'int java.lang.invoke.DirectMethodHandle$Holder.invokeSpecialIFC(java.lang.Object, java.lang.Object, java.lang.Object, java.lang.Object, java.lang.Object)'> (0x00000000eae6ff18) 
thrown [s\src\hotspot\share\interpreter\linkResolver.cpp, line 759]
Event: 4.976 Thread 0x000002aa9c4f14e0 Exception <a 'java/lang/NoSuchMethodError'{0x00000000eb01d478}: 'java.lang.Object java.lang.invoke.DirectMethodHandle$Holder.invokeStatic(java.lang.Object, java.lang.Object, long, java.lang.Object)'> (0x00000000eb01d478) 
thrown [s\src\hotspot\share\interpreter\linkResolver.cpp, line 759]
Event: 4.977 Thread 0x000002aa9c4f14e0 Exception <a 'java/lang/NoSuchMethodError'{0x00000000eb03d800}: 'java.lang.Object java.lang.invoke.DirectMethodHandle$Holder.invokeStaticInit(java.lang.Object, java.lang.Object, long, java.lang.Object)'> (0x00000000eb03d800) 
thrown [s\src\hotspot\share\interpreter\linkResolver.cpp, line 759]
Event: 4.978 Thread 0x000002aa9c4f14e0 Exception <a 'java/lang/NoSuchMethodError'{0x00000000eb044070}: 'java.lang.Object java.lang.invoke.DirectMethodHandle$Holder.newInvokeSpecial(java.lang.Object, java.lang.Object, long)'> (0x00000000eb044070) 
thrown [s\src\hotspot\share\interpreter\linkResolver.cpp, line 759]
Event: 5.057 Thread 0x000002aa9c4f14e0 Exception <a 'java/lang/NoSuchMethodError'{0x00000000eb653c58}: 'void java.lang.invoke.DirectMethodHandle$Holder.invokeStatic(java.lang.Object, java.lang.Object, java.lang.Object, java.lang.Object)'> (0x00000000eb653c58) 
thrown [s\src\hotspot\share\interpreter\linkResolver.cpp, line 759]
Event: 5.108 Thread 0x000002aab7310f00 Exception <a 'java/lang/NoClassDefFoundError'{0x00000000ebbca1e8}: javax/enterprise/inject/Typed> (0x00000000ebbca1e8) 
thrown [s\src\hotspot\share\classfile\systemDictionary.cpp, line 245]
Event: 5.252 Thread 0x000002aa9c4f14e0 Exception <a 'java/lang/NoSuchMethodError'{0x00000000eb8b2350}: 'void java.lang.invoke.DirectMethodHandle$Holder.invokeSpecial(java.lang.Object, java.lang.Object, java.lang.Object, java.lang.Object, java.lang.Object, java.lang.Object)'> (0x00000000eb8b2350) 
thrown [s\src\hotspot\share\interpreter\linkResolver.cpp, line 759]
Event: 5.254 Thread 0x000002aa9c4f14e0 Exception <a 'java/lang/IncompatibleClassChangeError'{0x00000000eb8f38a0}: Found class java.lang.Object, but interface was expected> (0x00000000eb8f38a0) 
thrown [s\src\hotspot\share\interpreter\linkResolver.cpp, line 826]
Event: 5.499 Thread 0x000002aab7d97ec0 Exception <a 'java/io/FileNotFoundException'{0x00000000eb094ff8}> (0x00000000eb094ff8) 
thrown [s\src\hotspot\share\prims\jni.cpp, line 516]
Event: 5.535 Thread 0x000002aab7d97ec0 Exception <a 'java/lang/NoSuchMethodError'{0x00000000eb3d6558}: 'int java.lang.invoke.DirectMethodHandle$Holder.invokeSpecial(java.lang.Object, java.lang.Object, java.lang.Object, java.lang.Object)'> (0x00000000eb3d6558) 
thrown [s\src\hotspot\share\interpreter\linkResolver.cpp, line 759]
Event: 5.539 Thread 0x000002aab7d97ec0 Exception <a 'java/lang/NoSuchMethodError'{0x00000000eb41c898}: 'java.lang.Object java.lang.invoke.DirectMethodHandle$Holder.invokeStatic(java.lang.Object, int, java.lang.Object, java.lang.Object)'> (0x00000000eb41c898) 
thrown [s\src\hotspot\share\interpreter\linkResolver.cpp, line 759]
Event: 5.539 Thread 0x000002aab7d97ec0 Exception <a 'java/lang/NoSuchMethodError'{0x00000000eb4203d0}: 'java.lang.Object java.lang.invoke.DelegatingMethodHandle$Holder.delegate(java.lang.Object, int, java.lang.Object, java.lang.Object)'> (0x00000000eb4203d0) 
thrown [s\src\hotspot\share\interpreter\linkResolver.cpp, line 759]
Event: 5.543 Thread 0x000002aab7d97ec0 Exception <a 'java/lang/NoSuchMethodError'{0x00000000eb45eab8}: 'int java.lang.invoke.Invokers$Holder.linkToTargetMethod(java.lang.Object, java.lang.Object, java.lang.Object)'> (0x00000000eb45eab8) 
thrown [s\src\hotspot\share\interpreter\linkResolver.cpp, line 759]
Event: 6.011 Thread 0x000002aab7310f00 Exception <a 'java/lang/NoSuchMethodError'{0x00000000eb612978}: 'void java.lang.invoke.DirectMethodHandle$Holder.invokeStaticInit(java.lang.Object, java.lang.Object, java.lang.Object)'> (0x00000000eb612978) 
thrown [s\src\hotspot\share\interpreter\linkResolver.cpp, line 759]
Event: 6.016 Thread 0x000002aab7310f00 Exception <a 'java/lang/ExceptionInInitializerError'{0x00000000eb648f98}> (0x00000000eb648f98) 
thrown [s\src\hotspot\share\oops\instanceKlass.cpp, line 1218]
Event: 6.051 Thread 0x000002aab7310f00 Implicit null exception at 0x000002aaa6d7efaf to 0x000002aaa6d7f13c
Event: 6.051 Thread 0x000002aab7310f00 Implicit null exception at 0x000002aaa6ce7409 to 0x000002aaa6ce87a4
Event: 6.053 Thread 0x000002aab7310f00 Exception <a 'java/lang/NoSuchMethodError'{0x00000000eb7d1d10}: 'java.lang.Object java.lang.invoke.Invokers$Holder.invokeExact_MT(java.lang.Object, int, java.lang.Object)'> (0x00000000eb7d1d10) 
thrown [s\src\hotspot\share\interpreter\linkResolver.cpp, line 759]

VM Operations (20 events):
Event: 5.453 Executing VM operation: ParallelGCFailedAllocation
Event: 5.456 Executing VM operation: ParallelGCFailedAllocation done
Event: 5.538 Executing VM operation: HandshakeAllThreads
Event: 5.538 Executing VM operation: HandshakeAllThreads done
Event: 5.572 Executing VM operation: HandshakeAllThreads
Event: 5.572 Executing VM operation: HandshakeAllThreads done
Event: 5.572 Executing VM operation: HandshakeAllThreads
Event: 5.572 Executing VM operation: HandshakeAllThreads done
Event: 5.583 Executing VM operation: HandshakeAllThreads
Event: 5.583 Executing VM operation: HandshakeAllThreads done
Event: 5.594 Executing VM operation: HandshakeAllThreads
Event: 5.594 Executing VM operation: HandshakeAllThreads done
Event: 5.594 Executing VM operation: HandshakeAllThreads
Event: 5.594 Executing VM operation: HandshakeAllThreads done
Event: 5.766 Executing VM operation: ParallelGCFailedAllocation
Event: 5.768 Executing VM operation: ParallelGCFailedAllocation done
Event: 5.835 Executing VM operation: HandshakeAllThreads
Event: 5.835 Executing VM operation: HandshakeAllThreads done
Event: 6.094 Executing VM operation: HandshakeAllThreads
Event: 6.094 Executing VM operation: HandshakeAllThreads done

Events (20 events):
Event: 5.602 Thread 0x000002aab5527600 flushing nmethod 0x000002aa9fb50790
Event: 5.602 Thread 0x000002aab5527600 flushing nmethod 0x000002aa9fb5fe90
Event: 5.752 loading class java/util/concurrent/CompletionService
Event: 5.752 loading class java/util/concurrent/CompletionService done
Event: 5.823 loading class sun/reflect/generics/scope/ConstructorScope
Event: 5.823 loading class sun/reflect/generics/scope/ConstructorScope done
Event: 5.824 loading class sun/reflect/generics/tree/VoidDescriptor
Event: 5.824 loading class sun/reflect/generics/tree/VoidDescriptor done
Event: 5.834 loading class java/nio/channels/SocketChannel
Event: 5.834 loading class java/nio/channels/NetworkChannel
Event: 5.834 loading class java/nio/channels/NetworkChannel done
Event: 5.834 loading class java/nio/channels/spi/AbstractSelectableChannel
Event: 5.835 loading class java/nio/channels/spi/AbstractSelectableChannel done
Event: 5.835 loading class java/nio/channels/SocketChannel done
Event: 5.836 loading class java/nio/channels/ServerSocketChannel
Event: 5.836 loading class java/nio/channels/ServerSocketChannel done
Event: 6.015 loading class java/lang/ExceptionInInitializerError
Event: 6.015 loading class java/lang/ExceptionInInitializerError done
Event: 6.052 loading class java/util/function/ToIntFunction
Event: 6.052 loading class java/util/function/ToIntFunction done


Dynamic libraries:
0x00007ff6dd070000 - 0x00007ff6dd07e000 	c:\Users\thinkpad\.vscode\extensions\redhat.java-1.32.0-win32-x64\jre\17.0.11-win32-x86_64\bin\java.exe
0x00007ffb48d90000 - 0x00007ffb48fa7000 	C:\WINDOWS\SYSTEM32\ntdll.dll
0x00007ffb47c60000 - 0x00007ffb47d24000 	C:\WINDOWS\System32\KERNEL32.DLL
0x00007ffb46210000 - 0x00007ffb465bc000 	C:\WINDOWS\System32\KERNELBASE.dll
0x00007ffb465c0000 - 0x00007ffb466d1000 	C:\WINDOWS\System32\ucrtbase.dll
0x00007ffb2ce90000 - 0x00007ffb2cea7000 	c:\Users\thinkpad\.vscode\extensions\redhat.java-1.32.0-win32-x64\jre\17.0.11-win32-x86_64\bin\jli.dll
0x00007ffb47540000 - 0x00007ffb476ee000 	C:\WINDOWS\System32\USER32.dll
0x00007ffb461e0000 - 0x00007ffb46206000 	C:\WINDOWS\System32\win32u.dll
0x00007ffb47f30000 - 0x00007ffb47f59000 	C:\WINDOWS\System32\GDI32.dll
0x00007ffb460c0000 - 0x00007ffb461d9000 	C:\WINDOWS\System32\gdi32full.dll
0x00007ffb46850000 - 0x00007ffb468ea000 	C:\WINDOWS\System32\msvcp_win.dll
0x00007ffb2c490000 - 0x00007ffb2c4ab000 	c:\Users\thinkpad\.vscode\extensions\redhat.java-1.32.0-win32-x64\jre\17.0.11-win32-x86_64\bin\VCRUNTIME140.dll
0x00007ffb2dad0000 - 0x00007ffb2dd63000 	C:\WINDOWS\WinSxS\amd64_microsoft.windows.common-controls_6595b64144ccf1df_6.0.22621.3672_none_2713b9d173822955\COMCTL32.dll
0x00007ffb48ba0000 - 0x00007ffb48c47000 	C:\WINDOWS\System32\msvcrt.dll
0x00007ffb46b20000 - 0x00007ffb46b51000 	C:\WINDOWS\System32\IMM32.DLL
0x00007ffb41810000 - 0x00007ffb4181c000 	c:\Users\thinkpad\.vscode\extensions\redhat.java-1.32.0-win32-x64\jre\17.0.11-win32-x86_64\bin\vcruntime140_1.dll
0x00007ffb18cb0000 - 0x00007ffb18d3d000 	c:\Users\thinkpad\.vscode\extensions\redhat.java-1.32.0-win32-x64\jre\17.0.11-win32-x86_64\bin\msvcp140.dll
0x00007ffafea50000 - 0x00007ffaff6b2000 	c:\Users\thinkpad\.vscode\extensions\redhat.java-1.32.0-win32-x64\jre\17.0.11-win32-x86_64\bin\server\jvm.dll
0x00007ffb48ac0000 - 0x00007ffb48b72000 	C:\WINDOWS\System32\ADVAPI32.dll
0x00007ffb48060000 - 0x00007ffb4810a000 	C:\WINDOWS\System32\sechost.dll
0x00007ffb46a20000 - 0x00007ffb46a48000 	C:\WINDOWS\System32\bcrypt.dll
0x00007ffb48990000 - 0x00007ffb48aa5000 	C:\WINDOWS\System32\RPCRT4.dll
0x00007ffb45060000 - 0x00007ffb450ad000 	C:\WINDOWS\SYSTEM32\POWRPROF.dll
0x00007ffb42e20000 - 0x00007ffb42e29000 	C:\WINDOWS\SYSTEM32\WSOCK32.dll
0x00007ffb48c50000 - 0x00007ffb48cc1000 	C:\WINDOWS\System32\WS2_32.dll
0x00007ffb40870000 - 0x00007ffb408a4000 	C:\WINDOWS\SYSTEM32\WINMM.dll
0x00007ffb3d4d0000 - 0x00007ffb3d4da000 	C:\WINDOWS\SYSTEM32\VERSION.dll
0x00007ffb44f90000 - 0x00007ffb44fa3000 	C:\WINDOWS\SYSTEM32\UMPDC.dll
0x00007ffb451a0000 - 0x00007ffb451b8000 	C:\WINDOWS\SYSTEM32\kernel.appcore.dll
0x00007ffb3dac0000 - 0x00007ffb3daca000 	c:\Users\thinkpad\.vscode\extensions\redhat.java-1.32.0-win32-x64\jre\17.0.11-win32-x86_64\bin\jimage.dll
0x00007ffb43750000 - 0x00007ffb43982000 	C:\WINDOWS\SYSTEM32\DBGHELP.DLL
0x00007ffb46b70000 - 0x00007ffb46ef8000 	C:\WINDOWS\System32\combase.dll
0x00007ffb47b70000 - 0x00007ffb47c47000 	C:\WINDOWS\System32\OLEAUT32.dll
0x00007ffb18d40000 - 0x00007ffb18d72000 	C:\WINDOWS\SYSTEM32\dbgcore.DLL
0x00007ffb46a50000 - 0x00007ffb46acb000 	C:\WINDOWS\System32\bcryptPrimitives.dll
0x00007ffb3d630000 - 0x00007ffb3d63e000 	c:\Users\thinkpad\.vscode\extensions\redhat.java-1.32.0-win32-x64\jre\17.0.11-win32-x86_64\bin\instrument.dll
0x00007ffb2c320000 - 0x00007ffb2c345000 	c:\Users\thinkpad\.vscode\extensions\redhat.java-1.32.0-win32-x64\jre\17.0.11-win32-x86_64\bin\java.dll
0x00007ffb266d0000 - 0x00007ffb266e8000 	c:\Users\thinkpad\.vscode\extensions\redhat.java-1.32.0-win32-x64\jre\17.0.11-win32-x86_64\bin\zip.dll
0x00007ffb48130000 - 0x00007ffb4898c000 	C:\WINDOWS\System32\SHELL32.dll
0x00007ffb43fc0000 - 0x00007ffb448b7000 	C:\WINDOWS\SYSTEM32\windows.storage.dll
0x00007ffb43e80000 - 0x00007ffb43fbf000 	C:\WINDOWS\SYSTEM32\wintypes.dll
0x00007ffb47380000 - 0x00007ffb47474000 	C:\WINDOWS\System32\SHCORE.dll
0x00007ffb47480000 - 0x00007ffb474de000 	C:\WINDOWS\System32\shlwapi.dll
0x00007ffb45ff0000 - 0x00007ffb46011000 	C:\WINDOWS\SYSTEM32\profapi.dll
0x00007ffb264b0000 - 0x00007ffb264c9000 	C:\Users\thinkpad\.vscode\extensions\redhat.java-1.32.0-win32-x64\jre\17.0.11-win32-x86_64\bin\net.dll
0x00007ffb41420000 - 0x00007ffb41556000 	C:\WINDOWS\SYSTEM32\WINHTTP.dll
0x00007ffb45600000 - 0x00007ffb45669000 	C:\WINDOWS\system32\mswsock.dll
0x00007ffb26490000 - 0x00007ffb264a6000 	C:\Users\thinkpad\.vscode\extensions\redhat.java-1.32.0-win32-x64\jre\17.0.11-win32-x86_64\bin\nio.dll
0x00007ffb3d240000 - 0x00007ffb3d250000 	c:\Users\thinkpad\.vscode\extensions\redhat.java-1.32.0-win32-x64\jre\17.0.11-win32-x86_64\bin\verify.dll
0x00007ffb25fb0000 - 0x00007ffb25ff4000 	C:\Users\thinkpad\AppData\Roaming\Code\User\globalStorage\redhat.java\1.32.0\config_win\org.eclipse.equinox.launcher\org.eclipse.equinox.launcher.win32.win32.x86_64_1.2.1100.v20240613-2013\eclipse_11903.dll
0x00007ffb477a0000 - 0x00007ffb47945000 	C:\WINDOWS\System32\ole32.dll
0x00007ffb45950000 - 0x00007ffb4596b000 	C:\WINDOWS\SYSTEM32\CRYPTSP.dll
0x00007ffb45100000 - 0x00007ffb45135000 	C:\WINDOWS\system32\rsaenh.dll
0x00007ffb456a0000 - 0x00007ffb456c8000 	C:\WINDOWS\SYSTEM32\USERENV.dll
0x00007ffb45930000 - 0x00007ffb4593c000 	C:\WINDOWS\SYSTEM32\CRYPTBASE.dll
0x00007ffb44b60000 - 0x00007ffb44b8d000 	C:\WINDOWS\SYSTEM32\IPHLPAPI.DLL
0x00007ffb48ab0000 - 0x00007ffb48ab9000 	C:\WINDOWS\System32\NSI.dll
0x00007ffb41720000 - 0x00007ffb41739000 	C:\WINDOWS\SYSTEM32\dhcpcsvc6.DLL
0x00007ffb40e20000 - 0x00007ffb40e3f000 	C:\WINDOWS\SYSTEM32\dhcpcsvc.DLL
0x00007ffb44b90000 - 0x00007ffb44c88000 	C:\WINDOWS\SYSTEM32\DNSAPI.dll
0x00007ffb238d0000 - 0x00007ffb23915000 	C:\Users\thinkpad\AppData\Local\Temp\jna-1224584801\jna14113141011766523676.dll
0x00007ffb47c50000 - 0x00007ffb47c58000 	C:\WINDOWS\System32\PSAPI.DLL

dbghelp: loaded successfully - version: 4.0.5 - missing functions: none
symbol engine: initialized successfully - sym options: 0x614 - pdb path: .;c:\Users\thinkpad\.vscode\extensions\redhat.java-1.32.0-win32-x64\jre\17.0.11-win32-x86_64\bin;C:\WINDOWS\SYSTEM32;C:\WINDOWS\WinSxS\amd64_microsoft.windows.common-controls_6595b64144ccf1df_6.0.22621.3672_none_2713b9d173822955;c:\Users\thinkpad\.vscode\extensions\redhat.java-1.32.0-win32-x64\jre\17.0.11-win32-x86_64\bin\server;C:\Users\thinkpad\AppData\Roaming\Code\User\globalStorage\redhat.java\1.32.0\config_win\org.eclipse.equinox.launcher\org.eclipse.equinox.launcher.win32.win32.x86_64_1.2.1100.v20240613-2013;C:\Users\thinkpad\AppData\Local\Temp\jna-1224584801

VM Arguments:
jvm_args: --add-modules=ALL-SYSTEM --add-opens=java.base/java.util=ALL-UNNAMED --add-opens=java.base/java.lang=ALL-UNNAMED --add-opens=java.base/sun.nio.fs=ALL-UNNAMED -Declipse.application=org.eclipse.jdt.ls.core.id1 -Dosgi.bundles.defaultStartLevel=4 -Declipse.product=org.eclipse.jdt.ls.core.product -Djava.import.generatesMetadataFilesAtProjectRoot=false -DDetectVMInstallationsJob.disabled=true -Dfile.encoding=utf8 -XX:+UseParallelGC -XX:GCTimeRatio=4 -XX:AdaptiveSizePolicyWeight=90 -Dsun.zip.disableMemoryMapping=true -Xmx1G -Xms100m -Xlog:disable -javaagent:c:\Users\thinkpad\.vscode\extensions\redhat.java-1.32.0-win32-x64\lombok\lombok-1.18.33.jar -XX:+HeapDumpOnOutOfMemoryError -XX:HeapDumpPath=c:\Users\thinkpad\AppData\Roaming\Code\User\workspaceStorage\51565181f65691b3f7f12234beb67880\redhat.java -Daether.dependencyCollector.impl=bf 
java_command: c:\Users\thinkpad\.vscode\extensions\redhat.java-1.32.0-win32-x64\server\plugins\org.eclipse.equinox.launcher_1.6.900.v20240613-2009.jar -configuration c:\Users\thinkpad\AppData\Roaming\Code\User\globalStorage\redhat.java\1.32.0\config_win -data c:\Users\thinkpad\AppData\Roaming\Code\User\workspaceStorage\51565181f65691b3f7f12234beb67880\redhat.java\jdt_ws --pipe=\\.\pipe\lsp-d3a86408c138e5771e2e62614c06dc53-sock
java_class_path (initial): c:\Users\thinkpad\.vscode\extensions\redhat.java-1.32.0-win32-x64\server\plugins\org.eclipse.equinox.launcher_1.6.900.v20240613-2009.jar
Launcher Type: SUN_STANDARD

[Global flags]
    uintx AdaptiveSizePolicyWeight                 = 90                                        {product} {command line}
     intx CICompilerCount                          = 4                                         {product} {ergonomic}
    uintx GCTimeRatio                              = 4                                         {product} {command line}
     bool HeapDumpOnOutOfMemoryError               = true                                   {manageable} {command line}
    ccstr HeapDumpPath                             = c:\Users\thinkpad\AppData\Roaming\Code\User\workspaceStorage\51565181f65691b3f7f12234beb67880\redhat.java         {manageable} {command line}
   size_t InitialHeapSize                          = 104857600                                 {product} {command line}
   size_t MaxHeapSize                              = 1073741824                                {product} {command line}
   size_t MaxNewSize                               = 357564416                                 {product} {ergonomic}
   size_t MinHeapDeltaBytes                        = 524288                                    {product} {ergonomic}
   size_t MinHeapSize                              = 104857600                                 {product} {command line}
   size_t NewSize                                  = 34603008                                  {product} {ergonomic}
    uintx NonNMethodCodeHeapSize                   = 5839372                                {pd product} {ergonomic}
    uintx NonProfiledCodeHeapSize                  = 122909434                              {pd product} {ergonomic}
   size_t OldSize                                  = 70254592                                  {product} {ergonomic}
    uintx ProfiledCodeHeapSize                     = 122909434                              {pd product} {ergonomic}
    uintx ReservedCodeCacheSize                    = 251658240                              {pd product} {ergonomic}
     bool SegmentedCodeCache                       = true                                      {product} {ergonomic}
   size_t SoftMaxHeapSize                          = 1073741824                             {manageable} {ergonomic}
     bool UseCompressedClassPointers               = true                           {product lp64_product} {ergonomic}
     bool UseCompressedOops                        = true                           {product lp64_product} {ergonomic}
     bool UseLargePagesIndividualAllocation        = false                                  {pd product} {ergonomic}
     bool UseParallelGC                            = true                                      {product} {command line}

Logging:
Log output configuration:
 #0: stdout all=off uptime,level,tags
 #1: stderr all=off uptime,level,tags

Environment Variables:
JAVA_HOME=C:\Program Files\Java\jdk-11
PATH=C:\Program Files\Common Files\Oracle\Java\javapath;C:\WINDOWS\system32;C:\WINDOWS;C:\WINDOWS\System32\Wbem;C:\WINDOWS\System32\WindowsPowerShell\v1.0\;C:\WINDOWS\System32\OpenSSH\;C:\xampp\php;C:\Program Files\Java\jdk-11\bin;C:\ProgramData\ComposerSetup\bin;C:\xampp\php;C:\Program Files\Docker\Docker\resources\bin;C:\Program Files\nodejs\;C:\Program Files\Java\jdk-21\bin;C:\Program Files\Java\jdk-11\bin;C:\Program Files\Git\cmd;C:\Users\thinkpad\scoop\shims;C:\Program Files\Elixir\bin;C:\Program Files\Erlang OTP\bin;C:\Users\thinkpad\AppData\Local\Programs\Python\Python310\Scripts\;C:\Users\thinkpad\AppData\Local\Programs\Python\Python310\;C:\Users\thinkpad\AppData\Local\Microsoft\WindowsApps;C:\Users\thinkpad\AppData\Local\Programs\Microsoft VS Code\bin;C:\xampp\htdocs\server\php;C:\Users\thinkpad\AppData\Local\Programs\mongosh\;C:\Users\thinkpad\AppData\Roaming\Composer\vendor\bin;C:\Users\thinkpad\AppData\Roaming\npm
USERNAME=thinkpad
OS=Windows_NT
PROCESSOR_IDENTIFIER=Intel64 Family 6 Model 126 Stepping 5, GenuineIntel
TMP=C:\Users\thinkpad\AppData\Local\Temp
TEMP=C:\Users\thinkpad\AppData\Local\Temp



Periodic native trim disabled


---------------  S Y S T E M  ---------------

OS:
 Windows 11 , 64 bit Build 22621 (10.0.22621.3672)
OS uptime: 0 days 2:27 hours
Hyper-V role detected

CPU: total 8 (initial active 8) (4 cores per cpu, 2 threads per core) family 6 model 126 stepping 5 microcode 0xa6, cx8, cmov, fxsr, ht, mmx, 3dnowpref, sse, sse2, sse3, ssse3, sse4.1, sse4.2, popcnt, lzcnt, tsc, tscinvbit, avx, avx2, aes, erms, clmul, bmi1, bmi2, adx, avx512f, avx512dq, avx512cd, avx512bw, avx512vl, sha, fma, vzeroupper, avx512_vpopcntdq, avx512_vpclmulqdq, avx512_vaes, avx512_vnni, clflush, clflushopt, avx512_vbmi2, avx512_vbmi, hv
Processor Information for all 8 processors :
  Max Mhz: 1190, Current Mhz: 991, Mhz Limit: 987

Memory: 4k page, system-wide physical 7997M (871M free)
TotalPageFile size 10045M (AvailPageFile size 13M)
current process WorkingSet (physical memory assigned to process): 224M, peak: 225M
current process commit charge ("private bytes"): 316M, peak: 320M

vm_info: OpenJDK 64-Bit Server VM (17.0.11+9) for windows-amd64 JRE (17.0.11+9), built on Apr 17 2024 06:07:48 by "admin" with MS VC++ 16.10 / 16.11 (VS2019)

END.
