#
# There is insufficient memory for the Java Runtime Environment to continue.
# Native memory allocation (malloc) failed to allocate 144496 bytes. Error detail: Chunk::new
# Possible reasons:
#   The system is out of physical RAM or swap space
#   This process is running with CompressedOops enabled, and the Java Heap may be blocking the growth of the native heap
# Possible solutions:
#   Reduce memory load on the system
#   Increase physical memory or swap space
#   Check if swap backing store is full
#   Decrease Java heap size (-Xmx/-Xms)
#   Decrease number of Java threads
#   Decrease Java thread stack sizes (-Xss)
#   Set larger code cache with -XX:ReservedCodeCacheSize=
#   JVM is running with Unscaled Compressed Oops mode in which the Java heap is
#     placed in the first 4GB address space. The Java Heap base address is the
#     maximum limit for the native heap growth. Please use -XX:HeapBaseMinAddress
#     to set the Java Heap base and to place the Java Heap above 4GB virtual address.
# This output file may be truncated or incomplete.
#
#  Out of Memory Error (arena.cpp:191), pid=14328, tid=2648
#
# JRE version: OpenJDK Runtime Environment Temurin-17.0.11+9 (17.0.11+9) (build 17.0.11+9)
# Java VM: OpenJDK 64-Bit Server VM Temurin-17.0.11+9 (17.0.11+9, mixed mode, tiered, compressed oops, compressed class ptrs, parallel gc, windows-amd64)
# No core dump will be written. Minidumps are not enabled by default on client versions of Windows
#

---------------  S U M M A R Y ------------

Command Line: --add-modules=ALL-SYSTEM --add-opens=java.base/java.util=ALL-UNNAMED --add-opens=java.base/java.lang=ALL-UNNAMED --add-opens=java.base/sun.nio.fs=ALL-UNNAMED -Declipse.application=org.eclipse.jdt.ls.core.id1 -Dosgi.bundles.defaultStartLevel=4 -Declipse.product=org.eclipse.jdt.ls.core.product -Djava.import.generatesMetadataFilesAtProjectRoot=false -DDetectVMInstallationsJob.disabled=true -Dfile.encoding=utf8 -XX:+UseParallelGC -XX:GCTimeRatio=4 -XX:AdaptiveSizePolicyWeight=90 -Dsun.zip.disableMemoryMapping=true -Xmx1G -Xms100m -Xlog:disable -javaagent:c:\Users\thinkpad\.vscode\extensions\redhat.java-1.32.0-win32-x64\lombok\lombok-1.18.33.jar c:\Users\thinkpad\.vscode\extensions\redhat.java-1.32.0-win32-x64\server\plugins\org.eclipse.equinox.launcher_1.6.900.v20240613-2009.jar -configuration c:\Users\thinkpad\AppData\Roaming\Code\User\globalStorage\redhat.java\1.32.0\config_ss_win -data c:\Users\thinkpad\AppData\Roaming\Code\User\workspaceStorage\51565181f65691b3f7f12234beb67880\redhat.java\ss_ws --pipe=\\.\pipe\lsp-8ae4fbc35f7071ad87f3c6d3bf39a46c-sock

Host: Intel(R) Core(TM) i5-1035G1 CPU @ 1.00GHz, 8 cores, 7G,  Windows 11 , 64 bit Build 22621 (10.0.22621.3672)
Time: Sun Jul  7 23:51:52 2024 Maroc (heure d64 bit Build 22621 (10.0.22621.3672) elapsed time: 2.151388 seconds (0d 0h 0m 2s)

---------------  T H R E A D  ---------------

Current thread (0x0000026098d3b870):  JavaThread "C2 CompilerThread0" daemon [_thread_in_native, id=2648, stack(0x000000a4b2a00000,0x000000a4b2b00000)]


Current CompileTask:
C2:   2151 1168       4       java.util.HashMap::put (13 bytes)

Stack: [0x000000a4b2a00000,0x000000a4b2b00000]
Native frames: (J=compiled Java code, j=interpreted, Vv=VM code, C=native code)
V  [jvm.dll+0x67d429]
V  [jvm.dll+0x834b7a]
V  [jvm.dll+0x83663e]
V  [jvm.dll+0x836ca3]
V  [jvm.dll+0x247dbf]
V  [jvm.dll+0xac534]
V  [jvm.dll+0xacb7c]
V  [jvm.dll+0x2af2cf]
V  [jvm.dll+0x5848b7]
V  [jvm.dll+0x222d82]
V  [jvm.dll+0x21c090]
V  [jvm.dll+0x2197a1]
V  [jvm.dll+0x1a534d]
V  [jvm.dll+0x2295cd]
V  [jvm.dll+0x22779c]
V  [jvm.dll+0x7e9d07]
V  [jvm.dll+0x7e410a]
V  [jvm.dll+0x67c315]
C  [ucrtbase.dll+0x29333]
C  [KERNEL32.DLL+0x1257d]
C  [ntdll.dll+0x5af28]


---------------  P R O C E S S  ---------------

Threads class SMR info:
_java_thread_list=0x000002609a21dab0, length=13, elements={
0x00000260fd5b1490, 0x00000260ff7a3020, 0x00000260ff7a4290, 0x0000026098d36280,
0x0000026098d36760, 0x0000026098d37ee0, 0x0000026098d3a9c0, 0x0000026098d3b870,
0x0000026098d43790, 0x0000026098d4f7c0, 0x0000026098db98c0, 0x0000026099056d50,
0x0000026099fa3840
}

Java Threads: ( => current thread )
  0x00000260fd5b1490 JavaThread "main" [_thread_in_Java, id=11484, stack(0x000000a4b2100000,0x000000a4b2200000)]
  0x00000260ff7a3020 JavaThread "Reference Handler" daemon [_thread_blocked, id=9424, stack(0x000000a4b2400000,0x000000a4b2500000)]
  0x00000260ff7a4290 JavaThread "Finalizer" daemon [_thread_blocked, id=12724, stack(0x000000a4b2500000,0x000000a4b2600000)]
  0x0000026098d36280 JavaThread "Signal Dispatcher" daemon [_thread_blocked, id=3660, stack(0x000000a4b2600000,0x000000a4b2700000)]
  0x0000026098d36760 JavaThread "Attach Listener" daemon [_thread_blocked, id=9208, stack(0x000000a4b2700000,0x000000a4b2800000)]
  0x0000026098d37ee0 JavaThread "Service Thread" daemon [_thread_blocked, id=5908, stack(0x000000a4b2800000,0x000000a4b2900000)]
  0x0000026098d3a9c0 JavaThread "Monitor Deflation Thread" daemon [_thread_blocked, id=2612, stack(0x000000a4b2900000,0x000000a4b2a00000)]
=>0x0000026098d3b870 JavaThread "C2 CompilerThread0" daemon [_thread_in_native, id=2648, stack(0x000000a4b2a00000,0x000000a4b2b00000)]
  0x0000026098d43790 JavaThread "C1 CompilerThread0" daemon [_thread_in_vm, id=9784, stack(0x000000a4b2b00000,0x000000a4b2c00000)]
  0x0000026098d4f7c0 JavaThread "Sweeper thread" daemon [_thread_blocked, id=6748, stack(0x000000a4b2c00000,0x000000a4b2d00000)]
  0x0000026098db98c0 JavaThread "Common-Cleaner" daemon [_thread_blocked, id=3540, stack(0x000000a4b2d00000,0x000000a4b2e00000)]
  0x0000026099056d50 JavaThread "C2 CompilerThread1" daemon [_thread_in_native, id=14944, stack(0x000000a4b2e00000,0x000000a4b2f00000)]
  0x0000026099fa3840 JavaThread "Notification Thread" daemon [_thread_blocked, id=2532, stack(0x000000a4b2f00000,0x000000a4b3000000)]

Other Threads:
  0x0000026098d114b0 VMThread "VM Thread" [stack: 0x000000a4b2300000,0x000000a4b2400000] [id=14024]
  0x0000026099058280 WatcherThread [stack: 0x000000a4b3000000,0x000000a4b3100000] [id=11356]
  0x00000260fd5c6120 GCTaskThread "GC Thread#0" [stack: 0x000000a4b2200000,0x000000a4b2300000] [id=14424]
  0x000002609a736620 GCTaskThread "GC Thread#1" [stack: 0x000000a4b3100000,0x000000a4b3200000] [id=14784]
  0x000002609a7368e0 GCTaskThread "GC Thread#2" [stack: 0x000000a4b3200000,0x000000a4b3300000] [id=14276]
  0x000002609a698fd0 GCTaskThread "GC Thread#3" [stack: 0x000000a4b3300000,0x000000a4b3400000] [id=14828]
  0x000002609a699290 GCTaskThread "GC Thread#4" [stack: 0x000000a4b3400000,0x000000a4b3500000] [id=7468]
  0x000002609a7bf990 GCTaskThread "GC Thread#5" [stack: 0x000000a4b3500000,0x000000a4b3600000] [id=5324]
  0x000002609a7bfc50 GCTaskThread "GC Thread#6" [stack: 0x000000a4b3600000,0x000000a4b3700000] [id=13572]

Threads with active compile tasks:
C2 CompilerThread0     2185 1168       4       java.util.HashMap::put (13 bytes)
C2 CompilerThread1     2185 1157   !   4       lombok.patcher.ScriptManager$OurClassFileTransformer::transform (364 bytes)

VM state: not at safepoint (normal execution)

VM Mutex/Monitor currently owned by a thread: None

Heap address: 0x00000000c0000000, size: 1024 MB, Compressed Oops mode: 32-bit

CDS archive(s) not mapped
Compressed class space mapped at: 0x0000000100000000-0x0000000140000000, reserved size: 1073741824
Narrow klass base: 0x0000000000000000, Narrow klass shift: 3, Narrow klass range: 0x140000000

GC Precious Log:
 CPUs: 8 total, 8 available
 Memory: 7997M
 Large Page Support: Disabled
 NUMA Support: Disabled
 Compressed Oops: Enabled (32-bit)
 Alignments: Space 512K, Generation 512K, Heap 2M
 Heap Min Capacity: 100M
 Heap Initial Capacity: 100M
 Heap Max Capacity: 1G
 Pre-touch: Disabled
 Parallel Workers: 8

Heap:
 PSYoungGen      total 29696K, used 14109K [0x00000000eab00000, 0x00000000ecc00000, 0x0000000100000000)
  eden space 25600K, 42% used [0x00000000eab00000,0x00000000eb5b3dc0,0x00000000ec400000)
  from space 4096K, 76% used [0x00000000ec400000,0x00000000ec7136f0,0x00000000ec800000)
  to   space 4096K, 0% used [0x00000000ec800000,0x00000000ec800000,0x00000000ecc00000)
 ParOldGen       total 68608K, used 16K [0x00000000c0000000, 0x00000000c4300000, 0x00000000eab00000)
  object space 68608K, 0% used [0x00000000c0000000,0x00000000c0004000,0x00000000c4300000)
 Metaspace       used 12474K, committed 12672K, reserved 1114112K
  class space    used 1223K, committed 1280K, reserved 1048576K

Card table byte_map: [0x00000260ff040000,0x00000260ff250000] _byte_map_base: 0x00000260fea40000

Marking Bits: (ParMarkBitMap*) 0x00007ffb01a7d820
 Begin Bits: [0x0000026091be0000, 0x0000026092be0000)
 End Bits:   [0x0000026092be0000, 0x0000026093be0000)

Polling page: 0x00000260fd660000

Metaspace:

Usage:
  Non-class:     10.99 MB used.
      Class:      1.19 MB used.
       Both:     12.18 MB used.

Virtual space:
  Non-class space:       64.00 MB reserved,      11.12 MB ( 17%) committed,  1 nodes.
      Class space:        1.00 GB reserved,       1.25 MB ( <1%) committed,  1 nodes.
             Both:        1.06 GB reserved,      12.38 MB (  1%) committed. 

Chunk freelists:
   Non-Class:  4.18 MB
       Class:  14.59 MB
        Both:  18.76 MB

MaxMetaspaceSize: unlimited
CompressedClassSpaceSize: 1.00 GB
Initial GC threshold: 21.00 MB
Current GC threshold: 21.00 MB
CDS: off
MetaspaceReclaimPolicy: balanced
 - commit_granule_bytes: 65536.
 - commit_granule_words: 8192.
 - virtual_space_node_default_size: 8388608.
 - enlarge_chunks_in_place: 1.
 - new_chunks_are_fully_committed: 0.
 - uncommit_free_chunks: 1.
 - use_allocation_guard: 0.
 - handle_deallocations: 1.


Internal statistics:

num_allocs_failed_limit: 0.
num_arena_births: 40.
num_arena_deaths: 0.
num_vsnodes_births: 2.
num_vsnodes_deaths: 0.
num_space_committed: 198.
num_space_uncommitted: 0.
num_chunks_returned_to_freelist: 0.
num_chunks_taken_from_freelist: 157.
num_chunk_merges: 0.
num_chunk_splits: 107.
num_chunks_enlarged: 90.
num_inconsistent_stats: 0.

CodeHeap 'non-profiled nmethods': size=120000Kb used=513Kb max_used=513Kb free=119486Kb
 bounds [0x000002608a6b0000, 0x000002608a920000, 0x0000026091be0000]
CodeHeap 'profiled nmethods': size=120000Kb used=2168Kb max_used=2168Kb free=117831Kb
 bounds [0x0000026082be0000, 0x0000026082e50000, 0x000002608a110000]
CodeHeap 'non-nmethods': size=5760Kb used=1158Kb max_used=1193Kb free=4601Kb
 bounds [0x000002608a110000, 0x000002608a380000, 0x000002608a6b0000]
 total_blobs=1676 nmethods=1238 adapters=353
 compilation: enabled
              stopped_count=0, restarted_count=0
 full_count=0

Compilation events (20 events):
Event: 2.141 Thread 0x0000026098d43790 nmethod 1171 0x0000026082dde590 code [0x0000026082dde740, 0x0000026082dde908]
Event: 2.141 Thread 0x0000026098d43790 1172       3       java.util.Collections$UnmodifiableCollection::size (10 bytes)
Event: 2.141 Thread 0x0000026098d43790 nmethod 1172 0x0000026082ddea10 code [0x0000026082ddebc0, 0x0000026082dded88]
Event: 2.141 Thread 0x0000026098d43790 1173       1       java.util.Collections$SingletonMap::size (2 bytes)
Event: 2.141 Thread 0x0000026098d43790 nmethod 1173 0x000002608a72f790 code [0x000002608a72f920, 0x000002608a72f9f8]
Event: 2.141 Thread 0x0000026098d43790 1174       3       org.eclipse.osgi.container.ModuleDatabase$Persistence::readGenericInfo (114 bytes)
Event: 2.142 Thread 0x0000026098d43790 nmethod 1174 0x0000026082ddee90 code [0x0000026082ddf100, 0x0000026082ddfad8]
Event: 2.142 Thread 0x0000026098d43790 1175       3       org.eclipse.osgi.container.ModuleRevisionBuilder::basicAddGenericInfo (23 bytes)
Event: 2.143 Thread 0x0000026098d43790 nmethod 1175 0x0000026082ddfe90 code [0x0000026082de0060, 0x0000026082de0388]
Event: 2.143 Thread 0x0000026098d43790 1176       3       org.eclipse.osgi.container.ModuleRevisionBuilder$GenericInfo::<init> (26 bytes)
Event: 2.143 Thread 0x0000026098d43790 nmethod 1176 0x0000026082de0590 code [0x0000026082de0720, 0x0000026082de08d8]
Event: 2.143 Thread 0x0000026098d43790 1180       3       java.util.LinkedHashMap::afterNodeAccess (116 bytes)
Event: 2.144 Thread 0x0000026098d43790 nmethod 1180 0x0000026082de0990 code [0x0000026082de0b40, 0x0000026082de0f98]
Event: 2.144 Thread 0x0000026098d43790 1184       3       java.util.Collections$UnmodifiableMap::size (10 bytes)
Event: 2.144 Thread 0x0000026098d43790 nmethod 1184 0x0000026082de1110 code [0x0000026082de12c0, 0x0000026082de1488]
Event: 2.144 Thread 0x0000026098d43790 1177       3       org.eclipse.osgi.internal.container.NamespaceList$Builder::add (42 bytes)
Event: 2.145 Thread 0x0000026098d43790 nmethod 1177 0x0000026082de1590 code [0x0000026082de1760, 0x0000026082de1b78]
Event: 2.145 Thread 0x0000026098d43790 1178       3       org.eclipse.osgi.internal.container.NamespaceList$Builder::prepareModification (43 bytes)
Event: 2.145 Thread 0x0000026098d43790 nmethod 1178 0x0000026082de1d10 code [0x0000026082de1f00, 0x0000026082de23a8]
Event: 2.145 Thread 0x0000026098d43790 1187       3       org.eclipse.osgi.internal.container.Capabilities$NamespaceSet::addCapability (169 bytes)

GC Heap History (2 events):
Event: 1.673 GC heap before
{Heap before GC invocations=1 (full 0):
 PSYoungGen      total 29696K, used 25600K [0x00000000eab00000, 0x00000000ecc00000, 0x0000000100000000)
  eden space 25600K, 100% used [0x00000000eab00000,0x00000000ec400000,0x00000000ec400000)
  from space 4096K, 0% used [0x00000000ec800000,0x00000000ec800000,0x00000000ecc00000)
  to   space 4096K, 0% used [0x00000000ec400000,0x00000000ec400000,0x00000000ec800000)
 ParOldGen       total 68608K, used 0K [0x00000000c0000000, 0x00000000c4300000, 0x00000000eab00000)
  object space 68608K, 0% used [0x00000000c0000000,0x00000000c0000000,0x00000000c4300000)
 Metaspace       used 10957K, committed 11136K, reserved 1114112K
  class space    used 1089K, committed 1216K, reserved 1048576K
}
Event: 1.683 GC heap after
{Heap after GC invocations=1 (full 0):
 PSYoungGen      total 29696K, used 3149K [0x00000000eab00000, 0x00000000ecc00000, 0x0000000100000000)
  eden space 25600K, 0% used [0x00000000eab00000,0x00000000eab00000,0x00000000ec400000)
  from space 4096K, 76% used [0x00000000ec400000,0x00000000ec7136f0,0x00000000ec800000)
  to   space 4096K, 0% used [0x00000000ec800000,0x00000000ec800000,0x00000000ecc00000)
 ParOldGen       total 68608K, used 16K [0x00000000c0000000, 0x00000000c4300000, 0x00000000eab00000)
  object space 68608K, 0% used [0x00000000c0000000,0x00000000c0004000,0x00000000c4300000)
 Metaspace       used 10957K, committed 11136K, reserved 1114112K
  class space    used 1089K, committed 1216K, reserved 1048576K
}

Dll operation events (8 events):
Event: 0.030 Loaded shared library c:\Users\thinkpad\.vscode\extensions\redhat.java-1.32.0-win32-x64\jre\17.0.11-win32-x86_64\bin\java.dll
Event: 0.297 Loaded shared library c:\Users\thinkpad\.vscode\extensions\redhat.java-1.32.0-win32-x64\jre\17.0.11-win32-x86_64\bin\zip.dll
Event: 0.302 Loaded shared library C:\Users\thinkpad\.vscode\extensions\redhat.java-1.32.0-win32-x64\jre\17.0.11-win32-x86_64\bin\instrument.dll
Event: 0.328 Loaded shared library C:\Users\thinkpad\.vscode\extensions\redhat.java-1.32.0-win32-x64\jre\17.0.11-win32-x86_64\bin\net.dll
Event: 0.332 Loaded shared library C:\Users\thinkpad\.vscode\extensions\redhat.java-1.32.0-win32-x64\jre\17.0.11-win32-x86_64\bin\nio.dll
Event: 0.345 Loaded shared library C:\Users\thinkpad\.vscode\extensions\redhat.java-1.32.0-win32-x64\jre\17.0.11-win32-x86_64\bin\zip.dll
Event: 0.374 Loaded shared library C:\Users\thinkpad\.vscode\extensions\redhat.java-1.32.0-win32-x64\jre\17.0.11-win32-x86_64\bin\jimage.dll
Event: 0.511 Loaded shared library c:\Users\thinkpad\.vscode\extensions\redhat.java-1.32.0-win32-x64\jre\17.0.11-win32-x86_64\bin\verify.dll

Deoptimization events (20 events):
Event: 1.913 Thread 0x00000260fd5b1490 Uncommon trap: trap_request=0xffffff45 fr.pc=0x000002608a706c24 relative=0x0000000000000484
Event: 1.913 Thread 0x00000260fd5b1490 Uncommon trap: reason=unstable_if action=reinterpret pc=0x000002608a706c24 method=java.lang.String.<init>([BIILjava/nio/charset/Charset;)V @ 47 c2
Event: 1.913 Thread 0x00000260fd5b1490 DEOPT PACKING pc=0x000002608a706c24 sp=0x000000a4b21f7770
Event: 1.913 Thread 0x00000260fd5b1490 DEOPT UNPACKING pc=0x000002608a169ea3 sp=0x000000a4b21f7728 mode 2
Event: 1.916 Thread 0x00000260fd5b1490 DEOPT PACKING pc=0x0000026082c54c45 sp=0x000000a4b21f7840
Event: 1.916 Thread 0x00000260fd5b1490 DEOPT UNPACKING pc=0x000002608a16a9e3 sp=0x000000a4b21f6cf0 mode 0
Event: 1.949 Thread 0x00000260fd5b1490 DEOPT PACKING pc=0x0000026082c54c45 sp=0x000000a4b21f3c20
Event: 1.949 Thread 0x00000260fd5b1490 DEOPT UNPACKING pc=0x000002608a16a9e3 sp=0x000000a4b21f30d0 mode 0
Event: 1.967 Thread 0x00000260fd5b1490 DEOPT PACKING pc=0x0000026082c54c45 sp=0x000000a4b21f3c20
Event: 1.967 Thread 0x00000260fd5b1490 DEOPT UNPACKING pc=0x000002608a16a9e3 sp=0x000000a4b21f30d0 mode 0
Event: 1.975 Thread 0x00000260fd5b1490 DEOPT PACKING pc=0x0000026082c54c45 sp=0x000000a4b21f7750
Event: 1.975 Thread 0x00000260fd5b1490 DEOPT UNPACKING pc=0x000002608a16a9e3 sp=0x000000a4b21f6c00 mode 0
Event: 2.044 Thread 0x00000260fd5b1490 Uncommon trap: trap_request=0xffffffc6 fr.pc=0x000002608a6dba1c relative=0x000000000000027c
Event: 2.044 Thread 0x00000260fd5b1490 Uncommon trap: reason=bimorphic_or_optimized_type_check action=maybe_recompile pc=0x000002608a6dba1c method=java.util.Collections$UnmodifiableCollection$1.next()Ljava/lang/Object; @ 4 c2
Event: 2.044 Thread 0x00000260fd5b1490 DEOPT PACKING pc=0x000002608a6dba1c sp=0x000000a4b21f7e40
Event: 2.044 Thread 0x00000260fd5b1490 DEOPT UNPACKING pc=0x000002608a169ea3 sp=0x000000a4b21f7df0 mode 2
Event: 2.044 Thread 0x00000260fd5b1490 Uncommon trap: trap_request=0xffffffc6 fr.pc=0x000002608a6dba1c relative=0x000000000000027c
Event: 2.044 Thread 0x00000260fd5b1490 Uncommon trap: reason=bimorphic_or_optimized_type_check action=maybe_recompile pc=0x000002608a6dba1c method=java.util.Collections$UnmodifiableCollection$1.next()Ljava/lang/Object; @ 4 c2
Event: 2.044 Thread 0x00000260fd5b1490 DEOPT PACKING pc=0x000002608a6dba1c sp=0x000000a4b21f7e40
Event: 2.044 Thread 0x00000260fd5b1490 DEOPT UNPACKING pc=0x000002608a169ea3 sp=0x000000a4b21f7df0 mode 2

Classes unloaded (0 events):
No events

Classes redefined (0 events):
No events

Internal exceptions (20 events):
Event: 1.134 Thread 0x00000260fd5b1490 Exception <a 'java/io/FileNotFoundException'{0x00000000eb88d998}> (0x00000000eb88d998) 
thrown [s\src\hotspot\share\prims\jni.cpp, line 516]
Event: 1.135 Thread 0x00000260fd5b1490 Exception <a 'java/io/FileNotFoundException'{0x00000000eb88eae8}> (0x00000000eb88eae8) 
thrown [s\src\hotspot\share\prims\jni.cpp, line 516]
Event: 1.135 Thread 0x00000260fd5b1490 Exception <a 'java/io/FileNotFoundException'{0x00000000eb88fc30}> (0x00000000eb88fc30) 
thrown [s\src\hotspot\share\prims\jni.cpp, line 516]
Event: 1.136 Thread 0x00000260fd5b1490 Exception <a 'java/io/FileNotFoundException'{0x00000000eb890d68}> (0x00000000eb890d68) 
thrown [s\src\hotspot\share\prims\jni.cpp, line 516]
Event: 1.162 Thread 0x00000260fd5b1490 Exception <a 'java/io/FileNotFoundException'{0x00000000eb8cbef0}> (0x00000000eb8cbef0) 
thrown [s\src\hotspot\share\prims\jni.cpp, line 516]
Event: 1.511 Thread 0x00000260fd5b1490 Exception <a 'java/lang/ClassNotFoundException'{0x00000000ec0ed740}: sun/net/www/protocol/c/Handler> (0x00000000ec0ed740) 
thrown [s\src\hotspot\share\classfile\systemDictionary.cpp, line 256]
Event: 1.512 Thread 0x00000260fd5b1490 Exception <a 'java/lang/ClassNotFoundException'{0x00000000ec0eeab8}: sun/net/www/protocol/c/Handler> (0x00000000ec0eeab8) 
thrown [s\src\hotspot\share\classfile\systemDictionary.cpp, line 256]
Event: 1.512 Thread 0x00000260fd5b1490 Exception <a 'java/lang/ClassNotFoundException'{0x00000000ec0efc88}: sun/net/www/protocol/c/Handler> (0x00000000ec0efc88) 
thrown [s\src\hotspot\share\classfile\systemDictionary.cpp, line 256]
Event: 1.525 Thread 0x00000260fd5b1490 Exception <a 'java/io/FileNotFoundException'{0x00000000ec1136b8}> (0x00000000ec1136b8) 
thrown [s\src\hotspot\share\prims\jni.cpp, line 516]
Event: 1.588 Thread 0x00000260fd5b1490 Implicit null exception at 0x000002608a6f733b to 0x000002608a6f7c48
Event: 1.588 Thread 0x00000260fd5b1490 Implicit null exception at 0x000002608a70c2ec to 0x000002608a70c4cc
Event: 1.588 Thread 0x00000260fd5b1490 Implicit null exception at 0x000002608a6f9a0e to 0x000002608a6f9c48
Event: 1.588 Thread 0x00000260fd5b1490 Implicit null exception at 0x000002608a6f8f8f to 0x000002608a6f9005
Event: 1.668 Thread 0x00000260fd5b1490 Exception <a 'java/lang/NoSuchMethodError'{0x00000000ec3ef860}: 'int java.lang.invoke.DirectMethodHandle$Holder.invokeStaticInit(java.lang.Object, java.lang.Object, java.lang.Object, java.lang.Object)'> (0x00000000ec3ef860) 
thrown [s\src\hotspot\share\interpreter\linkResolver.cpp, line 759]
Event: 1.672 Thread 0x00000260fd5b1490 Exception <a 'java/lang/NoSuchMethodError'{0x00000000ec3f9ed0}: 'java.lang.Object java.lang.invoke.DirectMethodHandle$Holder.invokeInterface(java.lang.Object, java.lang.Object)'> (0x00000000ec3f9ed0) 
thrown [s\src\hotspot\share\interpreter\linkResolver.cpp, line 759]
Event: 1.673 Thread 0x00000260fd5b1490 Exception <a 'java/lang/IncompatibleClassChangeError'{0x00000000ec3fd6c8}: Found class java.lang.Object, but interface was expected> (0x00000000ec3fd6c8) 
thrown [s\src\hotspot\share\interpreter\linkResolver.cpp, line 826]
Event: 1.684 Thread 0x00000260fd5b1490 Exception <a 'java/lang/NoSuchMethodError'{0x00000000eab01e80}: 'void java.lang.invoke.DirectMethodHandle$Holder.invokeStatic(java.lang.Object, java.lang.Object)'> (0x00000000eab01e80) 
thrown [s\src\hotspot\share\interpreter\linkResolver.cpp, line 759]
Event: 1.685 Thread 0x00000260fd5b1490 Exception <a 'java/lang/NoSuchMethodError'{0x00000000eab05680}: 'void java.lang.invoke.DirectMethodHandle$Holder.invokeStaticInit(java.lang.Object, java.lang.Object)'> (0x00000000eab05680) 
thrown [s\src\hotspot\share\interpreter\linkResolver.cpp, line 759]
Event: 1.688 Thread 0x00000260fd5b1490 Exception <a 'java/lang/NoSuchMethodError'{0x00000000eab0cbb0}: 'int java.lang.invoke.DirectMethodHandle$Holder.invokeStaticInit(java.lang.Object, java.lang.Object)'> (0x00000000eab0cbb0) 
thrown [s\src\hotspot\share\interpreter\linkResolver.cpp, line 759]
Event: 1.767 Thread 0x00000260fd5b1490 Exception <a 'java/lang/NoSuchMethodError'{0x00000000eac78d20}: 'void java.lang.invoke.DirectMethodHandle$Holder.invokeSpecial(java.lang.Object, java.lang.Object, java.lang.Object)'> (0x00000000eac78d20) 
thrown [s\src\hotspot\share\interpreter\linkResolver.cpp, line 759]

VM Operations (12 events):
Event: 0.253 Executing VM operation: HandshakeAllThreads
Event: 0.254 Executing VM operation: HandshakeAllThreads done
Event: 0.409 Executing VM operation: HandshakeAllThreads
Event: 0.409 Executing VM operation: HandshakeAllThreads done
Event: 1.074 Executing VM operation: HandshakeAllThreads
Event: 1.074 Executing VM operation: HandshakeAllThreads done
Event: 1.103 Executing VM operation: HandshakeAllThreads
Event: 1.103 Executing VM operation: HandshakeAllThreads done
Event: 1.103 Executing VM operation: Cleanup
Event: 1.104 Executing VM operation: Cleanup done
Event: 1.673 Executing VM operation: ParallelGCFailedAllocation
Event: 1.683 Executing VM operation: ParallelGCFailedAllocation done

Events (20 events):
Event: 1.910 loading class java/security/GeneralSecurityException
Event: 1.910 loading class java/security/GeneralSecurityException done
Event: 1.910 loading class java/security/KeyException done
Event: 1.910 loading class java/security/InvalidKeyException done
Event: 1.910 loading class java/security/SignatureException
Event: 1.910 loading class java/security/SignatureException done
Event: 1.910 loading class java/security/cert/CertificateException
Event: 1.910 loading class java/security/cert/CertificateException done
Event: 1.910 loading class java/security/NoSuchAlgorithmException
Event: 1.911 loading class java/security/NoSuchAlgorithmException done
Event: 1.911 loading class java/security/NoSuchProviderException
Event: 1.911 loading class java/security/NoSuchProviderException done
Event: 1.961 loading class java/lang/TypeNotPresentException
Event: 1.961 loading class java/lang/TypeNotPresentException done
Event: 2.139 loading class java/util/Collections$UnmodifiableMap$UnmodifiableEntrySet
Event: 2.139 loading class java/util/Collections$UnmodifiableMap$UnmodifiableEntrySet done
Event: 2.139 loading class java/util/Collections$UnmodifiableMap$UnmodifiableEntrySet$1
Event: 2.140 loading class java/util/Collections$UnmodifiableMap$UnmodifiableEntrySet$1 done
Event: 2.140 loading class java/util/Collections$UnmodifiableMap$UnmodifiableEntrySet$UnmodifiableEntry
Event: 2.140 loading class java/util/Collections$UnmodifiableMap$UnmodifiableEntrySet$UnmodifiableEntry done


Dynamic libraries:
0x00007ff6dd070000 - 0x00007ff6dd07e000 	c:\Users\thinkpad\.vscode\extensions\redhat.java-1.32.0-win32-x64\jre\17.0.11-win32-x86_64\bin\java.exe
0x00007ffb48d90000 - 0x00007ffb48fa7000 	C:\WINDOWS\SYSTEM32\ntdll.dll
0x00007ffb47c60000 - 0x00007ffb47d24000 	C:\WINDOWS\System32\KERNEL32.DLL
0x00007ffb46210000 - 0x00007ffb465bc000 	C:\WINDOWS\System32\KERNELBASE.dll
0x00007ffb465c0000 - 0x00007ffb466d1000 	C:\WINDOWS\System32\ucrtbase.dll
0x00007ffb3dcc0000 - 0x00007ffb3dcdb000 	c:\Users\thinkpad\.vscode\extensions\redhat.java-1.32.0-win32-x64\jre\17.0.11-win32-x86_64\bin\VCRUNTIME140.dll
0x00007ffb3e140000 - 0x00007ffb3e157000 	c:\Users\thinkpad\.vscode\extensions\redhat.java-1.32.0-win32-x64\jre\17.0.11-win32-x86_64\bin\jli.dll
0x00007ffb47540000 - 0x00007ffb476ee000 	C:\WINDOWS\System32\USER32.dll
0x00007ffb2dad0000 - 0x00007ffb2dd63000 	C:\WINDOWS\WinSxS\amd64_microsoft.windows.common-controls_6595b64144ccf1df_6.0.22621.3672_none_2713b9d173822955\COMCTL32.dll
0x00007ffb461e0000 - 0x00007ffb46206000 	C:\WINDOWS\System32\win32u.dll
0x00007ffb48ba0000 - 0x00007ffb48c47000 	C:\WINDOWS\System32\msvcrt.dll
0x00007ffb47f30000 - 0x00007ffb47f59000 	C:\WINDOWS\System32\GDI32.dll
0x00007ffb460c0000 - 0x00007ffb461d9000 	C:\WINDOWS\System32\gdi32full.dll
0x00007ffb46850000 - 0x00007ffb468ea000 	C:\WINDOWS\System32\msvcp_win.dll
0x00007ffb46b20000 - 0x00007ffb46b51000 	C:\WINDOWS\System32\IMM32.DLL
0x00007ffb3ffe0000 - 0x00007ffb3ffec000 	c:\Users\thinkpad\.vscode\extensions\redhat.java-1.32.0-win32-x64\jre\17.0.11-win32-x86_64\bin\vcruntime140_1.dll
0x00007ffb1fe90000 - 0x00007ffb1ff1d000 	c:\Users\thinkpad\.vscode\extensions\redhat.java-1.32.0-win32-x64\jre\17.0.11-win32-x86_64\bin\msvcp140.dll
0x00007ffb00ee0000 - 0x00007ffb01b42000 	c:\Users\thinkpad\.vscode\extensions\redhat.java-1.32.0-win32-x64\jre\17.0.11-win32-x86_64\bin\server\jvm.dll
0x00007ffb48ac0000 - 0x00007ffb48b72000 	C:\WINDOWS\System32\ADVAPI32.dll
0x00007ffb48060000 - 0x00007ffb4810a000 	C:\WINDOWS\System32\sechost.dll
0x00007ffb46a20000 - 0x00007ffb46a48000 	C:\WINDOWS\System32\bcrypt.dll
0x00007ffb48990000 - 0x00007ffb48aa5000 	C:\WINDOWS\System32\RPCRT4.dll
0x00007ffb45060000 - 0x00007ffb450ad000 	C:\WINDOWS\SYSTEM32\POWRPROF.dll
0x00007ffb42e20000 - 0x00007ffb42e29000 	C:\WINDOWS\SYSTEM32\WSOCK32.dll
0x00007ffb48c50000 - 0x00007ffb48cc1000 	C:\WINDOWS\System32\WS2_32.dll
0x00007ffb40870000 - 0x00007ffb408a4000 	C:\WINDOWS\SYSTEM32\WINMM.dll
0x00007ffb3d4d0000 - 0x00007ffb3d4da000 	C:\WINDOWS\SYSTEM32\VERSION.dll
0x00007ffb44f90000 - 0x00007ffb44fa3000 	C:\WINDOWS\SYSTEM32\UMPDC.dll
0x00007ffb451a0000 - 0x00007ffb451b8000 	C:\WINDOWS\SYSTEM32\kernel.appcore.dll
0x00007ffb3fea0000 - 0x00007ffb3feaa000 	c:\Users\thinkpad\.vscode\extensions\redhat.java-1.32.0-win32-x64\jre\17.0.11-win32-x86_64\bin\jimage.dll
0x00007ffb43750000 - 0x00007ffb43982000 	C:\WINDOWS\SYSTEM32\DBGHELP.DLL
0x00007ffb46b70000 - 0x00007ffb46ef8000 	C:\WINDOWS\System32\combase.dll
0x00007ffb47b70000 - 0x00007ffb47c47000 	C:\WINDOWS\System32\OLEAUT32.dll
0x00007ffb18d40000 - 0x00007ffb18d72000 	C:\WINDOWS\SYSTEM32\dbgcore.DLL
0x00007ffb46a50000 - 0x00007ffb46acb000 	C:\WINDOWS\System32\bcryptPrimitives.dll
0x00007ffb3fce0000 - 0x00007ffb3fcee000 	c:\Users\thinkpad\.vscode\extensions\redhat.java-1.32.0-win32-x64\jre\17.0.11-win32-x86_64\bin\instrument.dll
0x00007ffb3d1f0000 - 0x00007ffb3d215000 	c:\Users\thinkpad\.vscode\extensions\redhat.java-1.32.0-win32-x64\jre\17.0.11-win32-x86_64\bin\java.dll
0x00007ffb3dc50000 - 0x00007ffb3dc68000 	c:\Users\thinkpad\.vscode\extensions\redhat.java-1.32.0-win32-x64\jre\17.0.11-win32-x86_64\bin\zip.dll
0x00007ffb48130000 - 0x00007ffb4898c000 	C:\WINDOWS\System32\SHELL32.dll
0x00007ffb43fc0000 - 0x00007ffb448b7000 	C:\WINDOWS\SYSTEM32\windows.storage.dll
0x00007ffb43e80000 - 0x00007ffb43fbf000 	C:\WINDOWS\SYSTEM32\wintypes.dll
0x00007ffb47380000 - 0x00007ffb47474000 	C:\WINDOWS\System32\SHCORE.dll
0x00007ffb47480000 - 0x00007ffb474de000 	C:\WINDOWS\System32\shlwapi.dll
0x00007ffb45ff0000 - 0x00007ffb46011000 	C:\WINDOWS\SYSTEM32\profapi.dll
0x00007ffb3d400000 - 0x00007ffb3d419000 	C:\Users\thinkpad\.vscode\extensions\redhat.java-1.32.0-win32-x64\jre\17.0.11-win32-x86_64\bin\net.dll
0x00007ffb41420000 - 0x00007ffb41556000 	C:\WINDOWS\SYSTEM32\WINHTTP.dll
0x00007ffb45600000 - 0x00007ffb45669000 	C:\WINDOWS\system32\mswsock.dll
0x00007ffb3d230000 - 0x00007ffb3d246000 	C:\Users\thinkpad\.vscode\extensions\redhat.java-1.32.0-win32-x64\jre\17.0.11-win32-x86_64\bin\nio.dll
0x00007ffb3f630000 - 0x00007ffb3f640000 	c:\Users\thinkpad\.vscode\extensions\redhat.java-1.32.0-win32-x64\jre\17.0.11-win32-x86_64\bin\verify.dll

dbghelp: loaded successfully - version: 4.0.5 - missing functions: none
symbol engine: initialized successfully - sym options: 0x614 - pdb path: .;c:\Users\thinkpad\.vscode\extensions\redhat.java-1.32.0-win32-x64\jre\17.0.11-win32-x86_64\bin;C:\WINDOWS\SYSTEM32;C:\WINDOWS\WinSxS\amd64_microsoft.windows.common-controls_6595b64144ccf1df_6.0.22621.3672_none_2713b9d173822955;c:\Users\thinkpad\.vscode\extensions\redhat.java-1.32.0-win32-x64\jre\17.0.11-win32-x86_64\bin\server

VM Arguments:
jvm_args: --add-modules=ALL-SYSTEM --add-opens=java.base/java.util=ALL-UNNAMED --add-opens=java.base/java.lang=ALL-UNNAMED --add-opens=java.base/sun.nio.fs=ALL-UNNAMED -Declipse.application=org.eclipse.jdt.ls.core.id1 -Dosgi.bundles.defaultStartLevel=4 -Declipse.product=org.eclipse.jdt.ls.core.product -Djava.import.generatesMetadataFilesAtProjectRoot=false -DDetectVMInstallationsJob.disabled=true -Dfile.encoding=utf8 -XX:+UseParallelGC -XX:GCTimeRatio=4 -XX:AdaptiveSizePolicyWeight=90 -Dsun.zip.disableMemoryMapping=true -Xmx1G -Xms100m -Xlog:disable -javaagent:c:\Users\thinkpad\.vscode\extensions\redhat.java-1.32.0-win32-x64\lombok\lombok-1.18.33.jar 
java_command: c:\Users\thinkpad\.vscode\extensions\redhat.java-1.32.0-win32-x64\server\plugins\org.eclipse.equinox.launcher_1.6.900.v20240613-2009.jar -configuration c:\Users\thinkpad\AppData\Roaming\Code\User\globalStorage\redhat.java\1.32.0\config_ss_win -data c:\Users\thinkpad\AppData\Roaming\Code\User\workspaceStorage\51565181f65691b3f7f12234beb67880\redhat.java\ss_ws --pipe=\\.\pipe\lsp-8ae4fbc35f7071ad87f3c6d3bf39a46c-sock
java_class_path (initial): c:\Users\thinkpad\.vscode\extensions\redhat.java-1.32.0-win32-x64\server\plugins\org.eclipse.equinox.launcher_1.6.900.v20240613-2009.jar
Launcher Type: SUN_STANDARD

[Global flags]
    uintx AdaptiveSizePolicyWeight                 = 90                                        {product} {command line}
     intx CICompilerCount                          = 4                                         {product} {ergonomic}
    uintx GCTimeRatio                              = 4                                         {product} {command line}
   size_t InitialHeapSize                          = 104857600                                 {product} {command line}
   size_t MaxHeapSize                              = 1073741824                                {product} {command line}
   size_t MaxNewSize                               = 357564416                                 {product} {ergonomic}
   size_t MinHeapDeltaBytes                        = 524288                                    {product} {ergonomic}
   size_t MinHeapSize                              = 104857600                                 {product} {command line}
   size_t NewSize                                  = 34603008                                  {product} {ergonomic}
    uintx NonNMethodCodeHeapSize                   = 5839372                                {pd product} {ergonomic}
    uintx NonProfiledCodeHeapSize                  = 122909434                              {pd product} {ergonomic}
   size_t OldSize                                  = 70254592                                  {product} {ergonomic}
    uintx ProfiledCodeHeapSize                     = 122909434                              {pd product} {ergonomic}
    uintx ReservedCodeCacheSize                    = 251658240                              {pd product} {ergonomic}
     bool SegmentedCodeCache                       = true                                      {product} {ergonomic}
   size_t SoftMaxHeapSize                          = 1073741824                             {manageable} {ergonomic}
     bool UseCompressedClassPointers               = true                           {product lp64_product} {ergonomic}
     bool UseCompressedOops                        = true                           {product lp64_product} {ergonomic}
     bool UseLargePagesIndividualAllocation        = false                                  {pd product} {ergonomic}
     bool UseParallelGC                            = true                                      {product} {command line}

Logging:
Log output configuration:
 #0: stdout all=off uptime,level,tags
 #1: stderr all=off uptime,level,tags

Environment Variables:
JAVA_HOME=C:\Program Files\Java\jdk-11
PATH=C:\Program Files\Common Files\Oracle\Java\javapath;C:\WINDOWS\system32;C:\WINDOWS;C:\WINDOWS\System32\Wbem;C:\WINDOWS\System32\WindowsPowerShell\v1.0\;C:\WINDOWS\System32\OpenSSH\;C:\xampp\php;C:\Program Files\Java\jdk-11\bin;C:\ProgramData\ComposerSetup\bin;C:\xampp\php;C:\Program Files\Docker\Docker\resources\bin;C:\Program Files\nodejs\;C:\Program Files\Java\jdk-21\bin;C:\Program Files\Java\jdk-11\bin;C:\Program Files\Git\cmd;C:\Users\thinkpad\scoop\shims;C:\Program Files\Elixir\bin;C:\Program Files\Erlang OTP\bin;C:\Users\thinkpad\AppData\Local\Programs\Python\Python310\Scripts\;C:\Users\thinkpad\AppData\Local\Programs\Python\Python310\;C:\Users\thinkpad\AppData\Local\Microsoft\WindowsApps;C:\Users\thinkpad\AppData\Local\Programs\Microsoft VS Code\bin;C:\xampp\htdocs\server\php;C:\Users\thinkpad\AppData\Local\Programs\mongosh\;C:\Users\thinkpad\AppData\Roaming\Composer\vendor\bin;C:\Users\thinkpad\AppData\Roaming\npm
USERNAME=thinkpad
OS=Windows_NT
PROCESSOR_IDENTIFIER=Intel64 Family 6 Model 126 Stepping 5, GenuineIntel
TMP=C:\Users\thinkpad\AppData\Local\Temp
TEMP=C:\Users\thinkpad\AppData\Local\Temp



Periodic native trim disabled


---------------  S Y S T E M  ---------------

OS:
 Windows 11 , 64 bit Build 22621 (10.0.22621.3672)
OS uptime: 0 days 2:24 hours
Hyper-V role detected

CPU: total 8 (initial active 8) (4 cores per cpu, 2 threads per core) family 6 model 126 stepping 5 microcode 0xa6, cx8, cmov, fxsr, ht, mmx, 3dnowpref, sse, sse2, sse3, ssse3, sse4.1, sse4.2, popcnt, lzcnt, tsc, tscinvbit, avx, avx2, aes, erms, clmul, bmi1, bmi2, adx, avx512f, avx512dq, avx512cd, avx512bw, avx512vl, sha, fma, vzeroupper, avx512_vpopcntdq, avx512_vpclmulqdq, avx512_vaes, avx512_vnni, clflush, clflushopt, avx512_vbmi2, avx512_vbmi, hv
Processor Information for all 8 processors :
  Max Mhz: 1190, Current Mhz: 991, Mhz Limit: 987

Memory: 4k page, system-wide physical 7997M (1008M free)
TotalPageFile size 10045M (AvailPageFile size 40M)
current process WorkingSet (physical memory assigned to process): 82M, peak: 82M
current process commit charge ("private bytes"): 203M, peak: 204M

vm_info: OpenJDK 64-Bit Server VM (17.0.11+9) for windows-amd64 JRE (17.0.11+9), built on Apr 17 2024 06:07:48 by "admin" with MS VC++ 16.10 / 16.11 (VS2019)

END.
