#
# There is insufficient memory for the Java Runtime Environment to continue.
# Native memory allocation (malloc) failed to allocate 391376 bytes. Error detail: Chunk::new
# Possible reasons:
#   The system is out of physical RAM or swap space
#   This process is running with CompressedOops enabled, and the Java Heap may be blocking the growth of the native heap
# Possible solutions:
#   Reduce memory load on the system
#   Increase physical memory or swap space
#   Check if swap backing store is full
#   Decrease Java heap size (-Xmx/-Xms)
#   Decrease number of Java threads
#   Decrease Java thread stack sizes (-Xss)
#   Set larger code cache with -XX:ReservedCodeCacheSize=
#   JVM is running with Unscaled Compressed Oops mode in which the Java heap is
#     placed in the first 4GB address space. The Java Heap base address is the
#     maximum limit for the native heap growth. Please use -XX:HeapBaseMinAddress
#     to set the Java Heap base and to place the Java Heap above 4GB virtual address.
# This output file may be truncated or incomplete.
#
#  Out of Memory Error (arena.cpp:191), pid=1152, tid=6752
#
# JRE version: OpenJDK Runtime Environment Temurin-17.0.11+9 (17.0.11+9) (build 17.0.11+9)
# Java VM: OpenJDK 64-Bit Server VM Temurin-17.0.11+9 (17.0.11+9, mixed mode, tiered, compressed oops, compressed class ptrs, parallel gc, windows-amd64)
# No core dump will be written. Minidumps are not enabled by default on client versions of Windows
#

---------------  S U M M A R Y ------------

Command Line: --add-modules=ALL-SYSTEM --add-opens=java.base/java.util=ALL-UNNAMED --add-opens=java.base/java.lang=ALL-UNNAMED --add-opens=java.base/sun.nio.fs=ALL-UNNAMED -Declipse.application=org.eclipse.jdt.ls.core.id1 -Dosgi.bundles.defaultStartLevel=4 -Declipse.product=org.eclipse.jdt.ls.core.product -Djava.import.generatesMetadataFilesAtProjectRoot=false -DDetectVMInstallationsJob.disabled=true -Dfile.encoding=utf8 -XX:+UseParallelGC -XX:GCTimeRatio=4 -XX:AdaptiveSizePolicyWeight=90 -Dsun.zip.disableMemoryMapping=true -Xmx1G -Xms100m -Xlog:disable -javaagent:c:\Users\thinkpad\.vscode\extensions\redhat.java-1.32.0-win32-x64\lombok\lombok-1.18.33.jar -XX:+HeapDumpOnOutOfMemoryError -XX:HeapDumpPath=c:\Users\thinkpad\AppData\Roaming\Code\User\workspaceStorage\51565181f65691b3f7f12234beb67880\redhat.java -Daether.dependencyCollector.impl=bf c:\Users\thinkpad\.vscode\extensions\redhat.java-1.32.0-win32-x64\server\plugins\org.eclipse.equinox.launcher_1.6.900.v20240613-2009.jar -configuration c:\Users\thinkpad\AppData\Roaming\Code\User\globalStorage\redhat.java\1.32.0\config_win -data c:\Users\thinkpad\AppData\Roaming\Code\User\workspaceStorage\51565181f65691b3f7f12234beb67880\redhat.java\jdt_ws --pipe=\\.\pipe\lsp-2049debc469f429189634f603df6f191-sock

Host: Intel(R) Core(TM) i5-1035G1 CPU @ 1.00GHz, 8 cores, 7G,  Windows 11 , 64 bit Build 22621 (10.0.22621.3672)
Time: Sun Jul  7 23:51:28 2024 Maroc (heure d64 bit Build 22621 (10.0.22621.3672) elapsed time: 2.655940 seconds (0d 0h 0m 2s)

---------------  T H R E A D  ---------------

Current thread (0x000001ccc57d91c0):  JavaThread "C2 CompilerThread0" daemon [_thread_in_native, id=6752, stack(0x000000c29ef00000,0x000000c29f000000)]


Current CompileTask:
C2:   2656 1059       4       java.io.DataInputStream::readUTF (501 bytes)

Stack: [0x000000c29ef00000,0x000000c29f000000]
Native frames: (J=compiled Java code, j=interpreted, Vv=VM code, C=native code)
V  [jvm.dll+0x67d429]
V  [jvm.dll+0x834b7a]
V  [jvm.dll+0x83663e]
V  [jvm.dll+0x836ca3]
V  [jvm.dll+0x247dbf]
V  [jvm.dll+0xac534]
V  [jvm.dll+0xacb7c]
V  [jvm.dll+0x3665f2]
V  [jvm.dll+0x330bba]
V  [jvm.dll+0x33005a]
V  [jvm.dll+0x21a471]
V  [jvm.dll+0x2198b1]
V  [jvm.dll+0x1a534d]
V  [jvm.dll+0x2295cd]
V  [jvm.dll+0x22779c]
V  [jvm.dll+0x7e9d07]
V  [jvm.dll+0x7e410a]
V  [jvm.dll+0x67c315]
C  [ucrtbase.dll+0x29333]
C  [KERNEL32.DLL+0x1257d]
C  [ntdll.dll+0x5af28]


---------------  P R O C E S S  ---------------

Threads class SMR info:
_java_thread_list=0x000001ccc6ed76c0, length=13, elements={
0x000001ccac680300, 0x000001ccc050df20, 0x000001ccc050e9f0, 0x000001ccc57d0f20,
0x000001ccc57d19f0, 0x000001ccc57d24c0, 0x000001ccc57d63b0, 0x000001ccc57d91c0,
0x000001ccc580ae60, 0x000001ccc5859680, 0x000001ccc58a8490, 0x000001ccc5b07010,
0x000001ccc6ed6df0
}

Java Threads: ( => current thread )
  0x000001ccac680300 JavaThread "main" [_thread_in_native, id=9872, stack(0x000000c29e600000,0x000000c29e700000)]
  0x000001ccc050df20 JavaThread "Reference Handler" daemon [_thread_blocked, id=15228, stack(0x000000c29e900000,0x000000c29ea00000)]
  0x000001ccc050e9f0 JavaThread "Finalizer" daemon [_thread_blocked, id=14840, stack(0x000000c29ea00000,0x000000c29eb00000)]
  0x000001ccc57d0f20 JavaThread "Signal Dispatcher" daemon [_thread_blocked, id=14952, stack(0x000000c29eb00000,0x000000c29ec00000)]
  0x000001ccc57d19f0 JavaThread "Attach Listener" daemon [_thread_blocked, id=9968, stack(0x000000c29ec00000,0x000000c29ed00000)]
  0x000001ccc57d24c0 JavaThread "Service Thread" daemon [_thread_blocked, id=14484, stack(0x000000c29ed00000,0x000000c29ee00000)]
  0x000001ccc57d63b0 JavaThread "Monitor Deflation Thread" daemon [_thread_blocked, id=11496, stack(0x000000c29ee00000,0x000000c29ef00000)]
=>0x000001ccc57d91c0 JavaThread "C2 CompilerThread0" daemon [_thread_in_native, id=6752, stack(0x000000c29ef00000,0x000000c29f000000)]
  0x000001ccc580ae60 JavaThread "C1 CompilerThread0" daemon [_thread_blocked, id=6916, stack(0x000000c29f000000,0x000000c29f100000)]
  0x000001ccc5859680 JavaThread "Sweeper thread" daemon [_thread_blocked, id=5708, stack(0x000000c29f100000,0x000000c29f200000)]
  0x000001ccc58a8490 JavaThread "Common-Cleaner" daemon [_thread_blocked, id=9784, stack(0x000000c29f200000,0x000000c29f300000)]
  0x000001ccc5b07010 JavaThread "Notification Thread" daemon [_thread_blocked, id=5984, stack(0x000000c29f300000,0x000000c29f400000)]
  0x000001ccc6ed6df0 JavaThread "C2 CompilerThread1" daemon [_thread_in_native, id=14820, stack(0x000000c29fb00000,0x000000c29fc00000)]

Other Threads:
  0x000001ccc5790c20 VMThread "VM Thread" [stack: 0x000000c29e800000,0x000000c29e900000] [id=10952]
  0x000001ccc5b074f0 WatcherThread [stack: 0x000000c29f400000,0x000000c29f500000] [id=11748]
  0x000001ccac693e50 GCTaskThread "GC Thread#0" [stack: 0x000000c29e700000,0x000000c29e800000] [id=14900]
  0x000001ccc6bf7820 GCTaskThread "GC Thread#1" [stack: 0x000000c29f500000,0x000000c29f600000] [id=14748]
  0x000001ccc6f6a860 GCTaskThread "GC Thread#2" [stack: 0x000000c29f600000,0x000000c29f700000] [id=2640]
  0x000001ccc6f6ab20 GCTaskThread "GC Thread#3" [stack: 0x000000c29f700000,0x000000c29f800000] [id=12792]
  0x000001ccc6f6ade0 GCTaskThread "GC Thread#4" [stack: 0x000000c29f800000,0x000000c29f900000] [id=7640]
  0x000001ccc6f6b0a0 GCTaskThread "GC Thread#5" [stack: 0x000000c29f900000,0x000000c29fa00000] [id=6748]
  0x000001ccc6f6b360 GCTaskThread "GC Thread#6" [stack: 0x000000c29fa00000,0x000000c29fb00000] [id=5676]

Threads with active compile tasks:
C2 CompilerThread0     2696 1059       4       java.io.DataInputStream::readUTF (501 bytes)
C2 CompilerThread1     2696 1093       4       lombok.launch.PackageShader::apply (252 bytes)

VM state: not at safepoint (normal execution)

VM Mutex/Monitor currently owned by a thread: None

Heap address: 0x00000000c0000000, size: 1024 MB, Compressed Oops mode: 32-bit

CDS archive(s) not mapped
Compressed class space mapped at: 0x0000000100000000-0x0000000140000000, reserved size: 1073741824
Narrow klass base: 0x0000000000000000, Narrow klass shift: 3, Narrow klass range: 0x140000000

GC Precious Log:
 CPUs: 8 total, 8 available
 Memory: 7997M
 Large Page Support: Disabled
 NUMA Support: Disabled
 Compressed Oops: Enabled (32-bit)
 Alignments: Space 512K, Generation 512K, Heap 2M
 Heap Min Capacity: 100M
 Heap Initial Capacity: 100M
 Heap Max Capacity: 1G
 Pre-touch: Disabled
 Parallel Workers: 8

Heap:
 PSYoungGen      total 29696K, used 8630K [0x00000000eab00000, 0x00000000ecc00000, 0x0000000100000000)
  eden space 25600K, 21% used [0x00000000eab00000,0x00000000eb054948,0x00000000ec400000)
  from space 4096K, 77% used [0x00000000ec400000,0x00000000ec719278,0x00000000ec800000)
  to   space 4096K, 0% used [0x00000000ec800000,0x00000000ec800000,0x00000000ecc00000)
 ParOldGen       total 68608K, used 8K [0x00000000c0000000, 0x00000000c4300000, 0x00000000eab00000)
  object space 68608K, 0% used [0x00000000c0000000,0x00000000c0002000,0x00000000c4300000)
 Metaspace       used 11928K, committed 12032K, reserved 1114112K
  class space    used 1175K, committed 1216K, reserved 1048576K

Card table byte_map: [0x000001ccac040000,0x000001ccac250000] _byte_map_base: 0x000001ccaba40000

Marking Bits: (ParMarkBitMap*) 0x00007ffb01a7d820
 Begin Bits: [0x000001ccbe310000, 0x000001ccbf310000)
 End Bits:   [0x000001ccbf310000, 0x000001ccc0310000)

Polling page: 0x000001ccabe30000

Metaspace:

Usage:
  Non-class:     10.51 MB used.
      Class:      1.15 MB used.
       Both:     11.66 MB used.

Virtual space:
  Non-class space:       64.00 MB reserved,      10.56 MB ( 17%) committed,  1 nodes.
      Class space:        1.00 GB reserved,       1.19 MB ( <1%) committed,  1 nodes.
             Both:        1.06 GB reserved,      11.75 MB (  1%) committed. 

Chunk freelists:
   Non-Class:  4.56 MB
       Class:  14.62 MB
        Both:  19.19 MB

MaxMetaspaceSize: unlimited
CompressedClassSpaceSize: 1.00 GB
Initial GC threshold: 21.00 MB
Current GC threshold: 21.00 MB
CDS: off
MetaspaceReclaimPolicy: balanced
 - commit_granule_bytes: 65536.
 - commit_granule_words: 8192.
 - virtual_space_node_default_size: 8388608.
 - enlarge_chunks_in_place: 1.
 - new_chunks_are_fully_committed: 0.
 - uncommit_free_chunks: 1.
 - use_allocation_guard: 0.
 - handle_deallocations: 1.


Internal statistics:

num_allocs_failed_limit: 0.
num_arena_births: 30.
num_arena_deaths: 0.
num_vsnodes_births: 2.
num_vsnodes_deaths: 0.
num_space_committed: 188.
num_space_uncommitted: 0.
num_chunks_returned_to_freelist: 0.
num_chunks_taken_from_freelist: 131.
num_chunk_merges: 0.
num_chunk_splits: 88.
num_chunks_enlarged: 77.
num_inconsistent_stats: 0.

CodeHeap 'non-profiled nmethods': size=120000Kb used=452Kb max_used=452Kb free=119548Kb
 bounds [0x000001ccb6de0000, 0x000001ccb7050000, 0x000001ccbe310000]
CodeHeap 'profiled nmethods': size=120000Kb used=1905Kb max_used=1905Kb free=118094Kb
 bounds [0x000001ccaf310000, 0x000001ccaf580000, 0x000001ccb6840000]
CodeHeap 'non-nmethods': size=5760Kb used=1157Kb max_used=1175Kb free=4602Kb
 bounds [0x000001ccb6840000, 0x000001ccb6ab0000, 0x000001ccb6de0000]
 total_blobs=1529 nmethods=1091 adapters=353
 compilation: enabled
              stopped_count=0, restarted_count=0
 full_count=0

Compilation events (20 events):
Event: 2.611 Thread 0x000001ccc580ae60 1067       3       org.eclipse.osgi.container.ModuleDatabase$Persistence::readIndexedMap (16 bytes)
Event: 2.611 Thread 0x000001ccc580ae60 nmethod 1067 0x000001ccaf4def10 code [0x000001ccaf4df0c0, 0x000001ccaf4df268]
Event: 2.611 Thread 0x000001ccc580ae60 1074       3       java.util.Collections$UnmodifiableMap::<init> (22 bytes)
Event: 2.612 Thread 0x000001ccc580ae60 nmethod 1074 0x000001ccaf4df390 code [0x000001ccaf4df540, 0x000001ccaf4df7c8]
Event: 2.612 Thread 0x000001ccc580ae60 1073       3       java.util.Collections::unmodifiableMap (20 bytes)
Event: 2.612 Thread 0x000001ccc580ae60 nmethod 1073 0x000001ccaf4df910 code [0x000001ccaf4dfae0, 0x000001ccaf4dfea8]
Event: 2.612 Thread 0x000001ccc580ae60 1076       3       org.eclipse.osgi.container.ModuleDatabase$Persistence::readListValue (97 bytes)
Event: 2.613 Thread 0x000001ccc6ed6df0 nmethod 1061 0x000001ccb6e4c090 code [0x000001ccb6e4c220, 0x000001ccb6e4c5e8]
Event: 2.613 Thread 0x000001ccc6ed6df0 1072       4       java.io.DataInputStream::readByte (6 bytes)
Event: 2.614 Thread 0x000001ccc580ae60 nmethod 1076 0x000001ccaf4e0010 code [0x000001ccaf4e02a0, 0x000001ccaf4e0bc8]
Event: 2.617 Thread 0x000001ccc580ae60 1078       3       org.eclipse.osgi.container.ModuleDatabase$Persistence::readList (78 bytes)
Event: 2.617 Thread 0x000001ccc6ed6df0 nmethod 1072 0x000001ccb6e4c710 code [0x000001ccb6e4c8a0, 0x000001ccb6e4cce8]
Event: 2.618 Thread 0x000001ccc6ed6df0 1071       4       java.io.DataInputStream::readInt (68 bytes)
Event: 2.619 Thread 0x000001ccc580ae60 nmethod 1078 0x000001ccaf4e0f90 code [0x000001ccaf4e1240, 0x000001ccaf4e1eb8]
Event: 2.627 Thread 0x000001ccc6ed6df0 nmethod 1071 0x000001ccb6e4ce90 code [0x000001ccb6e4d060, 0x000001ccb6e4d970]
Event: 2.627 Thread 0x000001ccc6ed6df0 1079       4       java.util.HashMap::put (13 bytes)
Event: 2.629 Thread 0x000001ccc6ed6df0 nmethod 1079 0x000001ccb6e4dd90 code [0x000001ccb6e4df20, 0x000001ccb6e4e048]
Event: 2.629 Thread 0x000001ccc6ed6df0 1075       4       java.util.ArrayList::get (15 bytes)
Event: 2.632 Thread 0x000001ccc6ed6df0 nmethod 1075 0x000001ccb6e4e110 code [0x000001ccb6e4e280, 0x000001ccb6e4e378]
Event: 2.632 Thread 0x000001ccc6ed6df0 1077       4       org.eclipse.osgi.container.ModuleDatabase$Persistence::readString0 (98 bytes)

GC Heap History (2 events):
Event: 2.077 GC heap before
{Heap before GC invocations=1 (full 0):
 PSYoungGen      total 29696K, used 25600K [0x00000000eab00000, 0x00000000ecc00000, 0x0000000100000000)
  eden space 25600K, 100% used [0x00000000eab00000,0x00000000ec400000,0x00000000ec400000)
  from space 4096K, 0% used [0x00000000ec800000,0x00000000ec800000,0x00000000ecc00000)
  to   space 4096K, 0% used [0x00000000ec400000,0x00000000ec400000,0x00000000ec800000)
 ParOldGen       total 68608K, used 0K [0x00000000c0000000, 0x00000000c4300000, 0x00000000eab00000)
  object space 68608K, 0% used [0x00000000c0000000,0x00000000c0000000,0x00000000c4300000)
 Metaspace       used 10960K, committed 11136K, reserved 1114112K
  class space    used 1091K, committed 1216K, reserved 1048576K
}
Event: 2.090 GC heap after
{Heap after GC invocations=1 (full 0):
 PSYoungGen      total 29696K, used 3172K [0x00000000eab00000, 0x00000000ecc00000, 0x0000000100000000)
  eden space 25600K, 0% used [0x00000000eab00000,0x00000000eab00000,0x00000000ec400000)
  from space 4096K, 77% used [0x00000000ec400000,0x00000000ec719278,0x00000000ec800000)
  to   space 4096K, 0% used [0x00000000ec800000,0x00000000ec800000,0x00000000ecc00000)
 ParOldGen       total 68608K, used 8K [0x00000000c0000000, 0x00000000c4300000, 0x00000000eab00000)
  object space 68608K, 0% used [0x00000000c0000000,0x00000000c0002000,0x00000000c4300000)
 Metaspace       used 10960K, committed 11136K, reserved 1114112K
  class space    used 1091K, committed 1216K, reserved 1048576K
}

Dll operation events (8 events):
Event: 0.039 Loaded shared library c:\Users\thinkpad\.vscode\extensions\redhat.java-1.32.0-win32-x64\jre\17.0.11-win32-x86_64\bin\java.dll
Event: 0.407 Loaded shared library c:\Users\thinkpad\.vscode\extensions\redhat.java-1.32.0-win32-x64\jre\17.0.11-win32-x86_64\bin\zip.dll
Event: 0.413 Loaded shared library C:\Users\thinkpad\.vscode\extensions\redhat.java-1.32.0-win32-x64\jre\17.0.11-win32-x86_64\bin\instrument.dll
Event: 0.460 Loaded shared library C:\Users\thinkpad\.vscode\extensions\redhat.java-1.32.0-win32-x64\jre\17.0.11-win32-x86_64\bin\net.dll
Event: 0.464 Loaded shared library C:\Users\thinkpad\.vscode\extensions\redhat.java-1.32.0-win32-x64\jre\17.0.11-win32-x86_64\bin\nio.dll
Event: 0.482 Loaded shared library C:\Users\thinkpad\.vscode\extensions\redhat.java-1.32.0-win32-x64\jre\17.0.11-win32-x86_64\bin\zip.dll
Event: 0.521 Loaded shared library C:\Users\thinkpad\.vscode\extensions\redhat.java-1.32.0-win32-x64\jre\17.0.11-win32-x86_64\bin\jimage.dll
Event: 0.721 Loaded shared library c:\Users\thinkpad\.vscode\extensions\redhat.java-1.32.0-win32-x64\jre\17.0.11-win32-x86_64\bin\verify.dll

Deoptimization events (20 events):
Event: 1.970 Thread 0x000001ccac680300 Uncommon trap: trap_request=0xffffffde fr.pc=0x000001ccb6e19d88 relative=0x0000000000000528
Event: 1.970 Thread 0x000001ccac680300 Uncommon trap: reason=class_check action=maybe_recompile pc=0x000001ccb6e19d88 method=java.util.Collections$UnmodifiableCollection$1.<init>(Ljava/util/Collections$UnmodifiableCollection;)V @ 17 c2
Event: 1.970 Thread 0x000001ccac680300 DEOPT PACKING pc=0x000001ccb6e19d88 sp=0x000000c29e6fe0e0
Event: 1.971 Thread 0x000001ccac680300 DEOPT UNPACKING pc=0x000001ccb6899ea3 sp=0x000000c29e6fe028 mode 2
Event: 1.971 Thread 0x000001ccac680300 Uncommon trap: trap_request=0xffffff45 fr.pc=0x000001ccb6e330e0 relative=0x0000000000000240
Event: 1.971 Thread 0x000001ccac680300 Uncommon trap: reason=unstable_if action=reinterpret pc=0x000001ccb6e330e0 method=java.util.HashMap.hash(Ljava/lang/Object;)I @ 1 c2
Event: 1.971 Thread 0x000001ccac680300 DEOPT PACKING pc=0x000001ccb6e330e0 sp=0x000000c29e6fe090
Event: 1.971 Thread 0x000001ccac680300 DEOPT UNPACKING pc=0x000001ccb6899ea3 sp=0x000000c29e6fdf28 mode 2
Event: 1.971 Thread 0x000001ccac680300 Uncommon trap: trap_request=0xffffff45 fr.pc=0x000001ccb6e32760 relative=0x0000000000000240
Event: 1.971 Thread 0x000001ccac680300 Uncommon trap: reason=unstable_if action=reinterpret pc=0x000001ccb6e32760 method=java.util.HashMap.hash(Ljava/lang/Object;)I @ 1 c2
Event: 1.971 Thread 0x000001ccac680300 DEOPT PACKING pc=0x000001ccb6e32760 sp=0x000000c29e6fe130
Event: 1.971 Thread 0x000001ccac680300 DEOPT UNPACKING pc=0x000001ccb6899ea3 sp=0x000000c29e6fe038 mode 2
Event: 1.971 Thread 0x000001ccac680300 Uncommon trap: trap_request=0xffffffde fr.pc=0x000001ccb6e19d88 relative=0x0000000000000528
Event: 1.971 Thread 0x000001ccac680300 Uncommon trap: reason=class_check action=maybe_recompile pc=0x000001ccb6e19d88 method=java.util.Collections$UnmodifiableCollection$1.<init>(Ljava/util/Collections$UnmodifiableCollection;)V @ 17 c2
Event: 1.971 Thread 0x000001ccac680300 DEOPT PACKING pc=0x000001ccb6e19d88 sp=0x000000c29e6fe0e0
Event: 1.971 Thread 0x000001ccac680300 DEOPT UNPACKING pc=0x000001ccb6899ea3 sp=0x000000c29e6fe028 mode 2
Event: 1.971 Thread 0x000001ccac680300 Uncommon trap: trap_request=0xffffff45 fr.pc=0x000001ccb6e27e94 relative=0x0000000000000094
Event: 1.971 Thread 0x000001ccac680300 Uncommon trap: reason=unstable_if action=reinterpret pc=0x000001ccb6e27e94 method=java.util.HashMap.hash(Ljava/lang/Object;)I @ 1 c2
Event: 1.971 Thread 0x000001ccac680300 DEOPT PACKING pc=0x000001ccb6e27e94 sp=0x000000c29e6fdf90
Event: 1.971 Thread 0x000001ccac680300 DEOPT UNPACKING pc=0x000001ccb6899ea3 sp=0x000000c29e6fdf28 mode 2

Classes unloaded (0 events):
No events

Classes redefined (0 events):
No events

Internal exceptions (20 events):
Event: 1.420 Thread 0x000001ccac680300 Exception <a 'java/io/FileNotFoundException'{0x00000000eb88c6f0}> (0x00000000eb88c6f0) 
thrown [s\src\hotspot\share\prims\jni.cpp, line 516]
Event: 1.420 Thread 0x000001ccac680300 Exception <a 'java/io/FileNotFoundException'{0x00000000eb88d840}> (0x00000000eb88d840) 
thrown [s\src\hotspot\share\prims\jni.cpp, line 516]
Event: 1.421 Thread 0x000001ccac680300 Exception <a 'java/io/FileNotFoundException'{0x00000000eb88e988}> (0x00000000eb88e988) 
thrown [s\src\hotspot\share\prims\jni.cpp, line 516]
Event: 1.422 Thread 0x000001ccac680300 Exception <a 'java/io/FileNotFoundException'{0x00000000eb88fac0}> (0x00000000eb88fac0) 
thrown [s\src\hotspot\share\prims\jni.cpp, line 516]
Event: 1.435 Thread 0x000001ccac680300 Exception <a 'java/io/FileNotFoundException'{0x00000000eb8caa08}> (0x00000000eb8caa08) 
thrown [s\src\hotspot\share\prims\jni.cpp, line 516]
Event: 1.868 Thread 0x000001ccac680300 Exception <a 'java/lang/ClassNotFoundException'{0x00000000ec0e8b48}: sun/net/www/protocol/c/Handler> (0x00000000ec0e8b48) 
thrown [s\src\hotspot\share\classfile\systemDictionary.cpp, line 256]
Event: 1.869 Thread 0x000001ccac680300 Exception <a 'java/lang/ClassNotFoundException'{0x00000000ec0e9ec0}: sun/net/www/protocol/c/Handler> (0x00000000ec0e9ec0) 
thrown [s\src\hotspot\share\classfile\systemDictionary.cpp, line 256]
Event: 1.870 Thread 0x000001ccac680300 Exception <a 'java/lang/ClassNotFoundException'{0x00000000ec0eb090}: sun/net/www/protocol/c/Handler> (0x00000000ec0eb090) 
thrown [s\src\hotspot\share\classfile\systemDictionary.cpp, line 256]
Event: 1.890 Thread 0x000001ccac680300 Exception <a 'java/io/FileNotFoundException'{0x00000000ec113900}> (0x00000000ec113900) 
thrown [s\src\hotspot\share\prims\jni.cpp, line 516]
Event: 1.970 Thread 0x000001ccac680300 Implicit null exception at 0x000001ccb6e26adb to 0x000001ccb6e274cc
Event: 1.971 Thread 0x000001ccac680300 Implicit null exception at 0x000001ccb6e32eec to 0x000001ccb6e330c8
Event: 1.971 Thread 0x000001ccac680300 Implicit null exception at 0x000001ccb6e3256c to 0x000001ccb6e32748
Event: 1.971 Thread 0x000001ccac680300 Implicit null exception at 0x000001ccb6e27e0f to 0x000001ccb6e27e85
Event: 2.070 Thread 0x000001ccac680300 Exception <a 'java/lang/NoSuchMethodError'{0x00000000ec3ecf18}: 'int java.lang.invoke.DirectMethodHandle$Holder.invokeStaticInit(java.lang.Object, java.lang.Object, java.lang.Object, java.lang.Object)'> (0x00000000ec3ecf18) 
thrown [s\src\hotspot\share\interpreter\linkResolver.cpp, line 759]
Event: 2.074 Thread 0x000001ccac680300 Exception <a 'java/lang/NoSuchMethodError'{0x00000000ec3f7588}: 'java.lang.Object java.lang.invoke.DirectMethodHandle$Holder.invokeInterface(java.lang.Object, java.lang.Object)'> (0x00000000ec3f7588) 
thrown [s\src\hotspot\share\interpreter\linkResolver.cpp, line 759]
Event: 2.075 Thread 0x000001ccac680300 Exception <a 'java/lang/IncompatibleClassChangeError'{0x00000000ec3fad80}: Found class java.lang.Object, but interface was expected> (0x00000000ec3fad80) 
thrown [s\src\hotspot\share\interpreter\linkResolver.cpp, line 826]
Event: 2.077 Thread 0x000001ccac680300 Exception <a 'java/lang/NoSuchMethodError'{0x00000000ec3ff270}: 'void java.lang.invoke.DirectMethodHandle$Holder.invokeStatic(java.lang.Object, java.lang.Object)'> (0x00000000ec3ff270) 
thrown [s\src\hotspot\share\interpreter\linkResolver.cpp, line 759]
Event: 2.091 Thread 0x000001ccac680300 Exception <a 'java/lang/NoSuchMethodError'{0x00000000eab03068}: 'void java.lang.invoke.DirectMethodHandle$Holder.invokeStaticInit(java.lang.Object, java.lang.Object)'> (0x00000000eab03068) 
thrown [s\src\hotspot\share\interpreter\linkResolver.cpp, line 759]
Event: 2.093 Thread 0x000001ccac680300 Exception <a 'java/lang/NoSuchMethodError'{0x00000000eab0a5f8}: 'int java.lang.invoke.DirectMethodHandle$Holder.invokeStaticInit(java.lang.Object, java.lang.Object)'> (0x00000000eab0a5f8) 
thrown [s\src\hotspot\share\interpreter\linkResolver.cpp, line 759]
Event: 2.478 Thread 0x000001ccac680300 Exception <a 'java/lang/NoSuchMethodError'{0x00000000eac56db0}: 'void java.lang.invoke.DirectMethodHandle$Holder.invokeSpecial(java.lang.Object, java.lang.Object, java.lang.Object)'> (0x00000000eac56db0) 
thrown [s\src\hotspot\share\interpreter\linkResolver.cpp, line 759]

VM Operations (12 events):
Event: 0.359 Executing VM operation: HandshakeAllThreads
Event: 0.359 Executing VM operation: HandshakeAllThreads done
Event: 0.597 Executing VM operation: HandshakeAllThreads
Event: 0.597 Executing VM operation: HandshakeAllThreads done
Event: 1.348 Executing VM operation: HandshakeAllThreads
Event: 1.348 Executing VM operation: HandshakeAllThreads done
Event: 1.348 Executing VM operation: Cleanup
Event: 1.349 Executing VM operation: Cleanup done
Event: 1.378 Executing VM operation: HandshakeAllThreads
Event: 1.378 Executing VM operation: HandshakeAllThreads done
Event: 2.077 Executing VM operation: ParallelGCFailedAllocation
Event: 2.090 Executing VM operation: ParallelGCFailedAllocation done

Events (20 events):
Event: 2.528 loading class java/util/concurrent/SynchronousQueue done
Event: 2.528 loading class java/util/concurrent/SynchronousQueue$TransferStack
Event: 2.528 loading class java/util/concurrent/SynchronousQueue$Transferer
Event: 2.529 loading class java/util/concurrent/SynchronousQueue$Transferer done
Event: 2.529 loading class java/util/concurrent/SynchronousQueue$TransferStack done
Event: 2.529 loading class java/util/concurrent/SynchronousQueue$TransferStack$SNode
Event: 2.529 loading class java/util/concurrent/ForkJoinPool$ManagedBlocker
Event: 2.529 loading class java/util/concurrent/ForkJoinPool$ManagedBlocker done
Event: 2.529 loading class java/util/concurrent/SynchronousQueue$TransferStack$SNode done
Event: 2.531 loading class java/util/concurrent/RejectedExecutionHandler
Event: 2.531 loading class java/util/concurrent/RejectedExecutionHandler done
Event: 2.532 loading class java/util/concurrent/LinkedBlockingQueue
Event: 2.533 loading class java/util/concurrent/LinkedBlockingQueue done
Event: 2.533 loading class java/util/concurrent/LinkedBlockingQueue$Node
Event: 2.533 loading class java/util/concurrent/LinkedBlockingQueue$Node done
Event: 2.571 loading class java/util/concurrent/Semaphore$NonfairSync
Event: 2.572 loading class java/util/concurrent/Semaphore$Sync
Event: 2.572 loading class java/util/concurrent/Semaphore$Sync done
Event: 2.572 loading class java/util/concurrent/Semaphore$NonfairSync done
Event: 2.609 Thread 0x000001ccc6ed6df0 Thread added: 0x000001ccc6ed6df0


Dynamic libraries:
0x00007ff6dd070000 - 0x00007ff6dd07e000 	c:\Users\thinkpad\.vscode\extensions\redhat.java-1.32.0-win32-x64\jre\17.0.11-win32-x86_64\bin\java.exe
0x00007ffb48d90000 - 0x00007ffb48fa7000 	C:\WINDOWS\SYSTEM32\ntdll.dll
0x00007ffb47c60000 - 0x00007ffb47d24000 	C:\WINDOWS\System32\KERNEL32.DLL
0x00007ffb46210000 - 0x00007ffb465bc000 	C:\WINDOWS\System32\KERNELBASE.dll
0x00007ffb465c0000 - 0x00007ffb466d1000 	C:\WINDOWS\System32\ucrtbase.dll
0x00007ffb3e140000 - 0x00007ffb3e157000 	c:\Users\thinkpad\.vscode\extensions\redhat.java-1.32.0-win32-x64\jre\17.0.11-win32-x86_64\bin\jli.dll
0x00007ffb3dcc0000 - 0x00007ffb3dcdb000 	c:\Users\thinkpad\.vscode\extensions\redhat.java-1.32.0-win32-x64\jre\17.0.11-win32-x86_64\bin\VCRUNTIME140.dll
0x00007ffb47540000 - 0x00007ffb476ee000 	C:\WINDOWS\System32\USER32.dll
0x00007ffb461e0000 - 0x00007ffb46206000 	C:\WINDOWS\System32\win32u.dll
0x00007ffb2dad0000 - 0x00007ffb2dd63000 	C:\WINDOWS\WinSxS\amd64_microsoft.windows.common-controls_6595b64144ccf1df_6.0.22621.3672_none_2713b9d173822955\COMCTL32.dll
0x00007ffb47f30000 - 0x00007ffb47f59000 	C:\WINDOWS\System32\GDI32.dll
0x00007ffb48ba0000 - 0x00007ffb48c47000 	C:\WINDOWS\System32\msvcrt.dll
0x00007ffb460c0000 - 0x00007ffb461d9000 	C:\WINDOWS\System32\gdi32full.dll
0x00007ffb46850000 - 0x00007ffb468ea000 	C:\WINDOWS\System32\msvcp_win.dll
0x00007ffb46b20000 - 0x00007ffb46b51000 	C:\WINDOWS\System32\IMM32.DLL
0x00007ffb3ffe0000 - 0x00007ffb3ffec000 	c:\Users\thinkpad\.vscode\extensions\redhat.java-1.32.0-win32-x64\jre\17.0.11-win32-x86_64\bin\vcruntime140_1.dll
0x00007ffb1fe90000 - 0x00007ffb1ff1d000 	c:\Users\thinkpad\.vscode\extensions\redhat.java-1.32.0-win32-x64\jre\17.0.11-win32-x86_64\bin\msvcp140.dll
0x00007ffb00ee0000 - 0x00007ffb01b42000 	c:\Users\thinkpad\.vscode\extensions\redhat.java-1.32.0-win32-x64\jre\17.0.11-win32-x86_64\bin\server\jvm.dll
0x00007ffb48ac0000 - 0x00007ffb48b72000 	C:\WINDOWS\System32\ADVAPI32.dll
0x00007ffb48060000 - 0x00007ffb4810a000 	C:\WINDOWS\System32\sechost.dll
0x00007ffb46a20000 - 0x00007ffb46a48000 	C:\WINDOWS\System32\bcrypt.dll
0x00007ffb48990000 - 0x00007ffb48aa5000 	C:\WINDOWS\System32\RPCRT4.dll
0x00007ffb45060000 - 0x00007ffb450ad000 	C:\WINDOWS\SYSTEM32\POWRPROF.dll
0x00007ffb42e20000 - 0x00007ffb42e29000 	C:\WINDOWS\SYSTEM32\WSOCK32.dll
0x00007ffb48c50000 - 0x00007ffb48cc1000 	C:\WINDOWS\System32\WS2_32.dll
0x00007ffb3d4d0000 - 0x00007ffb3d4da000 	C:\WINDOWS\SYSTEM32\VERSION.dll
0x00007ffb40870000 - 0x00007ffb408a4000 	C:\WINDOWS\SYSTEM32\WINMM.dll
0x00007ffb44f90000 - 0x00007ffb44fa3000 	C:\WINDOWS\SYSTEM32\UMPDC.dll
0x00007ffb451a0000 - 0x00007ffb451b8000 	C:\WINDOWS\SYSTEM32\kernel.appcore.dll
0x00007ffb3fea0000 - 0x00007ffb3feaa000 	c:\Users\thinkpad\.vscode\extensions\redhat.java-1.32.0-win32-x64\jre\17.0.11-win32-x86_64\bin\jimage.dll
0x00007ffb43750000 - 0x00007ffb43982000 	C:\WINDOWS\SYSTEM32\DBGHELP.DLL
0x00007ffb46b70000 - 0x00007ffb46ef8000 	C:\WINDOWS\System32\combase.dll
0x00007ffb47b70000 - 0x00007ffb47c47000 	C:\WINDOWS\System32\OLEAUT32.dll
0x00007ffb18d40000 - 0x00007ffb18d72000 	C:\WINDOWS\SYSTEM32\dbgcore.DLL
0x00007ffb46a50000 - 0x00007ffb46acb000 	C:\WINDOWS\System32\bcryptPrimitives.dll
0x00007ffb3fce0000 - 0x00007ffb3fcee000 	c:\Users\thinkpad\.vscode\extensions\redhat.java-1.32.0-win32-x64\jre\17.0.11-win32-x86_64\bin\instrument.dll
0x00007ffb3d1f0000 - 0x00007ffb3d215000 	c:\Users\thinkpad\.vscode\extensions\redhat.java-1.32.0-win32-x64\jre\17.0.11-win32-x86_64\bin\java.dll
0x00007ffb3dc50000 - 0x00007ffb3dc68000 	c:\Users\thinkpad\.vscode\extensions\redhat.java-1.32.0-win32-x64\jre\17.0.11-win32-x86_64\bin\zip.dll
0x00007ffb48130000 - 0x00007ffb4898c000 	C:\WINDOWS\System32\SHELL32.dll
0x00007ffb43fc0000 - 0x00007ffb448b7000 	C:\WINDOWS\SYSTEM32\windows.storage.dll
0x00007ffb43e80000 - 0x00007ffb43fbf000 	C:\WINDOWS\SYSTEM32\wintypes.dll
0x00007ffb47380000 - 0x00007ffb47474000 	C:\WINDOWS\System32\SHCORE.dll
0x00007ffb47480000 - 0x00007ffb474de000 	C:\WINDOWS\System32\shlwapi.dll
0x00007ffb45ff0000 - 0x00007ffb46011000 	C:\WINDOWS\SYSTEM32\profapi.dll
0x00007ffb3d400000 - 0x00007ffb3d419000 	C:\Users\thinkpad\.vscode\extensions\redhat.java-1.32.0-win32-x64\jre\17.0.11-win32-x86_64\bin\net.dll
0x00007ffb41420000 - 0x00007ffb41556000 	C:\WINDOWS\SYSTEM32\WINHTTP.dll
0x00007ffb45600000 - 0x00007ffb45669000 	C:\WINDOWS\system32\mswsock.dll
0x00007ffb3d230000 - 0x00007ffb3d246000 	C:\Users\thinkpad\.vscode\extensions\redhat.java-1.32.0-win32-x64\jre\17.0.11-win32-x86_64\bin\nio.dll
0x00007ffb3f630000 - 0x00007ffb3f640000 	c:\Users\thinkpad\.vscode\extensions\redhat.java-1.32.0-win32-x64\jre\17.0.11-win32-x86_64\bin\verify.dll

dbghelp: loaded successfully - version: 4.0.5 - missing functions: none
symbol engine: initialized successfully - sym options: 0x614 - pdb path: .;c:\Users\thinkpad\.vscode\extensions\redhat.java-1.32.0-win32-x64\jre\17.0.11-win32-x86_64\bin;C:\WINDOWS\SYSTEM32;C:\WINDOWS\WinSxS\amd64_microsoft.windows.common-controls_6595b64144ccf1df_6.0.22621.3672_none_2713b9d173822955;c:\Users\thinkpad\.vscode\extensions\redhat.java-1.32.0-win32-x64\jre\17.0.11-win32-x86_64\bin\server

VM Arguments:
jvm_args: --add-modules=ALL-SYSTEM --add-opens=java.base/java.util=ALL-UNNAMED --add-opens=java.base/java.lang=ALL-UNNAMED --add-opens=java.base/sun.nio.fs=ALL-UNNAMED -Declipse.application=org.eclipse.jdt.ls.core.id1 -Dosgi.bundles.defaultStartLevel=4 -Declipse.product=org.eclipse.jdt.ls.core.product -Djava.import.generatesMetadataFilesAtProjectRoot=false -DDetectVMInstallationsJob.disabled=true -Dfile.encoding=utf8 -XX:+UseParallelGC -XX:GCTimeRatio=4 -XX:AdaptiveSizePolicyWeight=90 -Dsun.zip.disableMemoryMapping=true -Xmx1G -Xms100m -Xlog:disable -javaagent:c:\Users\thinkpad\.vscode\extensions\redhat.java-1.32.0-win32-x64\lombok\lombok-1.18.33.jar -XX:+HeapDumpOnOutOfMemoryError -XX:HeapDumpPath=c:\Users\thinkpad\AppData\Roaming\Code\User\workspaceStorage\51565181f65691b3f7f12234beb67880\redhat.java -Daether.dependencyCollector.impl=bf 
java_command: c:\Users\thinkpad\.vscode\extensions\redhat.java-1.32.0-win32-x64\server\plugins\org.eclipse.equinox.launcher_1.6.900.v20240613-2009.jar -configuration c:\Users\thinkpad\AppData\Roaming\Code\User\globalStorage\redhat.java\1.32.0\config_win -data c:\Users\thinkpad\AppData\Roaming\Code\User\workspaceStorage\51565181f65691b3f7f12234beb67880\redhat.java\jdt_ws --pipe=\\.\pipe\lsp-2049debc469f429189634f603df6f191-sock
java_class_path (initial): c:\Users\thinkpad\.vscode\extensions\redhat.java-1.32.0-win32-x64\server\plugins\org.eclipse.equinox.launcher_1.6.900.v20240613-2009.jar
Launcher Type: SUN_STANDARD

[Global flags]
    uintx AdaptiveSizePolicyWeight                 = 90                                        {product} {command line}
     intx CICompilerCount                          = 4                                         {product} {ergonomic}
    uintx GCTimeRatio                              = 4                                         {product} {command line}
     bool HeapDumpOnOutOfMemoryError               = true                                   {manageable} {command line}
    ccstr HeapDumpPath                             = c:\Users\thinkpad\AppData\Roaming\Code\User\workspaceStorage\51565181f65691b3f7f12234beb67880\redhat.java         {manageable} {command line}
   size_t InitialHeapSize                          = 104857600                                 {product} {command line}
   size_t MaxHeapSize                              = 1073741824                                {product} {command line}
   size_t MaxNewSize                               = 357564416                                 {product} {ergonomic}
   size_t MinHeapDeltaBytes                        = 524288                                    {product} {ergonomic}
   size_t MinHeapSize                              = 104857600                                 {product} {command line}
   size_t NewSize                                  = 34603008                                  {product} {ergonomic}
    uintx NonNMethodCodeHeapSize                   = 5839372                                {pd product} {ergonomic}
    uintx NonProfiledCodeHeapSize                  = 122909434                              {pd product} {ergonomic}
   size_t OldSize                                  = 70254592                                  {product} {ergonomic}
    uintx ProfiledCodeHeapSize                     = 122909434                              {pd product} {ergonomic}
    uintx ReservedCodeCacheSize                    = 251658240                              {pd product} {ergonomic}
     bool SegmentedCodeCache                       = true                                      {product} {ergonomic}
   size_t SoftMaxHeapSize                          = 1073741824                             {manageable} {ergonomic}
     bool UseCompressedClassPointers               = true                           {product lp64_product} {ergonomic}
     bool UseCompressedOops                        = true                           {product lp64_product} {ergonomic}
     bool UseLargePagesIndividualAllocation        = false                                  {pd product} {ergonomic}
     bool UseParallelGC                            = true                                      {product} {command line}

Logging:
Log output configuration:
 #0: stdout all=off uptime,level,tags
 #1: stderr all=off uptime,level,tags

Environment Variables:
JAVA_HOME=C:\Program Files\Java\jdk-11
PATH=C:\Program Files\Common Files\Oracle\Java\javapath;C:\WINDOWS\system32;C:\WINDOWS;C:\WINDOWS\System32\Wbem;C:\WINDOWS\System32\WindowsPowerShell\v1.0\;C:\WINDOWS\System32\OpenSSH\;C:\xampp\php;C:\Program Files\Java\jdk-11\bin;C:\ProgramData\ComposerSetup\bin;C:\xampp\php;C:\Program Files\Docker\Docker\resources\bin;C:\Program Files\nodejs\;C:\Program Files\Java\jdk-21\bin;C:\Program Files\Java\jdk-11\bin;C:\Program Files\Git\cmd;C:\Users\thinkpad\scoop\shims;C:\Program Files\Elixir\bin;C:\Program Files\Erlang OTP\bin;C:\Users\thinkpad\AppData\Local\Programs\Python\Python310\Scripts\;C:\Users\thinkpad\AppData\Local\Programs\Python\Python310\;C:\Users\thinkpad\AppData\Local\Microsoft\WindowsApps;C:\Users\thinkpad\AppData\Local\Programs\Microsoft VS Code\bin;C:\xampp\htdocs\server\php;C:\Users\thinkpad\AppData\Local\Programs\mongosh\;C:\Users\thinkpad\AppData\Roaming\Composer\vendor\bin;C:\Users\thinkpad\AppData\Roaming\npm
USERNAME=thinkpad
OS=Windows_NT
PROCESSOR_IDENTIFIER=Intel64 Family 6 Model 126 Stepping 5, GenuineIntel
TMP=C:\Users\thinkpad\AppData\Local\Temp
TEMP=C:\Users\thinkpad\AppData\Local\Temp



Periodic native trim disabled


---------------  S Y S T E M  ---------------

OS:
 Windows 11 , 64 bit Build 22621 (10.0.22621.3672)
OS uptime: 0 days 2:23 hours
Hyper-V role detected

CPU: total 8 (initial active 8) (4 cores per cpu, 2 threads per core) family 6 model 126 stepping 5 microcode 0xa6, cx8, cmov, fxsr, ht, mmx, 3dnowpref, sse, sse2, sse3, ssse3, sse4.1, sse4.2, popcnt, lzcnt, tsc, tscinvbit, avx, avx2, aes, erms, clmul, bmi1, bmi2, adx, avx512f, avx512dq, avx512cd, avx512bw, avx512vl, sha, fma, vzeroupper, avx512_vpopcntdq, avx512_vpclmulqdq, avx512_vaes, avx512_vnni, clflush, clflushopt, avx512_vbmi2, avx512_vbmi, hv
Processor Information for all 8 processors :
  Max Mhz: 1190, Current Mhz: 991, Mhz Limit: 987

Memory: 4k page, system-wide physical 7997M (1088M free)
TotalPageFile size 10045M (AvailPageFile size 2M)
current process WorkingSet (physical memory assigned to process): 80M, peak: 80M
current process commit charge ("private bytes"): 201M, peak: 201M

vm_info: OpenJDK 64-Bit Server VM (17.0.11+9) for windows-amd64 JRE (17.0.11+9), built on Apr 17 2024 06:07:48 by "admin" with MS VC++ 16.10 / 16.11 (VS2019)

END.
