#
# There is insufficient memory for the Java Runtime Environment to continue.
# Native memory allocation (malloc) failed to allocate 1048576 bytes. Error detail: AllocateHeap
# Possible reasons:
#   The system is out of physical RAM or swap space
#   This process is running with CompressedOops enabled, and the Java Heap may be blocking the growth of the native heap
# Possible solutions:
#   Reduce memory load on the system
#   Increase physical memory or swap space
#   Check if swap backing store is full
#   Decrease Java heap size (-Xmx/-Xms)
#   Decrease number of Java threads
#   Decrease Java thread stack sizes (-Xss)
#   Set larger code cache with -XX:ReservedCodeCacheSize=
#   JVM is running with Unscaled Compressed Oops mode in which the Java heap is
#     placed in the first 4GB address space. The Java Heap base address is the
#     maximum limit for the native heap growth. Please use -XX:HeapBaseMinAddress
#     to set the Java Heap base and to place the Java Heap above 4GB virtual address.
# This output file may be truncated or incomplete.
#
#  Out of Memory Error (allocation.cpp:44), pid=10244, tid=11912
#
# JRE version:  (17.0.11+9) (build )
# Java VM: OpenJDK 64-Bit Server VM (17.0.11+9, mixed mode, tiered, compressed oops, compressed class ptrs, parallel gc, windows-amd64)
# No core dump will be written. Minidumps are not enabled by default on client versions of Windows
#

---------------  S U M M A R Y ------------

Command Line: --add-modules=ALL-SYSTEM --add-opens=java.base/java.util=ALL-UNNAMED --add-opens=java.base/java.lang=ALL-UNNAMED --add-opens=java.base/sun.nio.fs=ALL-UNNAMED -Declipse.application=org.eclipse.jdt.ls.core.id1 -Dosgi.bundles.defaultStartLevel=4 -Declipse.product=org.eclipse.jdt.ls.core.product -Djava.import.generatesMetadataFilesAtProjectRoot=false -DDetectVMInstallationsJob.disabled=true -Dfile.encoding=utf8 -XX:+UseParallelGC -XX:GCTimeRatio=4 -XX:AdaptiveSizePolicyWeight=90 -Dsun.zip.disableMemoryMapping=true -Xmx1G -Xms100m -Xlog:disable -javaagent:c:\Users\thinkpad\.vscode\extensions\redhat.java-1.31.0-win32-x64\lombok\lombok-1.18.32.jar c:\Users\thinkpad\.vscode\extensions\redhat.java-1.31.0-win32-x64\server\plugins\org.eclipse.equinox.launcher_1.6.800.v20240513-1750.jar -configuration c:\Users\thinkpad\AppData\Roaming\Code\User\globalStorage\redhat.java\1.31.0\config_ss_win -data c:\Users\thinkpad\AppData\Roaming\Code\User\workspaceStorage\51565181f65691b3f7f12234beb67880\redhat.java\ss_ws --pipe=\\.\pipe\lsp-726e3a9d8e058a820840af244ee1b974-sock

Host: Intel(R) Core(TM) i5-1035G1 CPU @ 1.00GHz, 8 cores, 7G,  Windows 11 , 64 bit Build 22621 (10.0.22621.755)
Time: Tue Jun 25 19:31:33 2024 Maroc (heure d64 bit Build 22621 (10.0.22621.755) elapsed time: 0.926479 seconds (0d 0h 0m 0s)

---------------  T H R E A D  ---------------

Current thread (0x0000018c5e8ad300):  JavaThread "Unknown thread" [_thread_in_vm, id=11912, stack(0x0000004b8ac00000,0x0000004b8ad00000)]

Stack: [0x0000004b8ac00000,0x0000004b8ad00000]
Native frames: (J=compiled Java code, j=interpreted, Vv=VM code, C=native code)
V  [jvm.dll+0x67d429]
V  [jvm.dll+0x834b7a]
V  [jvm.dll+0x83663e]
V  [jvm.dll+0x836ca3]
V  [jvm.dll+0x247dbf]
V  [jvm.dll+0xa6cb3]
V  [jvm.dll+0x6aff5a]
V  [jvm.dll+0x6b0c4f]
V  [jvm.dll+0x689b53]
V  [jvm.dll+0x806c4b]
V  [jvm.dll+0x36c5e4]
V  [jvm.dll+0x7e4f56]
V  [jvm.dll+0x3efdcf]
V  [jvm.dll+0x3f1921]
C  [jli.dll+0x528f]
C  [ucrtbase.dll+0x29363]
C  [KERNEL32.DLL+0x1244d]
C  [ntdll.dll+0x5dfb8]


---------------  P R O C E S S  ---------------

Threads class SMR info:
_java_thread_list=0x00007fff2449eed8, length=0, elements={
}

Java Threads: ( => current thread )

Other Threads:
  0x0000018c5e8c29f0 GCTaskThread "GC Thread#0" [stack: 0x0000004b8ad00000,0x0000004b8ae00000] [id=3688]

=>0x0000018c5e8ad300 (exited) JavaThread "Unknown thread" [_thread_in_vm, id=11912, stack(0x0000004b8ac00000,0x0000004b8ad00000)]

Threads with active compile tasks:

VM state: not at safepoint (normal execution)

VM Mutex/Monitor currently owned by a thread: None

Heap address: 0x00000000c0000000, size: 1024 MB, Compressed Oops mode: 32-bit

CDS archive(s) not mapped
Compressed class space mapped at: 0x0000000100000000-0x0000000140000000, reserved size: 1073741824
Narrow klass base: 0x0000000000000000, Narrow klass shift: 3, Narrow klass range: 0x140000000

GC Precious Log:
 CPUs: 8 total, 8 available
 Memory: 7997M
 Large Page Support: Disabled
 NUMA Support: Disabled
 Compressed Oops: Enabled (32-bit)
 Alignments: Space 512K, Generation 512K, Heap 2M
 Heap Min Capacity: 100M
 Heap Initial Capacity: 100M
 Heap Max Capacity: 1G
 Pre-touch: Disabled
 Parallel Workers: 8

Heap:
 PSYoungGen      total 29696K, used 512K [0x00000000eab00000, 0x00000000ecc00000, 0x0000000100000000)
  eden space 25600K, 2% used [0x00000000eab00000,0x00000000eab80070,0x00000000ec400000)
  from space 4096K, 0% used [0x00000000ec800000,0x00000000ec800000,0x00000000ecc00000)
  to   space 4096K, 0% used [0x00000000ec400000,0x00000000ec400000,0x00000000ec800000)
 ParOldGen       total 68608K, used 0K [0x00000000c0000000, 0x00000000c4300000, 0x00000000eab00000)
  object space 68608K, 0% used [0x00000000c0000000,0x00000000c0000000,0x00000000c4300000)
 Metaspace       used 1149K, committed 1216K, reserved 1114112K
  class space    used 101K, committed 128K, reserved 1048576K

Card table byte_map: [0x0000018c5e270000,0x0000018c5e480000] _byte_map_base: 0x0000018c5dc70000

Marking Bits: (ParMarkBitMap*) 0x00007fff2450d820
 Begin Bits: [0x0000018c70540000, 0x0000018c71540000)
 End Bits:   [0x0000018c71540000, 0x0000018c72540000)

Polling page: 0x0000018c5e060000

Metaspace:

Usage:
  Non-class:      1.02 MB used.
      Class:    101.05 KB used.
       Both:      1.12 MB used.

Virtual space:
  Non-class space:       64.00 MB reserved,       1.06 MB (  2%) committed,  1 nodes.
      Class space:        1.00 GB reserved,     128.00 KB ( <1%) committed,  1 nodes.
             Both:        1.06 GB reserved,       1.19 MB ( <1%) committed. 

Chunk freelists:
   Non-Class:  12.00 MB
       Class:  15.75 MB
        Both:  27.75 MB

MaxMetaspaceSize: unlimited
CompressedClassSpaceSize: 1.00 GB
Initial GC threshold: 21.00 MB
Current GC threshold: 17179869184.00 GB
CDS: off
MetaspaceReclaimPolicy: balanced
 - commit_granule_bytes: 65536.
 - commit_granule_words: 8192.
 - virtual_space_node_default_size: 8388608.
 - enlarge_chunks_in_place: 1.
 - new_chunks_are_fully_committed: 0.
 - uncommit_free_chunks: 1.
 - use_allocation_guard: 0.
 - handle_deallocations: 1.


Internal statistics:

num_allocs_failed_limit: 0.
num_arena_births: 2.
num_arena_deaths: 0.
num_vsnodes_births: 2.
num_vsnodes_deaths: 0.
num_space_committed: 19.
num_space_uncommitted: 0.
num_chunks_returned_to_freelist: 0.
num_chunks_taken_from_freelist: 3.
num_chunk_merges: 0.
num_chunk_splits: 2.
num_chunks_enlarged: 0.
num_inconsistent_stats: 0.

CodeHeap 'non-profiled nmethods': size=120000Kb used=0Kb max_used=0Kb free=120000Kb
 bounds [0x0000018c69010000, 0x0000018c69280000, 0x0000018c70540000]
CodeHeap 'profiled nmethods': size=120000Kb used=0Kb max_used=0Kb free=120000Kb
 bounds [0x0000018c61540000, 0x0000018c617b0000, 0x0000018c68a70000]
CodeHeap 'non-nmethods': size=5760Kb used=209Kb max_used=360Kb free=5550Kb
 bounds [0x0000018c68a70000, 0x0000018c68ce0000, 0x0000018c69010000]
 total_blobs=66 nmethods=0 adapters=47
 compilation: enabled
              stopped_count=0, restarted_count=0
 full_count=0

Compilation events (0 events):
No events

GC Heap History (0 events):
No events

Dll operation events (1 events):
Event: 0.257 Loaded shared library c:\Users\thinkpad\.vscode\extensions\redhat.java-1.31.0-win32-x64\jre\17.0.11-win32-x86_64\bin\java.dll

Deoptimization events (0 events):
No events

Classes unloaded (0 events):
No events

Classes redefined (0 events):
No events

Internal exceptions (0 events):
No events

VM Operations (0 events):
No events

Events (20 events):
Event: 0.833 loading class java/lang/Long
Event: 0.835 loading class java/lang/Long done
Event: 0.835 loading class java/util/Iterator
Event: 0.835 loading class java/util/Iterator done
Event: 0.835 loading class java/lang/reflect/RecordComponent
Event: 0.836 loading class java/lang/reflect/RecordComponent done
Event: 0.836 loading class jdk/internal/vm/vector/VectorSupport
Event: 0.841 loading class jdk/internal/vm/vector/VectorSupport done
Event: 0.841 loading class jdk/internal/vm/vector/VectorSupport$VectorPayload
Event: 0.841 loading class jdk/internal/vm/vector/VectorSupport$VectorPayload done
Event: 0.841 loading class jdk/internal/vm/vector/VectorSupport$Vector
Event: 0.845 loading class jdk/internal/vm/vector/VectorSupport$Vector done
Event: 0.845 loading class jdk/internal/vm/vector/VectorSupport$VectorMask
Event: 0.846 loading class jdk/internal/vm/vector/VectorSupport$VectorMask done
Event: 0.846 loading class jdk/internal/vm/vector/VectorSupport$VectorShuffle
Event: 0.846 loading class jdk/internal/vm/vector/VectorSupport$VectorShuffle done
Event: 0.857 loading class java/lang/NullPointerException
Event: 0.858 loading class java/lang/NullPointerException done
Event: 0.858 loading class java/lang/ArithmeticException
Event: 0.858 loading class java/lang/ArithmeticException done


Dynamic libraries:
0x00007ff6569e0000 - 0x00007ff6569ee000 	c:\Users\thinkpad\.vscode\extensions\redhat.java-1.31.0-win32-x64\jre\17.0.11-win32-x86_64\bin\java.exe
0x00007fffae710000 - 0x00007fffae924000 	C:\WINDOWS\SYSTEM32\ntdll.dll
0x00007fffad040000 - 0x00007fffad102000 	C:\WINDOWS\System32\KERNEL32.DLL
0x00007fffabd80000 - 0x00007fffac11d000 	C:\WINDOWS\System32\KERNELBASE.dll
0x00007fffac3f0000 - 0x00007fffac501000 	C:\WINDOWS\System32\ucrtbase.dll
0x00007fff76380000 - 0x00007fff76397000 	c:\Users\thinkpad\.vscode\extensions\redhat.java-1.31.0-win32-x64\jre\17.0.11-win32-x86_64\bin\jli.dll
0x00007fff75260000 - 0x00007fff7527b000 	c:\Users\thinkpad\.vscode\extensions\redhat.java-1.31.0-win32-x64\jre\17.0.11-win32-x86_64\bin\VCRUNTIME140.dll
0x00007fffadde0000 - 0x00007fffadf8a000 	C:\WINDOWS\System32\USER32.dll
0x00007fff96dc0000 - 0x00007fff9704e000 	C:\WINDOWS\WinSxS\amd64_microsoft.windows.common-controls_6595b64144ccf1df_6.0.22621.608_none_a9444ca7c10bb01d\COMCTL32.dll
0x00007fffac3c0000 - 0x00007fffac3e6000 	C:\WINDOWS\System32\win32u.dll
0x00007fffac810000 - 0x00007fffac839000 	C:\WINDOWS\System32\GDI32.dll
0x00007fffacce0000 - 0x00007fffacd87000 	C:\WINDOWS\System32\msvcrt.dll
0x00007fffabb40000 - 0x00007fffabc52000 	C:\WINDOWS\System32\gdi32full.dll
0x00007fffabce0000 - 0x00007fffabd7a000 	C:\WINDOWS\System32\msvcp_win.dll
0x00007fffacbd0000 - 0x00007fffacc02000 	C:\WINDOWS\System32\IMM32.DLL
0x00007fff8b4d0000 - 0x00007fff8b4dc000 	c:\Users\thinkpad\.vscode\extensions\redhat.java-1.31.0-win32-x64\jre\17.0.11-win32-x86_64\bin\vcruntime140_1.dll
0x00007fff660f0000 - 0x00007fff6617d000 	c:\Users\thinkpad\.vscode\extensions\redhat.java-1.31.0-win32-x64\jre\17.0.11-win32-x86_64\bin\msvcp140.dll
0x00007fff23970000 - 0x00007fff245d2000 	c:\Users\thinkpad\.vscode\extensions\redhat.java-1.31.0-win32-x64\jre\17.0.11-win32-x86_64\bin\server\jvm.dll
0x00007fffadd30000 - 0x00007fffaddde000 	C:\WINDOWS\System32\ADVAPI32.dll
0x00007fffac510000 - 0x00007fffac5b4000 	C:\WINDOWS\System32\sechost.dll
0x00007fffad430000 - 0x00007fffad545000 	C:\WINDOWS\System32\RPCRT4.dll
0x00007fffaaa80000 - 0x00007fffaaacd000 	C:\WINDOWS\SYSTEM32\POWRPROF.dll
0x00007fff8ff20000 - 0x00007fff8ff29000 	C:\WINDOWS\SYSTEM32\WSOCK32.dll
0x00007fffac790000 - 0x00007fffac801000 	C:\WINDOWS\System32\WS2_32.dll
0x00007fffa40e0000 - 0x00007fffa4114000 	C:\WINDOWS\SYSTEM32\WINMM.dll
0x00007fffa1a00000 - 0x00007fffa1a0a000 	C:\WINDOWS\SYSTEM32\VERSION.dll
0x00007fffaaa20000 - 0x00007fffaaa33000 	C:\WINDOWS\SYSTEM32\UMPDC.dll
0x00007fffaac60000 - 0x00007fffaac78000 	C:\WINDOWS\SYSTEM32\kernel.appcore.dll
0x00007fff88d10000 - 0x00007fff88d1a000 	c:\Users\thinkpad\.vscode\extensions\redhat.java-1.31.0-win32-x64\jre\17.0.11-win32-x86_64\bin\jimage.dll
0x00007fffa9620000 - 0x00007fffa984e000 	C:\WINDOWS\SYSTEM32\DBGHELP.DLL
0x00007fffac840000 - 0x00007fffacbca000 	C:\WINDOWS\System32\combase.dll
0x00007fffacf60000 - 0x00007fffad037000 	C:\WINDOWS\System32\OLEAUT32.dll
0x00007fff8e8f0000 - 0x00007fff8e922000 	C:\WINDOWS\SYSTEM32\dbgcore.DLL
0x00007fffabc60000 - 0x00007fffabcdb000 	C:\WINDOWS\System32\bcryptPrimitives.dll
0x00007fff88b10000 - 0x00007fff88b1e000 	c:\Users\thinkpad\.vscode\extensions\redhat.java-1.31.0-win32-x64\jre\17.0.11-win32-x86_64\bin\instrument.dll
0x00007fff73e00000 - 0x00007fff73e25000 	c:\Users\thinkpad\.vscode\extensions\redhat.java-1.31.0-win32-x64\jre\17.0.11-win32-x86_64\bin\java.dll
0x00007fff732d0000 - 0x00007fff732e8000 	c:\Users\thinkpad\.vscode\extensions\redhat.java-1.31.0-win32-x64\jre\17.0.11-win32-x86_64\bin\zip.dll

dbghelp: loaded successfully - version: 4.0.5 - missing functions: none
symbol engine: initialized successfully - sym options: 0x614 - pdb path: .;c:\Users\thinkpad\.vscode\extensions\redhat.java-1.31.0-win32-x64\jre\17.0.11-win32-x86_64\bin;C:\WINDOWS\SYSTEM32;C:\WINDOWS\WinSxS\amd64_microsoft.windows.common-controls_6595b64144ccf1df_6.0.22621.608_none_a9444ca7c10bb01d;c:\Users\thinkpad\.vscode\extensions\redhat.java-1.31.0-win32-x64\jre\17.0.11-win32-x86_64\bin\server

VM Arguments:
jvm_args: --add-modules=ALL-SYSTEM --add-opens=java.base/java.util=ALL-UNNAMED --add-opens=java.base/java.lang=ALL-UNNAMED --add-opens=java.base/sun.nio.fs=ALL-UNNAMED -Declipse.application=org.eclipse.jdt.ls.core.id1 -Dosgi.bundles.defaultStartLevel=4 -Declipse.product=org.eclipse.jdt.ls.core.product -Djava.import.generatesMetadataFilesAtProjectRoot=false -DDetectVMInstallationsJob.disabled=true -Dfile.encoding=utf8 -XX:+UseParallelGC -XX:GCTimeRatio=4 -XX:AdaptiveSizePolicyWeight=90 -Dsun.zip.disableMemoryMapping=true -Xmx1G -Xms100m -Xlog:disable -javaagent:c:\Users\thinkpad\.vscode\extensions\redhat.java-1.31.0-win32-x64\lombok\lombok-1.18.32.jar 
java_command: c:\Users\thinkpad\.vscode\extensions\redhat.java-1.31.0-win32-x64\server\plugins\org.eclipse.equinox.launcher_1.6.800.v20240513-1750.jar -configuration c:\Users\thinkpad\AppData\Roaming\Code\User\globalStorage\redhat.java\1.31.0\config_ss_win -data c:\Users\thinkpad\AppData\Roaming\Code\User\workspaceStorage\51565181f65691b3f7f12234beb67880\redhat.java\ss_ws --pipe=\\.\pipe\lsp-726e3a9d8e058a820840af244ee1b974-sock
java_class_path (initial): c:\Users\thinkpad\.vscode\extensions\redhat.java-1.31.0-win32-x64\server\plugins\org.eclipse.equinox.launcher_1.6.800.v20240513-1750.jar
Launcher Type: SUN_STANDARD

[Global flags]
    uintx AdaptiveSizePolicyWeight                 = 90                                        {product} {command line}
     intx CICompilerCount                          = 4                                         {product} {ergonomic}
    uintx GCTimeRatio                              = 4                                         {product} {command line}
   size_t InitialHeapSize                          = 104857600                                 {product} {command line}
   size_t MaxHeapSize                              = 1073741824                                {product} {command line}
   size_t MaxNewSize                               = 357564416                                 {product} {ergonomic}
   size_t MinHeapDeltaBytes                        = 524288                                    {product} {ergonomic}
   size_t MinHeapSize                              = 104857600                                 {product} {command line}
   size_t NewSize                                  = 34603008                                  {product} {ergonomic}
    uintx NonNMethodCodeHeapSize                   = 5839372                                {pd product} {ergonomic}
    uintx NonProfiledCodeHeapSize                  = 122909434                              {pd product} {ergonomic}
   size_t OldSize                                  = 70254592                                  {product} {ergonomic}
    uintx ProfiledCodeHeapSize                     = 122909434                              {pd product} {ergonomic}
    uintx ReservedCodeCacheSize                    = 251658240                              {pd product} {ergonomic}
     bool SegmentedCodeCache                       = true                                      {product} {ergonomic}
   size_t SoftMaxHeapSize                          = 1073741824                             {manageable} {ergonomic}
     bool UseCompressedClassPointers               = true                           {product lp64_product} {ergonomic}
     bool UseCompressedOops                        = true                           {product lp64_product} {ergonomic}
     bool UseLargePagesIndividualAllocation        = false                                  {pd product} {ergonomic}
     bool UseParallelGC                            = true                                      {product} {command line}

Logging:
Log output configuration:
 #0: stdout all=off uptime,level,tags
 #1: stderr all=off uptime,level,tags

Environment Variables:
JAVA_HOME=C:\Program Files\Java\jdk-11
PATH=C:\Program Files\Common Files\Oracle\Java\javapath;C:\WINDOWS\system32;C:\WINDOWS;C:\WINDOWS\System32\Wbem;C:\WINDOWS\System32\WindowsPowerShell\v1.0\;C:\WINDOWS\System32\OpenSSH\;C:\Program Files\Git\cmd;C:\xampp\php;C:\Program Files\Java\jdk-11\bin;C:\ProgramData\ComposerSetup\bin;C:\xampp\php;C:\Program Files\Docker\Docker\resources\bin;C:\Program Files\nodejs\;C:\Program Files\Java\jdk-21\bin;C:\Program Files\Java\jdk-11\bin;C:\Users\thinkpad\scoop\shims;C:\Program Files\Elixir\bin;C:\Program Files\Erlang OTP\bin;C:\Users\thinkpad\AppData\Local\Programs\Python\Python310\Scripts\;C:\Users\thinkpad\AppData\Local\Programs\Python\Python310\;C:\Users\thinkpad\AppData\Local\Microsoft\WindowsApps;C:\Users\thinkpad\AppData\Local\Programs\Microsoft VS Code\bin;C:\xampp\htdocs\server\php;C:\Users\thinkpad\AppData\Local\Programs\mongosh\;C:\Users\thinkpad\AppData\Roaming\Composer\vendor\bin;C:\Users\thinkpad\AppData\Roaming\npm
USERNAME=thinkpad
OS=Windows_NT
PROCESSOR_IDENTIFIER=Intel64 Family 6 Model 126 Stepping 5, GenuineIntel
TMP=C:\Users\thinkpad\AppData\Local\Temp
TEMP=C:\Users\thinkpad\AppData\Local\Temp



Periodic native trim disabled


---------------  S Y S T E M  ---------------

OS:
 Windows 11 , 64 bit Build 22621 (10.0.22621.755)
OS uptime: 0 days 1:48 hours
Hyper-V role detected

CPU: total 8 (initial active 8) (4 cores per cpu, 2 threads per core) family 6 model 126 stepping 5 microcode 0xa6, cx8, cmov, fxsr, ht, mmx, 3dnowpref, sse, sse2, sse3, ssse3, sse4.1, sse4.2, popcnt, lzcnt, tsc, tscinvbit, avx, avx2, aes, erms, clmul, bmi1, bmi2, adx, avx512f, avx512dq, avx512cd, avx512bw, avx512vl, sha, fma, vzeroupper, avx512_vpopcntdq, avx512_vpclmulqdq, avx512_vaes, avx512_vnni, clflush, clflushopt, avx512_vbmi2, avx512_vbmi, hv
Processor Information for all 8 processors :
  Max Mhz: 1190, Current Mhz: 991, Mhz Limit: 987

Memory: 4k page, system-wide physical 7997M (798M free)
TotalPageFile size 10045M (AvailPageFile size 111M)
current process WorkingSet (physical memory assigned to process): 16M, peak: 16M
current process commit charge ("private bytes"): 148M, peak: 149M

vm_info: OpenJDK 64-Bit Server VM (17.0.11+9) for windows-amd64 JRE (17.0.11+9), built on Apr 17 2024 06:07:48 by "admin" with MS VC++ 16.10 / 16.11 (VS2019)

END.
